Component: Arm Compiler for Embedded 6.22 Tool: armlink [5ee90200]

==============================================================================

Section Cross References

    startup_stm32f407xx.o(STACK) refers (Special) to heapauxi.o(.text) for __use_two_region_memory
    startup_stm32f407xx.o(HEAP) refers (Special) to heapauxi.o(.text) for __use_two_region_memory
    startup_stm32f407xx.o(RESET) refers (Special) to heapauxi.o(.text) for __use_two_region_memory
    startup_stm32f407xx.o(RESET) refers to startup_stm32f407xx.o(STACK) for __initial_sp
    startup_stm32f407xx.o(RESET) refers to startup_stm32f407xx.o(.text) for Reset_Handler
    startup_stm32f407xx.o(RESET) refers to stm32f4xx_it.o(.text.NMI_Handler) for NMI_Handler
    startup_stm32f407xx.o(RESET) refers to stm32f4xx_it.o(.text.HardFault_Handler) for HardFault_Handler
    startup_stm32f407xx.o(RESET) refers to stm32f4xx_it.o(.text.MemManage_Handler) for MemManage_Handler
    startup_stm32f407xx.o(RESET) refers to stm32f4xx_it.o(.text.BusFault_Handler) for BusFault_Handler
    startup_stm32f407xx.o(RESET) refers to stm32f4xx_it.o(.text.UsageFault_Handler) for UsageFault_Handler
    startup_stm32f407xx.o(RESET) refers to port.o(.text.SVC_Handler) for SVC_Handler
    startup_stm32f407xx.o(RESET) refers to stm32f4xx_it.o(.text.DebugMon_Handler) for DebugMon_Handler
    startup_stm32f407xx.o(RESET) refers to port.o(.text.PendSV_Handler) for PendSV_Handler
    startup_stm32f407xx.o(RESET) refers to stm32f4xx_it.o(.text.SysTick_Handler) for SysTick_Handler
    startup_stm32f407xx.o(RESET) refers to stm32f4xx_it.o(.text.CAN1_RX0_IRQHandler) for CAN1_RX0_IRQHandler
    startup_stm32f407xx.o(RESET) refers to stm32f4xx_it.o(.text.UART4_IRQHandler) for UART4_IRQHandler
    startup_stm32f407xx.o(RESET) refers to stm32f4xx_it.o(.text.TIM7_IRQHandler) for TIM7_IRQHandler
    startup_stm32f407xx.o(.text) refers (Special) to heapauxi.o(.text) for __use_two_region_memory
    startup_stm32f407xx.o(.text) refers to system_stm32f4xx.o(.text.SystemInit) for SystemInit
    startup_stm32f407xx.o(.text) refers to __main.o(!!!main) for __main
    startup_stm32f407xx.o(.text) refers to startup_stm32f407xx.o(HEAP) for Heap_Mem
    startup_stm32f407xx.o(.text) refers to startup_stm32f407xx.o(STACK) for Stack_Mem
    can.o(.text.MX_CAN1_Init) refers to can.o(.bss.hcan1) for hcan1
    can.o(.text.MX_CAN1_Init) refers to stm32f4xx_hal_can.o(.text.HAL_CAN_Init) for HAL_CAN_Init
    can.o(.text.MX_CAN1_Init) refers to main.o(.text.Error_Handler) for Error_Handler
    can.o(.ARM.exidx.text.MX_CAN1_Init) refers to can.o(.text.MX_CAN1_Init) for [Anonymous Symbol]
    can.o(.text.HAL_CAN_MspInit) refers to stm32f4xx_hal_gpio.o(.text.HAL_GPIO_Init) for HAL_GPIO_Init
    can.o(.text.HAL_CAN_MspInit) refers to stm32f4xx_hal_cortex.o(.text.HAL_NVIC_SetPriority) for HAL_NVIC_SetPriority
    can.o(.text.HAL_CAN_MspInit) refers to stm32f4xx_hal_cortex.o(.text.HAL_NVIC_EnableIRQ) for HAL_NVIC_EnableIRQ
    can.o(.ARM.exidx.text.HAL_CAN_MspInit) refers to can.o(.text.HAL_CAN_MspInit) for [Anonymous Symbol]
    can.o(.text.HAL_CAN_MspDeInit) refers to stm32f4xx_hal_gpio.o(.text.HAL_GPIO_DeInit) for HAL_GPIO_DeInit
    can.o(.text.HAL_CAN_MspDeInit) refers to stm32f4xx_hal_cortex.o(.text.HAL_NVIC_DisableIRQ) for HAL_NVIC_DisableIRQ
    can.o(.ARM.exidx.text.HAL_CAN_MspDeInit) refers to can.o(.text.HAL_CAN_MspDeInit) for [Anonymous Symbol]
    freertos.o(.text.vApplicationGetIdleTaskMemory) refers to freertos.o(.bss.xIdleTaskTCBBuffer) for xIdleTaskTCBBuffer
    freertos.o(.text.vApplicationGetIdleTaskMemory) refers to freertos.o(.bss.xIdleStack) for xIdleStack
    freertos.o(.ARM.exidx.text.vApplicationGetIdleTaskMemory) refers to freertos.o(.text.vApplicationGetIdleTaskMemory) for [Anonymous Symbol]
    freertos.o(.text.MX_FREERTOS_Init) refers to cmsis_os.o(.text.osThreadCreate) for osThreadCreate
    freertos.o(.text.MX_FREERTOS_Init) refers to freertos.o(.bss.defaultTaskHandle) for defaultTaskHandle
    freertos.o(.text.MX_FREERTOS_Init) refers to freertos.o(.bss.Task_InitHandle) for Task_InitHandle
    freertos.o(.text.MX_FREERTOS_Init) refers to freertos.o(.rodata.str1.1) for [Anonymous Symbol]
    freertos.o(.text.MX_FREERTOS_Init) refers to freertos.o(.text.StartDefaultTask) for StartDefaultTask
    freertos.o(.text.MX_FREERTOS_Init) refers to freertos.o(.text.task_remote) for task_remote
    freertos.o(.ARM.exidx.text.MX_FREERTOS_Init) refers to freertos.o(.text.MX_FREERTOS_Init) for [Anonymous Symbol]
    freertos.o(.text.StartDefaultTask) refers to cmsis_os.o(.text.osDelay) for osDelay
    freertos.o(.ARM.exidx.text.StartDefaultTask) refers to freertos.o(.text.StartDefaultTask) for [Anonymous Symbol]
    freertos.o(.ARM.exidx.text.task_remote) refers to freertos.o(.text.task_remote) for [Anonymous Symbol]
    gpio.o(.text.MX_GPIO_Init) refers to stm32f4xx_hal_gpio.o(.text.HAL_GPIO_WritePin) for HAL_GPIO_WritePin
[...]
    xYieldPending                            0x20004c00   Data           4  tasks.o(.bss.xYieldPending)
    [Anonymous Symbol]                       0x20004c00   Section        0  tasks.o(.bss.xYieldPending)
    Heap_Mem                                 0x20004c20   Data         512  startup_stm32f407xx.o(HEAP)
    HEAP                                     0x20004c20   Section      512  startup_stm32f407xx.o(HEAP)
    Stack_Mem                                0x20004e20   Data        1024  startup_stm32f407xx.o(STACK)
    STACK                                    0x20004e20   Section     1024  startup_stm32f407xx.o(STACK)
    __initial_sp                             0x20005220   Data           0  startup_stm32f407xx.o(STACK)

    Global Symbols

    Symbol Name                              Value     Ov Type        Size  Object(Section)

    BuildAttributes$$THM_ISAv4$E$P$D$K$B$S$7EM$VFPi3$EXTD16$VFPS$VFMA$PE$A:L22UL41UL21$X:L11$S22US41US21$IEEE1$IW$~IW$USESV6$~STKCKD$USESV7$~SHL$OTIME$ROPI$IEEEX$EBA8$UX$STANDARDLIB$REQ8$EABIv2 0x00000000   Number         0  anon$$obj.o ABSOLUTE
    SHT$$ARM_EXIDX$$Base                      - Undefined Reference
    SHT$$ARM_EXIDX$$Limit                     - Undefined Reference
    __ARM_exceptions_init                     - Undefined Weak Reference
    __alloca_initialize                       - Undefined Weak Reference
    __arm_find_exidx_section                  - Undefined Weak Reference
    __arm_preinit_                            - Undefined Weak Reference
    __arm_relocate_pie_                       - Undefined Weak Reference
    __cpp_initialize__aeabi_                  - Undefined Weak Reference
    __cxa_finalize                            - Undefined Weak Reference
    __rt_locale                               - Undefined Weak Reference
    __sigvec_lookup                           - Undefined Weak Reference
    _atexit_init                              - Undefined Weak Reference
    _call_atexit_fns                          - Undefined Weak Reference
    _clock_init                               - Undefined Weak Reference
    _fp_trap_init                             - Undefined Weak Reference
    _fp_trap_shutdown                         - Undefined Weak Reference
    _get_lc_collate                           - Undefined Weak Reference
    _get_lc_ctype                             - Undefined Weak Reference
    _get_lc_monetary                          - Undefined Weak Reference
    _get_lc_numeric                           - Undefined Weak Reference
    _get_lc_time                              - Undefined Weak Reference
    _getenv_init                              - Undefined Weak Reference
    _handle_redirection                       - Undefined Weak Reference
    _init_alloc                               - Undefined Weak Reference
    _init_user_alloc                          - Undefined Weak Reference
    _initio                                   - Undefined Weak Reference
    _rand_init                                - Undefined Weak Reference
    _signal_finish                            - Undefined Weak Reference
    _signal_init                              - Undefined Weak Reference
    _terminate_alloc                          - Undefined Weak Reference
    _terminate_user_alloc                     - Undefined Weak Reference
    _terminateio                              - Undefined Weak Reference
    __Vectors_Size                           0x00000188   Number         0  startup_stm32f407xx.o ABSOLUTE
    __Vectors                                0x08000000   Data           4  startup_stm32f407xx.o(RESET)
    __Vectors_End                            0x08000188   Data           0  startup_stm32f407xx.o(RESET)
    __main                                   0x08000189   Thumb Code     8  __main.o(!!!main)
    __scatterload                            0x08000191   Thumb Code     0  __scatter.o(!!!scatter)
    __scatterload_rt2                        0x08000191   Thumb Code    84  __scatter.o(!!!scatter)
    __scatterload_rt2_thumb_only             0x08000191   Thumb Code     0  __scatter.o(!!!scatter)
    __scatterload_loop                       0x0800019b   Thumb Code     0  __scatter.o(!!!scatter)
    __scatterload_copy                       0x080001ed   Thumb Code    26  __scatter_copy.o(!!handler_copy)
    __scatterload_null                       0x08000209   Thumb Code     2  __scatter.o(!!handler_null)
    __scatterload_zeroinit                   0x0800020d   Thumb Code    28  __scatter_zi.o(!!handler_zi)
    __rt_lib_init                            0x08000229   Thumb Code     0  libinit.o(.ARM.Collect$$libinit$$00000000)
    __rt_lib_init_fp_1                       0x0800022b   Thumb Code     0  libinit2.o(.ARM.Collect$$libinit$$00000001)
    __rt_lib_init_alloca_1                   0x0800022f   Thumb Code     0  libinit2.o(.ARM.Collect$$libinit$$00000030)
    __rt_lib_init_argv_1                     0x0800022f   Thumb Code     0  libinit2.o(.ARM.Collect$$libinit$$0000002E)
    __rt_lib_init_atexit_1                   0x0800022f   Thumb Code     0  libinit2.o(.ARM.Collect$$libinit$$0000001D)
    __rt_lib_init_clock_1                    0x0800022f   Thumb Code     0  libinit2.o(.ARM.Collect$$libinit$$00000023)
    __rt_lib_init_cpp_1                      0x0800022f   Thumb Code     0  libinit2.o(.ARM.Collect$$libinit$$00000034)
    __rt_lib_init_exceptions_1               0x0800022f   Thumb Code     0  libinit2.o(.ARM.Collect$$libinit$$00000032)
    __rt_lib_init_fp_trap_1                  0x0800022f   Thumb Code     0  libinit2.o(.ARM.Collect$$libinit$$00000021)
    __rt_lib_init_getenv_1                   0x0800022f   Thumb Code     0  libinit2.o(.ARM.Collect$$libinit$$00000025)
    __rt_lib_init_heap_1                     0x0800022f   Thumb Code     0  libinit2.o(.ARM.Collect$$libinit$$0000000C)
    __rt_lib_init_lc_collate_1               0x0800022f   Thumb Code     0  libinit2.o(.ARM.Collect$$libinit$$00000013)
    __rt_lib_init_lc_ctype_1                 0x0800022f   Thumb Code     0  libinit2.o(.ARM.Collect$$libinit$$00000015)
    __rt_lib_init_lc_monetary_1              0x0800022f   Thumb Code     0  libinit2.o(.ARM.Collect$$libinit$$00000017)
    __rt_lib_init_lc_numeric_1               0x0800022f   Thumb Code     0  libinit2.o(.ARM.Collect$$libinit$$00000019)
    __rt_lib_init_lc_time_1                  0x0800022f   Thumb Code     0  libinit2.o(.ARM.Collect$$libinit$$0000001B)
    __rt_lib_init_preinit_1                  0x0800022f   Thumb Code     0  libinit2.o(.ARM.Collect$$libinit$$00000006)
    __rt_lib_init_rand_1                     0x0800022f   Thumb Code     0  libinit2.o(.ARM.Collect$$libinit$$00000010)
    __rt_lib_init_relocate_pie_1             0x0800022f   Thumb Code     0  libinit2.o(.ARM.Collect$$libinit$$00000004)
    __rt_lib_init_return                     0x0800022f   Thumb Code     0  libinit2.o(.ARM.Collect$$libinit$$00000035)
    __rt_lib_init_signal_1                   0x0800022f   Thumb Code     0  libinit2.o(.ARM.Collect$$libinit$$0000001F)
    __rt_lib_init_stdio_1                    0x0800022f   Thumb Code     0  libinit2.o(.ARM.Collect$$libinit$$00000027)
    __rt_lib_init_user_alloc_1               0x0800022f   Thumb Code     0  libinit2.o(.ARM.Collect$$libinit$$0000000E)
    __rt_lib_shutdown                        0x08000231   Thumb Code     0  libshutdown.o(.ARM.Collect$$libshutdown$$00000000)
    __rt_lib_shutdown_cpp_1                  0x08000233   Thumb Code     0  libshutdown2.o(.ARM.Collect$$libshutdown$$00000002)
    __rt_lib_shutdown_fp_trap_1              0x08000233   Thumb Code     0  libshutdown2.o(.ARM.Collect$$libshutdown$$00000007)
    __rt_lib_shutdown_heap_1                 0x08000233   Thumb Code     0  libshutdown2.o(.ARM.Collect$$libshutdown$$0000000F)
    __rt_lib_shutdown_return                 0x08000233   Thumb Code     0  libshutdown2.o(.ARM.Collect$$libshutdown$$00000010)
    __rt_lib_shutdown_signal_1               0x08000233   Thumb Code     0  libshutdown2.o(.ARM.Collect$$libshutdown$$0000000A)
    __rt_lib_shutdown_stdio_1                0x08000233   Thumb Code     0  libshutdown2.o(.ARM.Collect$$libshutdown$$00000004)
    __rt_lib_shutdown_user_alloc_1           0x08000233   Thumb Code     0  libshutdown2.o(.ARM.Collect$$libshutdown$$0000000C)
    __rt_entry                               0x08000235   Thumb Code     0  __rtentry.o(.ARM.Collect$$rtentry$$00000000)
    __rt_entry_presh_1                       0x08000235   Thumb Code     0  __rtentry2.o(.ARM.Collect$$rtentry$$00000002)
    __rt_entry_sh                            0x08000235   Thumb Code     0  __rtentry4.o(.ARM.Collect$$rtentry$$00000004)
    __rt_entry_li                            0x0800023b   Thumb Code     0  __rtentry2.o(.ARM.Collect$$rtentry$$0000000A)
    __rt_entry_postsh_1                      0x0800023b   Thumb Code     0  __rtentry2.o(.ARM.Collect$$rtentry$$00000009)
    __rt_entry_main                          0x0800023f   Thumb Code     0  __rtentry2.o(.ARM.Collect$$rtentry$$0000000D)
    __rt_entry_postli_1                      0x0800023f   Thumb Code     0  __rtentry2.o(.ARM.Collect$$rtentry$$0000000C)
    __rt_exit                                0x08000247   Thumb Code     0  rtexit.o(.ARM.Collect$$rtexit$$00000000)
    __rt_exit_ls                             0x08000249   Thumb Code     0  rtexit2.o(.ARM.Collect$$rtexit$$00000003)
    __rt_exit_prels_1                        0x08000249   Thumb Code     0  rtexit2.o(.ARM.Collect$$rtexit$$00000002)
    __rt_exit_exit                           0x0800024d   Thumb Code     0  rtexit2.o(.ARM.Collect$$rtexit$$00000004)
    Reset_Handler                            0x08000255   Thumb Code     8  startup_stm32f407xx.o(.text)
    ADC_IRQHandler                           0x0800026f   Thumb Code     0  startup_stm32f407xx.o(.text)
    CAN1_RX1_IRQHandler                      0x0800026f   Thumb Code     0  startup_stm32f407xx.o(.text)
    CAN1_SCE_IRQHandler                      0x0800026f   Thumb Code     0  startup_stm32f407xx.o(.text)
    CAN1_TX_IRQHandler                       0x0800026f   Thumb Code     0  startup_stm32f407xx.o(.text)
    CAN2_RX0_IRQHandler                      0x0800026f   Thumb Code     0  startup_stm32f407xx.o(.text)
    CAN2_RX1_IRQHandler                      0x0800026f   Thumb Code     0  startup_stm32f407xx.o(.text)
    CAN2_SCE_IRQHandler                      0x0800026f   Thumb Code     0  startup_stm32f407xx.o(.text)
    CAN2_TX_IRQHandler                       0x0800026f   Thumb Code     0  startup_stm32f407xx.o(.text)
    DCMI_IRQHandler                          0x0800026f   Thumb Code     0  startup_stm32f407xx.o(.text)
    DMA1_Stream0_IRQHandler                  0x0800026f   Thumb Code     0  startup_stm32f407xx.o(.text)
    DMA1_Stream1_IRQHandler                  0x0800026f   Thumb Code     0  startup_stm32f407xx.o(.text)
    DMA1_Stream2_IRQHandler                  0x0800026f   Thumb Code     0  startup_stm32f407xx.o(.text)
    DMA1_Stream3_IRQHandler                  0x0800026f   Thumb Code     0  startup_stm32f407xx.o(.text)
    DMA1_Stream4_IRQHandler                  0x0800026f   Thumb Code     0  startup_stm32f407xx.o(.text)
    DMA1_Stream5_IRQHandler                  0x0800026f   Thumb Code     0  startup_stm32f407xx.o(.text)
    DMA1_Stream6_IRQHandler                  0x0800026f   Thumb Code     0  startup_stm32f407xx.o(.text)
    DMA1_Stream7_IRQHandler                  0x0800026f   Thumb Code     0  startup_stm32f407xx.o(.text)
    DMA2_Stream0_IRQHandler                  0x0800026f   Thumb Code     0  startup_stm32f407xx.o(.text)
    DMA2_Stream1_IRQHandler                  0x0800026f   Thumb Code     0  startup_stm32f407xx.o(.text)
    DMA2_Stream2_IRQHandler                  0x0800026f   Thumb Code     0  startup_stm32f407xx.o(.text)
    DMA2_Stream3_IRQHandler                  0x0800026f   Thumb Code     0  startup_stm32f407xx.o(.text)
    DMA2_Stream4_IRQHandler                  0x0800026f   Thumb Code     0  startup_stm32f407xx.o(.text)
    DMA2_Stream5_IRQHandler                  0x0800026f   Thumb Code     0  startup_stm32f407xx.o(.text)
    DMA2_Stream6_IRQHandler                  0x0800026f   Thumb Code     0  startup_stm32f407xx.o(.text)
    DMA2_Stream7_IRQHandler                  0x0800026f   Thumb Code     0  startup_stm32f407xx.o(.text)
    ETH_IRQHandler                           0x0800026f   Thumb Code     0  startup_stm32f407xx.o(.text)
    ETH_WKUP_IRQHandler                      0x0800026f   Thumb Code     0  startup_stm32f407xx.o(.text)
    EXTI0_IRQHandler                         0x0800026f   Thumb Code     0  startup_stm32f407xx.o(.text)
    EXTI15_10_IRQHandler                     0x0800026f   Thumb Code     0  startup_stm32f407xx.o(.text)
    EXTI1_IRQHandler                         0x0800026f   Thumb Code     0  startup_stm32f407xx.o(.text)
    EXTI2_IRQHandler                         0x0800026f   Thumb Code     0  startup_stm32f407xx.o(.text)
    EXTI3_IRQHandler                         0x0800026f   Thumb Code     0  startup_stm32f407xx.o(.text)
    EXTI4_IRQHandler                         0x0800026f   Thumb Code     0  startup_stm32f407xx.o(.text)
    EXTI9_5_IRQHandler                       0x0800026f   Thumb Code     0  startup_stm32f407xx.o(.text)
    FLASH_IRQHandler                         0x0800026f   Thumb Code     0  startup_stm32f407xx.o(.text)
    FMC_IRQHandler                           0x0800026f   Thumb Code     0  startup_stm32f407xx.o(.text)
    FPU_IRQHandler                           0x0800026f   Thumb Code     0  startup_stm32f407xx.o(.text)
    HASH_RNG_IRQHandler                      0x0800026f   Thumb Code     0  startup_stm32f407xx.o(.text)
    I2C1_ER_IRQHandler                       0x0800026f   Thumb Code     0  startup_stm32f407xx.o(.text)
    I2C1_EV_IRQHandler                       0x0800026f   Thumb Code     0  startup_stm32f407xx.o(.text)
    I2C2_ER_IRQHandler                       0x0800026f   Thumb Code     0  startup_stm32f407xx.o(.text)
    I2C2_EV_IRQHandler                       0x0800026f   Thumb Code     0  startup_stm32f407xx.o(.text)
    I2C3_ER_IRQHandler                       0x0800026f   Thumb Code     0  startup_stm32f407xx.o(.text)
    I2C3_EV_IRQHandler                       0x0800026f   Thumb Code     0  startup_stm32f407xx.o(.text)
    OTG_FS_IRQHandler                        0x0800026f   Thumb Code     0  startup_stm32f407xx.o(.text)
    OTG_FS_WKUP_IRQHandler                   0x0800026f   Thumb Code     0  startup_stm32f407xx.o(.text)
    OTG_HS_EP1_IN_IRQHandler                 0x0800026f   Thumb Code     0  startup_stm32f407xx.o(.text)
    OTG_HS_EP1_OUT_IRQHandler                0x0800026f   Thumb Code     0  startup_stm32f407xx.o(.text)
    OTG_HS_IRQHandler                        0x0800026f   Thumb Code     0  startup_stm32f407xx.o(.text)
    OTG_HS_WKUP_IRQHandler                   0x0800026f   Thumb Code     0  startup_stm32f407xx.o(.text)
    PVD_IRQHandler                           0x0800026f   Thumb Code     0  startup_stm32f407xx.o(.text)
    RCC_IRQHandler                           0x0800026f   Thumb Code     0  startup_stm32f407xx.o(.text)
    RTC_Alarm_IRQHandler                     0x0800026f   Thumb Code     0  startup_stm32f407xx.o(.text)
    RTC_WKUP_IRQHandler                      0x0800026f   Thumb Code     0  startup_stm32f407xx.o(.text)
    SDIO_IRQHandler                          0x0800026f   Thumb Code     0  startup_stm32f407xx.o(.text)
    SPI1_IRQHandler                          0x0800026f   Thumb Code     0  startup_stm32f407xx.o(.text)
    SPI2_IRQHandler                          0x0800026f   Thumb Code     0  startup_stm32f407xx.o(.text)
    SPI3_IRQHandler                          0x0800026f   Thumb Code     0  startup_stm32f407xx.o(.text)
    TAMP_STAMP_IRQHandler                    0x0800026f   Thumb Code     0  startup_stm32f407xx.o(.text)
    TIM1_BRK_TIM9_IRQHandler                 0x0800026f   Thumb Code     0  startup_stm32f407xx.o(.text)
    TIM1_CC_IRQHandler                       0x0800026f   Thumb Code     0  startup_stm32f407xx.o(.text)
    TIM1_TRG_COM_TIM11_IRQHandler            0x0800026f   Thumb Code     0  startup_stm32f407xx.o(.text)
    TIM1_UP_TIM10_IRQHandler                 0x0800026f   Thumb Code     0  startup_stm32f407xx.o(.text)
    TIM2_IRQHandler                          0x0800026f   Thumb Code     0  startup_stm32f407xx.o(.text)
    TIM3_IRQHandler                          0x0800026f   Thumb Code     0  startup_stm32f407xx.o(.text)
    TIM4_IRQHandler                          0x0800026f   Thumb Code     0  startup_stm32f407xx.o(.text)
    TIM5_IRQHandler                          0x0800026f   Thumb Code     0  startup_stm32f407xx.o(.text)
    TIM6_DAC_IRQHandler                      0x0800026f   Thumb Code     0  startup_stm32f407xx.o(.text)
    TIM8_BRK_TIM12_IRQHandler                0x0800026f   Thumb Code     0  startup_stm32f407xx.o(.text)
    TIM8_CC_IRQHandler                       0x0800026f   Thumb Code     0  startup_stm32f407xx.o(.text)
    TIM8_TRG_COM_TIM14_IRQHandler            0x0800026f   Thumb Code     0  startup_stm32f407xx.o(.text)
    TIM8_UP_TIM13_IRQHandler                 0x0800026f   Thumb Code     0  startup_stm32f407xx.o(.text)
    UART5_IRQHandler                         0x0800026f   Thumb Code     0  startup_stm32f407xx.o(.text)
    USART1_IRQHandler                        0x0800026f   Thumb Code     0  startup_stm32f407xx.o(.text)
    USART2_IRQHandler                        0x0800026f   Thumb Code     0  startup_stm32f407xx.o(.text)
    USART3_IRQHandler                        0x0800026f   Thumb Code     0  startup_stm32f407xx.o(.text)
    USART6_IRQHandler                        0x0800026f   Thumb Code     0  startup_stm32f407xx.o(.text)
    WWDG_IRQHandler                          0x0800026f   Thumb Code     0  startup_stm32f407xx.o(.text)
    __user_initial_stackheap                 0x08000271   Thumb Code     0  startup_stm32f407xx.o(.text)
    __aeabi_uldivmod                         0x08000295   Thumb Code     0  lludivv7m.o(.text)
    _ll_udiv                                 0x08000295   Thumb Code   240  lludivv7m.o(.text)
    __aeabi_memclr4                          0x08000385   Thumb Code     0  rt_memclr_w.o(.text)
    __aeabi_memclr8                          0x08000385   Thumb Code     0  rt_memclr_w.o(.text)
    __rt_memclr_w                            0x08000385   Thumb Code     0  rt_memclr_w.o(.text)
    _memset_w                                0x08000389   Thumb Code    74  rt_memclr_w.o(.text)
    __use_two_region_memory                  0x080003d3   Thumb Code     2  heapauxi.o(.text)
    __rt_heap_escrow$2region                 0x080003d5   Thumb Code     2  heapauxi.o(.text)
    __rt_heap_expand$2region                 0x080003d7   Thumb Code     2  heapauxi.o(.text)
    __read_errno                             0x080003d9   Thumb Code    10  _rserrno.o(.text)
    __set_errno                              0x080003e3   Thumb Code    12  _rserrno.o(.text)
    _sys_exit                                0x080003f1   Thumb Code     8  sys_exit.o(.text)
    __aeabi_errno_addr                       0x080003fd   Thumb Code     8  rt_errno_addr_intlibspace.o(.text)
    __errno$intlibspace                      0x080003fd   Thumb Code     0  rt_errno_addr_intlibspace.o(.text)
    __rt_errno_addr$intlibspace              0x080003fd   Thumb Code     0  rt_errno_addr_intlibspace.o(.text)
    __user_libspace                          0x08000405   Thumb Code     8  libspace.o(.text)
    __user_perproc_libspace                  0x08000405   Thumb Code     0  libspace.o(.text)
    __user_perthread_libspace                0x08000405   Thumb Code     0  libspace.o(.text)
    __I$use$semihosting                      0x0800040d   Thumb Code     0  use_no_semi.o(.text)
    __use_no_semihosting_swi                 0x0800040d   Thumb Code     2  use_no_semi.o(.text)
    __semihosting_library_function           0x0800040f   Thumb Code     0  indicate_semi.o(.text)
    __user_setup_stackheap                   0x0800040f   Thumb Code    74  sys_stackheap_outer.o(.text)
    exit                                     0x08000459   Thumb Code    18  exit.o(.text)
    BusFault_Handler                         0x0800046d   Thumb Code     2  stm32f4xx_it.o(.text.BusFault_Handler)
    CAN1_RX0_IRQHandler                      0x08000471   Thumb Code    12  stm32f4xx_it.o(.text.CAN1_RX0_IRQHandler)
    DebugMon_Handler                         0x0800047d   Thumb Code     2  stm32f4xx_it.o(.text.DebugMon_Handler)
    Error_Handler                            0x08000481   Thumb Code     6  main.o(.text.Error_Handler)
    HAL_CAN_ActivateNotification             0x08000489   Thumb Code    38  stm32f4xx_hal_can.o(.text.HAL_CAN_ActivateNotification)
    HAL_CAN_AddTxMessage                     0x080004b1   Thumb Code   148  stm32f4xx_hal_can.o(.text.HAL_CAN_AddTxMessage)
    HAL_CAN_ConfigFilter                     0x08000545   Thumb Code   222  stm32f4xx_hal_can.o(.text.HAL_CAN_ConfigFilter)
    HAL_CAN_ErrorCallback                    0x08000625   Thumb Code     2  stm32f4xx_hal_can.o(.text.HAL_CAN_ErrorCallback)
    HAL_CAN_GetRxMessage                     0x08000629   Thumb Code   284  stm32f4xx_hal_can.o(.text.HAL_CAN_GetRxMessage)
    HAL_CAN_IRQHandler                       0x08000745   Thumb Code   578  stm32f4xx_hal_can.o(.text.HAL_CAN_IRQHandler)
    HAL_CAN_Init                             0x08000989   Thumb Code   244  stm32f4xx_hal_can.o(.text.HAL_CAN_Init)
    HAL_CAN_MspInit                          0x08000a7d   Thumb Code   132  can.o(.text.HAL_CAN_MspInit)
    HAL_CAN_RxFifo0FullCallback              0x08000b01   Thumb Code     2  stm32f4xx_hal_can.o(.text.HAL_CAN_RxFifo0FullCallback)
    HAL_CAN_RxFifo0MsgPendingCallback        0x08000b05   Thumb Code   328  can_receive.o(.text.HAL_CAN_RxFifo0MsgPendingCallback)
    HAL_CAN_RxFifo1FullCallback              0x08000c4d   Thumb Code     2  stm32f4xx_hal_can.o(.text.HAL_CAN_RxFifo1FullCallback)
    HAL_CAN_RxFifo1MsgPendingCallback        0x08000c51   Thumb Code     2  stm32f4xx_hal_can.o(.text.HAL_CAN_RxFifo1MsgPendingCallback)
    HAL_CAN_SleepCallback                    0x08000c55   Thumb Code     2  stm32f4xx_hal_can.o(.text.HAL_CAN_SleepCallback)
    HAL_CAN_Start                            0x08000c59   Thumb Code    90  stm32f4xx_hal_can.o(.text.HAL_CAN_Start)
    HAL_CAN_TxMailbox0AbortCallback          0x08000cb5   Thumb Code     2  stm32f4xx_hal_can.o(.text.HAL_CAN_TxMailbox0AbortCallback)
    HAL_CAN_TxMailbox0CompleteCallback       0x08000cb9   Thumb Code     2  stm32f4xx_hal_can.o(.text.HAL_CAN_TxMailbox0CompleteCallback)
    HAL_CAN_TxMailbox1AbortCallback          0x08000cbd   Thumb Code     2  stm32f4xx_hal_can.o(.text.HAL_CAN_TxMailbox1AbortCallback)
    HAL_CAN_TxMailbox1CompleteCallback       0x08000cc1   Thumb Code     2  stm32f4xx_hal_can.o(.text.HAL_CAN_TxMailbox1CompleteCallback)
    HAL_CAN_TxMailbox2AbortCallback          0x08000cc5   Thumb Code     2  stm32f4xx_hal_can.o(.text.HAL_CAN_TxMailbox2AbortCallback)
    HAL_CAN_TxMailbox2CompleteCallback       0x08000cc9   Thumb Code     2  stm32f4xx_hal_can.o(.text.HAL_CAN_TxMailbox2CompleteCallback)
    HAL_CAN_WakeUpFromRxMsgCallback          0x08000ccd   Thumb Code     2  stm32f4xx_hal_can.o(.text.HAL_CAN_WakeUpFromRxMsgCallback)
    HAL_DMA_Abort                            0x08000cd1   Thumb Code   128  stm32f4xx_hal_dma.o(.text.HAL_DMA_Abort)
    HAL_DMA_Abort_IT                         0x08000d51   Thumb Code    36  stm32f4xx_hal_dma.o(.text.HAL_DMA_Abort_IT)
    HAL_Delay                                0x08000d75   Thumb Code   148  bsp_delay.o(.text.HAL_Delay)
    HAL_GPIO_Init                            0x08000e09   Thumb Code   404  stm32f4xx_hal_gpio.o(.text.HAL_GPIO_Init)
    HAL_GPIO_WritePin                        0x08000f9d   Thumb Code    10  stm32f4xx_hal_gpio.o(.text.HAL_GPIO_WritePin)
    HAL_GetTick                              0x08000fa9   Thumb Code    12  stm32f4xx_hal.o(.text.HAL_GetTick)
    HAL_IncTick                              0x08000fb5   Thumb Code    26  stm32f4xx_hal.o(.text.HAL_IncTick)
    HAL_Init                                 0x08000fd1   Thumb Code    54  stm32f4xx_hal.o(.text.HAL_Init)
    HAL_InitTick                             0x08001009   Thumb Code    80  stm32f4xx_hal.o(.text.HAL_InitTick)
    HAL_MspInit                              0x08001059   Thumb Code    66  stm32f4xx_hal_msp.o(.text.HAL_MspInit)
    HAL_NVIC_EnableIRQ                       0x0800109d   Thumb Code    34  stm32f4xx_hal_cortex.o(.text.HAL_NVIC_EnableIRQ)
    HAL_NVIC_SetPriority                     0x080010c1   Thumb Code    86  stm32f4xx_hal_cortex.o(.text.HAL_NVIC_SetPriority)
    HAL_NVIC_SetPriorityGrouping             0x08001119   Thumb Code    32  stm32f4xx_hal_cortex.o(.text.HAL_NVIC_SetPriorityGrouping)
    HAL_RCC_ClockConfig                      0x08001139   Thumb Code   352  stm32f4xx_hal_rcc.o(.text.HAL_RCC_ClockConfig)
    HAL_RCC_GetPCLK1Freq                     0x08001299   Thumb Code    38  stm32f4xx_hal_rcc.o(.text.HAL_RCC_GetPCLK1Freq)
    HAL_RCC_GetPCLK2Freq                     0x080012c1   Thumb Code    38  stm32f4xx_hal_rcc.o(.text.HAL_RCC_GetPCLK2Freq)
    HAL_RCC_GetSysClockFreq                  0x080012e9   Thumb Code   104  stm32f4xx_hal_rcc.o(.text.HAL_RCC_GetSysClockFreq)
    HAL_RCC_OscConfig                        0x08001351   Thumb Code   860  stm32f4xx_hal_rcc.o(.text.HAL_RCC_OscConfig)
    HAL_SPI_Init                             0x080016ad   Thumb Code   176  stm32f4xx_hal_spi.o(.text.HAL_SPI_Init)
    HAL_SPI_MspInit                          0x0800175d   Thumb Code   114  spi.o(.text.HAL_SPI_MspInit)
    HAL_SPI_TransmitReceive                  0x080017d1   Thumb Code   598  stm32f4xx_hal_spi.o(.text.HAL_SPI_TransmitReceive)
    HAL_SYSTICK_CLKSourceConfig              0x08001a29   Thumb Code    24  stm32f4xx_hal_cortex.o(.text.HAL_SYSTICK_CLKSourceConfig)
    HAL_SYSTICK_Config                       0x08001a41   Thumb Code    44  stm32f4xx_hal_cortex.o(.text.HAL_SYSTICK_Config)
    HAL_TIMEx_BreakCallback                  0x08001a6d   Thumb Code     2  stm32f4xx_hal_tim_ex.o(.text.HAL_TIMEx_BreakCallback)
    HAL_TIMEx_CommutCallback                 0x08001a71   Thumb Code     2  stm32f4xx_hal_tim_ex.o(.text.HAL_TIMEx_CommutCallback)
    HAL_TIMEx_MasterConfigSynchronization    0x08001a75   Thumb Code   188  stm32f4xx_hal_tim_ex.o(.text.HAL_TIMEx_MasterConfigSynchronization)
    HAL_TIM_Base_Init                        0x08001b31   Thumb Code    90  stm32f4xx_hal_tim.o(.text.HAL_TIM_Base_Init)
    HAL_TIM_Base_MspInit                     0x08001b8d   Thumb Code    72  tim.o(.text.HAL_TIM_Base_MspInit)
    HAL_TIM_Base_Start_IT                    0x08001bd5   Thumb Code   168  stm32f4xx_hal_tim.o(.text.HAL_TIM_Base_Start_IT)
    HAL_TIM_IC_CaptureCallback               0x08001c7d   Thumb Code     2  stm32f4xx_hal_tim.o(.text.HAL_TIM_IC_CaptureCallback)
    HAL_TIM_IRQHandler                       0x08001c81   Thumb Code   330  stm32f4xx_hal_tim.o(.text.HAL_TIM_IRQHandler)
    HAL_TIM_OC_DelayElapsedCallback          0x08001dcd   Thumb Code     2  stm32f4xx_hal_tim.o(.text.HAL_TIM_OC_DelayElapsedCallback)
    HAL_TIM_PWM_PulseFinishedCallback        0x08001dd1   Thumb Code     2  stm32f4xx_hal_tim.o(.text.HAL_TIM_PWM_PulseFinishedCallback)
    HAL_TIM_PeriodElapsedCallback            0x08001dd5   Thumb Code    86  timer_user.o(.text.HAL_TIM_PeriodElapsedCallback)
    HAL_TIM_TriggerCallback                  0x08001e2d   Thumb Code     2  stm32f4xx_hal_tim.o(.text.HAL_TIM_TriggerCallback)
    HAL_UARTEx_RxEventCallback               0x08001e31   Thumb Code     2  stm32f4xx_hal_uart.o(.text.HAL_UARTEx_RxEventCallback)
    HAL_UART_ErrorCallback                   0x08001e35   Thumb Code     2  stm32f4xx_hal_uart.o(.text.HAL_UART_ErrorCallback)
    HAL_UART_IRQHandler                      0x08001e39   Thumb Code   770  stm32f4xx_hal_uart.o(.text.HAL_UART_IRQHandler)
    HAL_UART_Init                            0x0800213d   Thumb Code    96  stm32f4xx_hal_uart.o(.text.HAL_UART_Init)
    HAL_UART_MspInit                         0x0800219d   Thumb Code   132  usart.o(.text.HAL_UART_MspInit)
    HAL_UART_Receive_IT                      0x08002221   Thumb Code    84  stm32f4xx_hal_uart.o(.text.HAL_UART_Receive_IT)
    HAL_UART_RxCpltCallback                  0x08002275   Thumb Code    30  bsp_uart.o(.text.HAL_UART_RxCpltCallback)
    HAL_UART_TxCpltCallback                  0x08002295   Thumb Code     2  stm32f4xx_hal_uart.o(.text.HAL_UART_TxCpltCallback)
    HardFault_Handler                        0x08002299   Thumb Code     2  stm32f4xx_it.o(.text.HardFault_Handler)
    MX_CAN1_Init                             0x0800229d   Thumb Code    64  can.o(.text.MX_CAN1_Init)
    MX_FREERTOS_Init                         0x080022dd   Thumb Code    92  freertos.o(.text.MX_FREERTOS_Init)
    MX_GPIO_Init                             0x08002371   Thumb Code   236  gpio.o(.text.MX_GPIO_Init)
    MX_SPI1_Init                             0x0800245d   Thumb Code    76  spi.o(.text.MX_SPI1_Init)
    MX_TIM7_Init                             0x080024a9   Thumb Code    82  tim.o(.text.MX_TIM7_Init)
    MX_UART4_Init                            0x080024fd   Thumb Code    60  usart.o(.text.MX_UART4_Init)
    MemManage_Handler                        0x08002539   Thumb Code     2  stm32f4xx_it.o(.text.MemManage_Handler)
    NMI_Handler                              0x0800253d   Thumb Code     2  stm32f4xx_it.o(.text.NMI_Handler)
    NRF24L01_Check                           0x08002541   Thumb Code   268  nrf.o(.text.NRF24L01_Check)
    NRF24L01_Init                            0x0800264d   Thumb Code    74  nrf.o(.text.NRF24L01_Init)
    NRF24L01_RX_Mode                         0x08002699   Thumb Code   562  nrf.o(.text.NRF24L01_RX_Mode)
    NRF24L01_RxPacket                        0x080028cd   Thumb Code   368  nrf.o(.text.NRF24L01_RxPacket)
    PendSV_Handler                           0x08002a41   Thumb Code   100  port.o(.text.PendSV_Handler)
    SVC_Handler                              0x08002b91   Thumb Code    36  port.o(.text.SVC_Handler)
    StartDefaultTask                         0x08002bb5   Thumb Code     8  freertos.o(.text.StartDefaultTask)
    SysTick_Handler                          0x08002bbd   Thumb Code    24  stm32f4xx_it.o(.text.SysTick_Handler)
    SystemClock_Config                       0x08002bd5   Thumb Code   170  main.o(.text.SystemClock_Config)
    SystemInit                               0x08002c81   Thumb Code    18  system_stm32f4xx.o(.text.SystemInit)
    TIM7_IRQHandler                          0x08002c95   Thumb Code    12  stm32f4xx_it.o(.text.TIM7_IRQHandler)
    TIM_Base_SetConfig                       0x08002ca1   Thumb Code   308  stm32f4xx_hal_tim.o(.text.TIM_Base_SetConfig)
    UART4_IRQHandler                         0x08002dd5   Thumb Code    36  stm32f4xx_it.o(.text.UART4_IRQHandler)
    UsageFault_Handler                       0x08002fa5   Thumb Code     2  stm32f4xx_it.o(.text.UsageFault_Handler)
    ReceivefromMapan(unsigned char)          0x08002fa9   Thumb Code   572  odometer.o(.text._Z16ReceivefromMapanh)
    PID_Controller::All_Device_Init()        0x080031e5   Thumb Code   240  pid_user.o(.text._ZN14PID_Controller15All_Device_InitEv)
    PID_Controller::CORE::PID_Calc(pid_type_def*, float, float) 0x080032f1   Thumb Code   328  pid.o(.text._ZN14PID_Controller4CORE8PID_CalcEP12pid_type_defff)
    PID_Controller::CORE::PID_Init(pid_type_def*, unsigned char, float const*, float, float) 0x0800343d   Thumb Code    46  pid.o(.text._ZN14PID_Controller4CORE8PID_InitEP12pid_type_defhPKfff)
    PID_Controller::CAN_MOTOR::CAN1_Velocity_Realize(float, int) 0x0800346d   Thumb Code    72  pid_user.o(.text._ZN14PID_Controller9CAN_MOTOR21CAN1_Velocity_RealizeEfi)
    PID_Controller::CAN_MOTOR::GM6020_VP_Dual_Loop_Realize(float, int) 0x080034b5   Thumb Code   136  pid_user.o(.text._ZN14PID_Controller9CAN_MOTOR27GM6020_VP_Dual_Loop_RealizeEfi)
    ROBOT::CHASSIC::Angle_Calc(float, float) 0x08003541   Thumb Code   224  chassic.o(.text._ZN5ROBOT7CHASSIC10Angle_CalcEff)
    ROBOT::CHASSIC::Chassic_Move()           0x0800363d   Thumb Code   244  chassic.o(.text._ZN5ROBOT7CHASSIC12Chassic_MoveEv)
    ROBOT::CHASSIC::chassic_Init()           0x0800373d   Thumb Code   196  chassic.o(.text._ZN5ROBOT7CHASSIC12chassic_InitEv)
    ROBOT::CHASSIC::Helm_Move_Calc(float, float, float) 0x08003811   Thumb Code   400  chassic.o(.text._ZN5ROBOT7CHASSIC14Helm_Move_CalcEfff)
    CAN_BUS::BSP::Filter_Init(CAN_HandleTypeDef*) 0x080039b9   Thumb Code    68  bsp_can.o(.text._ZN7CAN_BUS3BSP11Filter_InitEP17CAN_HandleTypeDef)
    CAN_BUS::BSP::CAN_Start(CAN_HandleTypeDef*) 0x080039fd   Thumb Code    40  bsp_can.o(.text._ZN7CAN_BUS3BSP9CAN_StartEP17CAN_HandleTypeDef)
    CAN_BUS::CMD::CAN1_Front_gm3508(short, short, short, short) 0x08003a25   Thumb Code    88  can_receive.o(.text._ZN7CAN_BUS3CMD17CAN1_Front_gm3508Essss)
    CAN_BUS::CMD::CAN1_Behind_gm6020(short, short, short, short) 0x08003a7d   Thumb Code    88  can_receive.o(.text._ZN7CAN_BUS3CMD18CAN1_Behind_gm6020Essss)
    BSP_Delay::F4::Init(unsigned short)      0x08003ad5   Thumb Code    22  bsp_delay.o(.text._ZN9BSP_Delay2F44InitEt)
    decode                                   0x08003aed   Thumb Code    86  nrf.o(.text.decode)
    main                                     0x08003b45   Thumb Code    42  main.o(.text.main)
    osDelay                                  0x08003b71   Thumb Code    16  cmsis_os.o(.text.osDelay)
    osKernelStart                            0x08003b81   Thumb Code    10  cmsis_os.o(.text.osKernelStart)
    osThreadCreate                           0x08003b8d   Thumb Code    94  cmsis_os.o(.text.osThreadCreate)
    pvPortMalloc                             0x08003dfd   Thumb Code   412  heap_4.o(.text.pvPortMalloc)
    pxPortInitialiseStack                    0x08003f99   Thumb Code    36  port.o(.text.pxPortInitialiseStack)
    startup_main                             0x08003fbd   Thumb Code   158  startup_main.o(.text.startup_main)
    task_remote                              0x0800405d   Thumb Code     2  freertos.o(.text.task_remote)
    uxListRemove                             0x08004061   Thumb Code    36  list.o(.text.uxListRemove)
    vApplicationGetIdleTaskMemory            0x08004085   Thumb Code    26  freertos.o(.text.vApplicationGetIdleTaskMemory)
    vListInitialise                          0x080040a1   Thumb Code    22  list.o(.text.vListInitialise)
    vListInitialiseItem                      0x080040b9   Thumb Code     6  list.o(.text.vListInitialiseItem)
    vListInsert                              0x080040c1   Thumb Code    58  list.o(.text.vListInsert)
    vListInsertEnd                           0x080040fd   Thumb Code    28  list.o(.text.vListInsertEnd)
    vPortEnterCritical                       0x0800412d   Thumb Code    70  port.o(.text.vPortEnterCritical)
    vPortExitCritical                        0x08004175   Thumb Code    46  port.o(.text.vPortExitCritical)
    vPortFree                                0x080041a5   Thumb Code   214  heap_4.o(.text.vPortFree)
    vPortSetupTimerInterrupt                 0x0800427d   Thumb Code    52  port.o(.text.vPortSetupTimerInterrupt)
    vTaskDelay                               0x080042b1   Thumb Code   196  tasks.o(.text.vTaskDelay)
    vTaskStartScheduler                      0x08004375   Thumb Code   120  tasks.o(.text.vTaskStartScheduler)
    vTaskSuspendAll                          0x080043f5   Thumb Code    16  tasks.o(.text.vTaskSuspendAll)
    vTaskSwitchContext                       0x08004405   Thumb Code   134  tasks.o(.text.vTaskSwitchContext)
    xPortStartScheduler                      0x0800448d   Thumb Code   302  port.o(.text.xPortStartScheduler)
    xPortSysTickHandler                      0x080045bd   Thumb Code    46  port.o(.text.xPortSysTickHandler)
    xTaskCreate                              0x080045ed   Thumb Code   188  tasks.o(.text.xTaskCreate)
    xTaskCreateStatic                        0x080046a9   Thumb Code   236  tasks.o(.text.xTaskCreateStatic)
    xTaskGetSchedulerState                   0x08004795   Thumb Code    38  tasks.o(.text.xTaskGetSchedulerState)
    xTaskIncrementTick                       0x080047bd   Thumb Code   384  tasks.o(.text.xTaskIncrementTick)
    xTaskResumeAll                           0x0800493d   Thumb Code   312  tasks.o(.text.xTaskResumeAll)
    __ARM_fpclassify                         0x08004a75   Thumb Code    48  fpclassify.o(i.__ARM_fpclassify)
    __hardfp_atan                            0x08004aa9   Thumb Code   622  atan.o(i.__hardfp_atan)
    __hardfp_atan2                           0x08004d81   Thumb Code   448  atan2.o(i.__hardfp_atan2)
    __hardfp_sqrtf                           0x08004f81   Thumb Code    58  sqrtf.o(i.__hardfp_sqrtf)
    __kernel_poly                            0x08004fbb   Thumb Code   248  poly.o(i.__kernel_poly)
    __mathlib_dbl_infnan                     0x080050b3   Thumb Code    20  dunder.o(i.__mathlib_dbl_infnan)
    __mathlib_dbl_infnan2                    0x080050c7   Thumb Code    20  dunder.o(i.__mathlib_dbl_infnan2)
    __mathlib_dbl_underflow                  0x080050e1   Thumb Code    24  dunder.o(i.__mathlib_dbl_underflow)
    atan                                     0x08005101   Thumb Code    16  atan.o(i.atan)
    fabs                                     0x08005111   Thumb Code    24  fabs.o(i.fabs)
    __aeabi_dneg                             0x08005129   Thumb Code     0  basic.o(x$fpl$basic)
    _dneg                                    0x08005129   Thumb Code     6  basic.o(x$fpl$basic)
    __aeabi_fneg                             0x0800512f   Thumb Code     0  basic.o(x$fpl$basic)
    _fneg                                    0x0800512f   Thumb Code     6  basic.o(x$fpl$basic)
    _dabs                                    0x08005135   Thumb Code     6  basic.o(x$fpl$basic)
    _fabs                                    0x0800513b   Thumb Code     6  basic.o(x$fpl$basic)
    __aeabi_d2f                              0x08005141   Thumb Code     0  d2f.o(x$fpl$d2f)
    _d2f                                     0x08005141   Thumb Code    98  d2f.o(x$fpl$d2f)
    __aeabi_dadd                             0x080051a5   Thumb Code     0  daddsub_clz.o(x$fpl$dadd)
    _dadd                                    0x080051a5   Thumb Code   332  daddsub_clz.o(x$fpl$dadd)
    __fpl_dcmp_Inf                           0x080052f5   Thumb Code    24  dcmpi.o(x$fpl$dcmpinf)
    __aeabi_ddiv                             0x0800530d   Thumb Code     0  ddiv.o(x$fpl$ddiv)
    _ddiv                                    0x0800530d   Thumb Code   560  ddiv.o(x$fpl$ddiv)
    __aeabi_cdcmpeq                          0x080055c5   Thumb Code     0  deqf.o(x$fpl$deqf)
    _dcmpeq                                  0x080055c5   Thumb Code   120  deqf.o(x$fpl$deqf)
    __aeabi_dmul                             0x0800563d   Thumb Code     0  dmul.o(x$fpl$dmul)
    _dmul                                    0x0800563d   Thumb Code   332  dmul.o(x$fpl$dmul)
    __fpl_dnaninf                            0x08005791   Thumb Code   156  dnaninf.o(x$fpl$dnaninf)
    __fpl_dretinf                            0x0800582d   Thumb Code    12  dretinf.o(x$fpl$dretinf)
    __aeabi_drsub                            0x08005839   Thumb Code     0  daddsub_clz.o(x$fpl$drsb)
    _drsb                                    0x08005839   Thumb Code    22  daddsub_clz.o(x$fpl$drsb)
    __aeabi_dsub                             0x08005851   Thumb Code     0  daddsub_clz.o(x$fpl$dsub)
    _dsub                                    0x08005851   Thumb Code   472  daddsub_clz.o(x$fpl$dsub)
    __aeabi_f2d                              0x08005a2d   Thumb Code     0  f2d.o(x$fpl$f2d)
    _f2d                                     0x08005a2d   Thumb Code    86  f2d.o(x$fpl$f2d)
    __fpl_fnaninf                            0x08005a83   Thumb Code   140  fnaninf.o(x$fpl$fnaninf)
    _fp_init                                 0x08005b0f   Thumb Code    26  fpinit.o(x$fpl$fpinit)
    __fplib_config_fpu_vfp                   0x08005b27   Thumb Code     0  fpinit.o(x$fpl$fpinit)
    __fplib_config_pureend_doubles           0x08005b27   Thumb Code     0  fpinit.o(x$fpl$fpinit)
    __fpl_fretinf                            0x08005b29   Thumb Code    10  fretinf.o(x$fpl$fretinf)
    __I$use$fp                               0x08005b32   Number         0  usenofp.o(x$fpl$usenofp)
    __mathlib_zero                           0x08005bd0   Data           8  qnan.o(.constdata)
    AHBPrescTable                            0x08005bd8   Data          16  system_stm32f4xx.o(.rodata.AHBPrescTable)
    APBPrescTable                            0x08005be8   Data           8  system_stm32f4xx.o(.rodata.APBPrescTable)
    RX_ADDRESS                               0x08005bf0   Data           5  nrf.o(.rodata.RX_ADDRESS)
    Region$$Table$$Base                      0x08005c0c   Number         0  anon$$obj.o(Region$$Table)
    Region$$Table$$Limit                     0x08005c2c   Number         0  anon$$obj.o(Region$$Table)
    SystemCoreClock                          0x20000000   Data           4  system_stm32f4xx.o(.data.SystemCoreClock)
    motor_position_3508_pid                  0x20000004   Data          12  pid_user.o(.data.motor_position_3508_pid)
    motor_position_6020_pid                  0x20000010   Data          12  pid_user.o(.data.motor_position_6020_pid)
    motor_speed_3508_pid                     0x2000001c   Data          12  pid_user.o(.data.motor_speed_3508_pid)
    motor_speed_6020_pid                     0x20000028   Data          12  pid_user.o(.data.motor_speed_6020_pid)
    motor_yaw_pid                            0x20000034   Data          12  pid_user.o(.data.motor_yaw_pid)
    uwTickFreq                               0x20000040   Data           1  stm32f4xx_hal.o(.data.uwTickFreq)
    uwTickPrio                               0x20000044   Data           4  stm32f4xx_hal.o(.data.uwTickPrio)
    __libspace_start                         0x20000050   Data          96  libspace.o(.bss)
    Task_InitHandle                          0x200000b0   Data           4  freertos.o(.bss.Task_InitHandle)
    __temporary_stack_top$libspace           0x200000b0   Data           0  libspace.o(.bss)
    Vomega                                   0x200000b4   Data           4  odometer.o(.bss.Vomega)
    bsp_delay                                0x200001f4   Data           3  bsp_delay.o(.bss.bsp_delay)
    can_bus                                  0x200001f8   Data         536  can_receive.o(.bss.can_bus)
    defaultTaskHandle                        0x20000410   Data           4  freertos.o(.bss.defaultTaskHandle)
    euler                                    0x20000414   Data           6  chassic.o(.bss.euler)
    hcan1                                    0x2000041c   Data          40  can.o(.bss.hcan1)
    hspi1                                    0x20000444   Data          88  spi.o(.bss.hspi1)
    htim7                                    0x2000049c   Data          72  tim.o(.bss.htim7)
    huart4                                   0x200004e4   Data          72  usart.o(.bss.huart4)
    motor_3508                               0x2000052c   Data          72  chassic.o(.bss.motor_3508)
    motor_6020                               0x20000574   Data          72  chassic.o(.bss.motor_6020)
    pid_controller                           0x200005bc   Data           3  pid_user.o(.bss.pid_controller)
    pid_pos_1                                0x200005c0   Data         576  pid_user.o(.bss.pid_pos_1)
    pid_pos_6020                             0x20000800   Data         216  pid_user.o(.bss.pid_pos_6020)
    pid_v_1                                  0x200008d8   Data         576  pid_user.o(.bss.pid_v_1)
    pid_v_6020                               0x20000b18   Data         216  pid_user.o(.bss.pid_v_6020)
    pid_yaw                                  0x20000bf0   Data          72  pid_user.o(.bss.pid_yaw)
    pxCurrentTCB                             0x20000c38   Data           4  tasks.o(.bss.pxCurrentTCB)
    robot                                    0x20000cd4   Data           8  chassic.o(.bss.robot)
    rxbuf_odometer                           0x20000cdc   Data           1  bsp_uart.o(.bss.rxbuf_odometer)
    rxbuffer                                 0x20000cde   Data          20  chassic.o(.bss.rxbuffer)
    uwTick                                   0x200048f8   Data           4  stm32f4xx_hal.o(.bss.uwTick)
    x                                        0x20004910   Data           4  odometer.o(.bss.x)
    y                                        0x20004c04   Data           4  odometer.o(.bss.y)
    yaw                                      0x20004c08   Data           4  odometer.o(.bss.yaw)
    yaw_offset                               0x20004c10   Data           8  odometer.o(.bss.yaw_offset)
    yaw_real                                 0x20004c18   Data           4  odometer.o(.bss.yaw_real)



==============================================================================

Memory Map of the image

  Image Entry point : 0x08000189

  Load Region LR_IROM1 (Base: 0x08000000, Size: 0x00005c80, Max: 0x00080000, ABSOLUTE)

    Execution Region ER_IROM1 (Exec base: 0x08000000, Load base: 0x08000000, Size: 0x00005c2c, Max: 0x00080000, ABSOLUTE)

    Exec Addr    Load Addr    Size         Type   Attr      Idx    E Section Name        Object

    0x08000000   0x08000000   0x00000188   Data   RO            3    RESET               startup_stm32f407xx.o
    0x08000188   0x08000188   0x00000008   Code   RO         1887  * !!!main             c_w.l(__main.o)
    0x08000190   0x08000190   0x0000005c   Code   RO         2270    !!!scatter          c_w.l(__scatter.o)
    0x080001ec   0x080001ec   0x0000001a   Code   RO         2274    !!handler_copy      c_w.l(__scatter_copy.o)
    0x08000206   0x08000206   0x00000002   PAD
    0x08000208   0x08000208   0x00000002   Code   RO         2271    !!handler_null      c_w.l(__scatter.o)
    0x0800020a   0x0800020a   0x00000002   PAD
    0x0800020c   0x0800020c   0x0000001c   Code   RO         2276    !!handler_zi        c_w.l(__scatter_zi.o)
    0x08000228   0x08000228   0x00000002   Code   RO         2148    .ARM.Collect$$libinit$$00000000  c_w.l(libinit.o)
    0x0800022a   0x0800022a   0x00000004   Code   RO         2157    .ARM.Collect$$libinit$$00000001  c_w.l(libinit2.o)
    0x0800022e   0x0800022e   0x00000000   Code   RO         2160    .ARM.Collect$$libinit$$00000004  c_w.l(libinit2.o)
    0x0800022e   0x0800022e   0x00000000   Code   RO         2162    .ARM.Collect$$libinit$$00000006  c_w.l(libinit2.o)
    0x0800022e   0x0800022e   0x00000000   Code   RO         2165    .ARM.Collect$$libinit$$0000000C  c_w.l(libinit2.o)
    0x0800022e   0x0800022e   0x00000000   Code   RO         2167    .ARM.Collect$$libinit$$0000000E  c_w.l(libinit2.o)
    0x0800022e   0x0800022e   0x00000000   Code   RO         2169    .ARM.Collect$$libinit$$00000010  c_w.l(libinit2.o)
    0x0800022e   0x0800022e   0x00000000   Code   RO         2172    .ARM.Collect$$libinit$$00000013  c_w.l(libinit2.o)
    0x0800022e   0x0800022e   0x00000000   Code   RO         2174    .ARM.Collect$$libinit$$00000015  c_w.l(libinit2.o)
    0x0800022e   0x0800022e   0x00000000   Code   RO         2176    .ARM.Collect$$libinit$$00000017  c_w.l(libinit2.o)
    0x0800022e   0x0800022e   0x00000000   Code   RO         2178    .ARM.Collect$$libinit$$00000019  c_w.l(libinit2.o)
    0x0800022e   0x0800022e   0x00000000   Code   RO         2180    .ARM.Collect$$libinit$$0000001B  c_w.l(libinit2.o)
    0x0800022e   0x0800022e   0x00000000   Code   RO         2182    .ARM.Collect$$libinit$$0000001D  c_w.l(libinit2.o)
    0x0800022e   0x0800022e   0x00000000   Code   RO         2184    .ARM.Collect$$libinit$$0000001F  c_w.l(libinit2.o)
    0x0800022e   0x0800022e   0x00000000   Code   RO         2186    .ARM.Collect$$libinit$$00000021  c_w.l(libinit2.o)
    0x0800022e   0x0800022e   0x00000000   Code   RO         2188    .ARM.Collect$$libinit$$00000023  c_w.l(libinit2.o)
    0x0800022e   0x0800022e   0x00000000   Code   RO         2190    .ARM.Collect$$libinit$$00000025  c_w.l(libinit2.o)
    0x0800022e   0x0800022e   0x00000000   Code   RO         2192    .ARM.Collect$$libinit$$00000027  c_w.l(libinit2.o)
    0x0800022e   0x0800022e   0x00000000   Code   RO         2196    .ARM.Collect$$libinit$$0000002E  c_w.l(libinit2.o)
    0x0800022e   0x0800022e   0x00000000   Code   RO         2198    .ARM.Collect$$libinit$$00000030  c_w.l(libinit2.o)
    0x0800022e   0x0800022e   0x00000000   Code   RO         2200    .ARM.Collect$$libinit$$00000032  c_w.l(libinit2.o)
    0x0800022e   0x0800022e   0x00000000   Code   RO         2202    .ARM.Collect$$libinit$$00000034  c_w.l(libinit2.o)
    0x0800022e   0x0800022e   0x00000002   Code   RO         2203    .ARM.Collect$$libinit$$00000035  c_w.l(libinit2.o)
    0x08000230   0x08000230   0x00000002   Code   RO         2241    .ARM.Collect$$libshutdown$$00000000  c_w.l(libshutdown.o)
    0x08000232   0x08000232   0x00000000   Code   RO         2253    .ARM.Collect$$libshutdown$$00000002  c_w.l(libshutdown2.o)
    0x08000232   0x08000232   0x00000000   Code   RO         2255    .ARM.Collect$$libshutdown$$00000004  c_w.l(libshutdown2.o)
    0x08000232   0x08000232   0x00000000   Code   RO         2258    .ARM.Collect$$libshutdown$$00000007  c_w.l(libshutdown2.o)
    0x08000232   0x08000232   0x00000000   Code   RO         2261    .ARM.Collect$$libshutdown$$0000000A  c_w.l(libshutdown2.o)
    0x08000232   0x08000232   0x00000000   Code   RO         2263    .ARM.Collect$$libshutdown$$0000000C  c_w.l(libshutdown2.o)
    0x08000232   0x08000232   0x00000000   Code   RO         2266    .ARM.Collect$$libshutdown$$0000000F  c_w.l(libshutdown2.o)
    0x08000232   0x08000232   0x00000002   Code   RO         2267    .ARM.Collect$$libshutdown$$00000010  c_w.l(libshutdown2.o)
    0x08000234   0x08000234   0x00000000   Code   RO         1957    .ARM.Collect$$rtentry$$00000000  c_w.l(__rtentry.o)
    0x08000234   0x08000234   0x00000000   Code   RO         2091    .ARM.Collect$$rtentry$$00000002  c_w.l(__rtentry2.o)
    0x08000234   0x08000234   0x00000006   Code   RO         2103    .ARM.Collect$$rtentry$$00000004  c_w.l(__rtentry4.o)
    0x0800023a   0x0800023a   0x00000000   Code   RO         2093    .ARM.Collect$$rtentry$$00000009  c_w.l(__rtentry2.o)
    0x0800023a   0x0800023a   0x00000004   Code   RO         2094    .ARM.Collect$$rtentry$$0000000A  c_w.l(__rtentry2.o)
    0x0800023e   0x0800023e   0x00000000   Code   RO         2096    .ARM.Collect$$rtentry$$0000000C  c_w.l(__rtentry2.o)
    0x0800023e   0x0800023e   0x00000008   Code   RO         2097    .ARM.Collect$$rtentry$$0000000D  c_w.l(__rtentry2.o)
    0x08000246   0x08000246   0x00000002   Code   RO         2149    .ARM.Collect$$rtexit$$00000000  c_w.l(rtexit.o)
    0x08000248   0x08000248   0x00000000   Code   RO         2209    .ARM.Collect$$rtexit$$00000002  c_w.l(rtexit2.o)
    0x08000248   0x08000248   0x00000004   Code   RO         2210    .ARM.Collect$$rtexit$$00000003  c_w.l(rtexit2.o)
    0x0800024c   0x0800024c   0x00000006   Code   RO         2211    .ARM.Collect$$rtexit$$00000004  c_w.l(rtexit2.o)
    0x08000252   0x08000252   0x00000002   PAD
    0x08000254   0x08000254   0x00000040   Code   RO            4    .text               startup_stm32f407xx.o
    0x08000294   0x08000294   0x000000f0   Code   RO         1877    .text               c_w.l(lludivv7m.o)
    0x08000384   0x08000384   0x0000004e   Code   RO         1883    .text               c_w.l(rt_memclr_w.o)
    0x080003d2   0x080003d2   0x00000006   Code   RO         1885    .text               c_w.l(heapauxi.o)
    0x080003d8   0x080003d8   0x00000016   Code   RO         1962    .text               c_w.l(_rserrno.o)
    0x080003ee   0x080003ee   0x00000002   PAD
    0x080003f0   0x080003f0   0x0000000c   Code   RO         2086    .text               c_w.l(sys_exit.o)
    0x080003fc   0x080003fc   0x00000008   Code   RO         2110    .text               c_w.l(rt_errno_addr_intlibspace.o)
    0x08000404   0x08000404   0x00000008   Code   RO         2123    .text               c_w.l(libspace.o)
    0x0800040c   0x0800040c   0x00000002   Code   RO         2126    .text               c_w.l(use_no_semi.o)
    0x0800040e   0x0800040e   0x00000000   Code   RO         2128    .text               c_w.l(indicate_semi.o)
    0x0800040e   0x0800040e   0x0000004a   Code   RO         2129    .text               c_w.l(sys_stackheap_outer.o)
    0x08000458   0x08000458   0x00000012   Code   RO         2133    .text               c_w.l(exit.o)
    0x0800046a   0x0800046a   0x00000002   PAD
    0x0800046c   0x0800046c   0x00000002   Code   RO          100    .text.BusFault_Handler  stm32f4xx_it.o
    0x0800046e   0x0800046e   0x00000002   PAD
    0x08000470   0x08000470   0x0000000c   Code   RO          108    .text.CAN1_RX0_IRQHandler  stm32f4xx_it.o
    0x0800047c   0x0800047c   0x00000002   Code   RO          104    .text.DebugMon_Handler  stm32f4xx_it.o
    0x0800047e   0x0800047e   0x00000002   PAD
    0x08000480   0x08000480   0x00000006   Code   RO           60    .text.Error_Handler  main.o
    0x08000486   0x08000486   0x00000002   PAD
    0x08000488   0x08000488   0x00000026   Code   RO          265    .text.HAL_CAN_ActivateNotification  stm32f4xx_hal_can.o
    0x080004ae   0x080004ae   0x00000002   PAD
    0x080004b0   0x080004b0   0x00000094   Code   RO          251    .text.HAL_CAN_AddTxMessage  stm32f4xx_hal_can.o
    0x08000544   0x08000544   0x000000de   Code   RO          241    .text.HAL_CAN_ConfigFilter  stm32f4xx_hal_can.o
    0x08000622   0x08000622   0x00000002   PAD
    0x08000624   0x08000624   0x00000002   Code   RO          295    .text.HAL_CAN_ErrorCallback  stm32f4xx_hal_can.o
    0x08000626   0x08000626   0x00000002   PAD
    0x08000628   0x08000628   0x0000011c   Code   RO          261    .text.HAL_CAN_GetRxMessage  stm32f4xx_hal_can.o
    0x08000744   0x08000744   0x00000242   Code   RO          269    .text.HAL_CAN_IRQHandler  stm32f4xx_hal_can.o
    0x08000986   0x08000986   0x00000002   PAD
    0x08000988   0x08000988   0x000000f4   Code   RO          231    .text.HAL_CAN_Init  stm32f4xx_hal_can.o
    0x08000a7c   0x08000a7c   0x00000084   Code   RO           13    .text.HAL_CAN_MspInit  can.o
    0x08000b00   0x08000b00   0x00000002   Code   RO          283    .text.HAL_CAN_RxFifo0FullCallback  stm32f4xx_hal_can.o
    0x08000b02   0x08000b02   0x00000002   PAD
    0x08000b04   0x08000b04   0x00000148   Code   RO         1684    .text.HAL_CAN_RxFifo0MsgPendingCallback  can_receive.o
    0x08000c4c   0x08000c4c   0x00000002   Code   RO          287    .text.HAL_CAN_RxFifo1FullCallback  stm32f4xx_hal_can.o
    0x08000c4e   0x08000c4e   0x00000002   PAD
    0x08000c50   0x08000c50   0x00000002   Code   RO          289    .text.HAL_CAN_RxFifo1MsgPendingCallback  stm32f4xx_hal_can.o
    0x08000c52   0x08000c52   0x00000002   PAD
    0x08000c54   0x08000c54   0x00000002   Code   RO          291    .text.HAL_CAN_SleepCallback  stm32f4xx_hal_can.o
    0x08000c56   0x08000c56   0x00000002   PAD
    0x08000c58   0x08000c58   0x0000005a   Code   RO          243    .text.HAL_CAN_Start  stm32f4xx_hal_can.o
    0x08000cb2   0x08000cb2   0x00000002   PAD
    0x08000cb4   0x08000cb4   0x00000002   Code   RO          273    .text.HAL_CAN_TxMailbox0AbortCallback  stm32f4xx_hal_can.o
    0x08000cb6   0x08000cb6   0x00000002   PAD
    0x08000cb8   0x08000cb8   0x00000002   Code   RO          271    .text.HAL_CAN_TxMailbox0CompleteCallback  stm32f4xx_hal_can.o
    0x08000cba   0x08000cba   0x00000002   PAD
    0x08000cbc   0x08000cbc   0x00000002   Code   RO          277    .text.HAL_CAN_TxMailbox1AbortCallback  stm32f4xx_hal_can.o
    0x08000cbe   0x08000cbe   0x00000002   PAD
    0x08000cc0   0x08000cc0   0x00000002   Code   RO          275    .text.HAL_CAN_TxMailbox1CompleteCallback  stm32f4xx_hal_can.o
    0x08000cc2   0x08000cc2   0x00000002   PAD
    0x08000cc4   0x08000cc4   0x00000002   Code   RO          281    .text.HAL_CAN_TxMailbox2AbortCallback  stm32f4xx_hal_can.o
    0x08000cc6   0x08000cc6   0x00000002   PAD
    0x08000cc8   0x08000cc8   0x00000002   Code   RO          279    .text.HAL_CAN_TxMailbox2CompleteCallback  stm32f4xx_hal_can.o
    0x08000cca   0x08000cca   0x00000002   PAD
    0x08000ccc   0x08000ccc   0x00000002   Code   RO          293    .text.HAL_CAN_WakeUpFromRxMsgCallback  stm32f4xx_hal_can.o
    0x08000cce   0x08000cce   0x00000002   PAD
    0x08000cd0   0x08000cd0   0x00000080   Code   RO          371    .text.HAL_DMA_Abort  stm32f4xx_hal_dma.o
    0x08000d50   0x08000d50   0x00000024   Code   RO          373    .text.HAL_DMA_Abort_IT  stm32f4xx_hal_dma.o
    0x08000d74   0x08000d74   0x00000094   Code   RO         1854    .text.HAL_Delay     bsp_delay.o
    0x08000e08   0x08000e08   0x00000194   Code   RO          490    .text.HAL_GPIO_Init  stm32f4xx_hal_gpio.o
    0x08000f9c   0x08000f9c   0x0000000a   Code   RO          496    .text.HAL_GPIO_WritePin  stm32f4xx_hal_gpio.o
    0x08000fa6   0x08000fa6   0x00000002   PAD
    0x08000fa8   0x08000fa8   0x0000000c   Code   RO          178    .text.HAL_GetTick   stm32f4xx_hal.o
    0x08000fb4   0x08000fb4   0x0000001a   Code   RO          176    .text.HAL_IncTick   stm32f4xx_hal.o
    0x08000fce   0x08000fce   0x00000002   PAD
    0x08000fd0   0x08000fd0   0x00000036   Code   RO          166    .text.HAL_Init      stm32f4xx_hal.o
    0x08001006   0x08001006   0x00000002   PAD
    0x08001008   0x08001008   0x00000050   Code   RO          168    .text.HAL_InitTick  stm32f4xx_hal.o
    0x08001058   0x08001058   0x00000042   Code   RO           85    .text.HAL_MspInit   stm32f4xx_hal_msp.o
    0x0800109a   0x0800109a   0x00000002   PAD
    0x0800109c   0x0800109c   0x00000022   Code   RO          315    .text.HAL_NVIC_EnableIRQ  stm32f4xx_hal_cortex.o
    0x080010be   0x080010be   0x00000002   PAD
    0x080010c0   0x080010c0   0x00000056   Code   RO          313    .text.HAL_NVIC_SetPriority  stm32f4xx_hal_cortex.o
    0x08001116   0x08001116   0x00000002   PAD
    0x08001118   0x08001118   0x00000020   Code   RO          311    .text.HAL_NVIC_SetPriorityGrouping  stm32f4xx_hal_cortex.o
    0x08001138   0x08001138   0x00000160   Code   RO          580    .text.HAL_RCC_ClockConfig  stm32f4xx_hal_rcc.o
    0x08001298   0x08001298   0x00000026   Code   RO          592    .text.HAL_RCC_GetPCLK1Freq  stm32f4xx_hal_rcc.o
    0x080012be   0x080012be   0x00000002   PAD
    0x080012c0   0x080012c0   0x00000026   Code   RO          594    .text.HAL_RCC_GetPCLK2Freq  stm32f4xx_hal_rcc.o
    0x080012e6   0x080012e6   0x00000002   PAD
    0x080012e8   0x080012e8   0x00000068   Code   RO          582    .text.HAL_RCC_GetSysClockFreq  stm32f4xx_hal_rcc.o
    0x08001350   0x08001350   0x0000035c   Code   RO          578    .text.HAL_RCC_OscConfig  stm32f4xx_hal_rcc.o
    0x080016ac   0x080016ac   0x000000b0   Code   RO          632    .text.HAL_SPI_Init  stm32f4xx_hal_spi.o
    0x0800175c   0x0800175c   0x00000072   Code   RO           72    .text.HAL_SPI_MspInit  spi.o
    0x080017ce   0x080017ce   0x00000002   PAD
    0x080017d0   0x080017d0   0x00000256   Code   RO          644    .text.HAL_SPI_TransmitReceive  stm32f4xx_hal_spi.o
    0x08001a26   0x08001a26   0x00000002   PAD
    0x08001a28   0x08001a28   0x00000018   Code   RO          349    .text.HAL_SYSTICK_CLKSourceConfig  stm32f4xx_hal_cortex.o
    0x08001a40   0x08001a40   0x0000002c   Code   RO          323    .text.HAL_SYSTICK_Config  stm32f4xx_hal_cortex.o
    0x08001a6c   0x08001a6c   0x00000002   Code   RO         1053    .text.HAL_TIMEx_BreakCallback  stm32f4xx_hal_tim_ex.o
    0x08001a6e   0x08001a6e   0x00000002   PAD
    0x08001a70   0x08001a70   0x00000002   Code   RO         1049    .text.HAL_TIMEx_CommutCallback  stm32f4xx_hal_tim_ex.o
    0x08001a72   0x08001a72   0x00000002   PAD
    0x08001a74   0x08001a74   0x000000bc   Code   RO         1043    .text.HAL_TIMEx_MasterConfigSynchronization  stm32f4xx_hal_tim_ex.o
    0x08001b30   0x08001b30   0x0000005a   Code   RO          748    .text.HAL_TIM_Base_Init  stm32f4xx_hal_tim.o
    0x08001b8a   0x08001b8a   0x00000002   PAD
    0x08001b8c   0x08001b8c   0x00000048   Code   RO          138    .text.HAL_TIM_Base_MspInit  tim.o
    0x08001bd4   0x08001bd4   0x000000a8   Code   RO          762    .text.HAL_TIM_Base_Start_IT  stm32f4xx_hal_tim.o
    0x08001c7c   0x08001c7c   0x00000002   Code   RO          884    .text.HAL_TIM_IC_CaptureCallback  stm32f4xx_hal_tim.o
    0x08001c7e   0x08001c7e   0x00000002   PAD
    0x08001c80   0x08001c80   0x0000014a   Code   RO          882    .text.HAL_TIM_IRQHandler  stm32f4xx_hal_tim.o
    0x08001dca   0x08001dca   0x00000002   PAD
    0x08001dcc   0x08001dcc   0x00000002   Code   RO          886    .text.HAL_TIM_OC_DelayElapsedCallback  stm32f4xx_hal_tim.o
    0x08001dce   0x08001dce   0x00000002   PAD
    0x08001dd0   0x08001dd0   0x00000002   Code   RO          888    .text.HAL_TIM_PWM_PulseFinishedCallback  stm32f4xx_hal_tim.o
    0x08001dd2   0x08001dd2   0x00000002   PAD
    0x08001dd4   0x08001dd4   0x00000056   Code   RO         1818    .text.HAL_TIM_PeriodElapsedCallback  timer_user.o
    0x08001e2a   0x08001e2a   0x00000002   PAD
    0x08001e2c   0x08001e2c   0x00000002   Code   RO          892    .text.HAL_TIM_TriggerCallback  stm32f4xx_hal_tim.o
    0x08001e2e   0x08001e2e   0x00000002   PAD
    0x08001e30   0x08001e30   0x00000002   Code   RO         1153    .text.HAL_UARTEx_RxEventCallback  stm32f4xx_hal_uart.o
    0x08001e32   0x08001e32   0x00000002   PAD
    0x08001e34   0x08001e34   0x00000002   Code   RO         1151    .text.HAL_UART_ErrorCallback  stm32f4xx_hal_uart.o
    0x08001e36   0x08001e36   0x00000002   PAD
    0x08001e38   0x08001e38   0x00000302   Code   RO         1145    .text.HAL_UART_IRQHandler  stm32f4xx_hal_uart.o
    0x0800213a   0x0800213a   0x00000002   PAD
    0x0800213c   0x0800213c   0x00000060   Code   RO         1067    .text.HAL_UART_Init  stm32f4xx_hal_uart.o
    0x0800219c   0x0800219c   0x00000084   Code   RO          153    .text.HAL_UART_MspInit  usart.o
    0x08002220   0x08002220   0x00000054   Code   RO         1089    .text.HAL_UART_Receive_IT  stm32f4xx_hal_uart.o
    0x08002274   0x08002274   0x0000001e   Code   RO         1866    .text.HAL_UART_RxCpltCallback  bsp_uart.o
    0x08002292   0x08002292   0x00000002   PAD
    0x08002294   0x08002294   0x00000002   Code   RO         1155    .text.HAL_UART_TxCpltCallback  stm32f4xx_hal_uart.o
    0x08002296   0x08002296   0x00000002   PAD
    0x08002298   0x08002298   0x00000002   Code   RO           96    .text.HardFault_Handler  stm32f4xx_it.o
    0x0800229a   0x0800229a   0x00000002   PAD
    0x0800229c   0x0800229c   0x00000040   Code   RO           11    .text.MX_CAN1_Init  can.o
    0x080022dc   0x080022dc   0x00000094   Code   RO           28    .text.MX_FREERTOS_Init  freertos.o
    0x08002370   0x08002370   0x000000ec   Code   RO           47    .text.MX_GPIO_Init  gpio.o
    0x0800245c   0x0800245c   0x0000004c   Code   RO           70    .text.MX_SPI1_Init  spi.o
    0x080024a8   0x080024a8   0x00000052   Code   RO          136    .text.MX_TIM7_Init  tim.o
    0x080024fa   0x080024fa   0x00000002   PAD
    0x080024fc   0x080024fc   0x0000003c   Code   RO          151    .text.MX_UART4_Init  usart.o
    0x08002538   0x08002538   0x00000002   Code   RO           98    .text.MemManage_Handler  stm32f4xx_it.o
    0x0800253a   0x0800253a   0x00000002   PAD
    0x0800253c   0x0800253c   0x00000002   Code   RO           94    .text.NMI_Handler   stm32f4xx_it.o
    0x0800253e   0x0800253e   0x00000002   PAD
    0x08002540   0x08002540   0x0000010c   Code   RO         1648    .text.NRF24L01_Check  nrf.o
    0x0800264c   0x0800264c   0x0000004a   Code   RO         1638    .text.NRF24L01_Init  nrf.o
    0x08002696   0x08002696   0x00000002   PAD
    0x08002698   0x08002698   0x00000232   Code   RO         1656    .text.NRF24L01_RX_Mode  nrf.o
    0x080028ca   0x080028ca   0x00000002   PAD
    0x080028cc   0x080028cc   0x00000170   Code   RO         1654    .text.NRF24L01_RxPacket  nrf.o
    0x08002a3c   0x08002a3c   0x00000004   PAD
    0x08002a40   0x08002a40   0x00000064   Code   RO         1398    .text.PendSV_Handler  port.o
    0x08002aa4   0x08002aa4   0x000000e0   Code   RO          738    .text.SPI_WaitFlagStateUntilTimeout  stm32f4xx_hal_spi.o
    0x08002b84   0x08002b84   0x0000000c   PAD
    0x08002b90   0x08002b90   0x00000024   Code   RO         1382    .text.SVC_Handler   port.o
    0x08002bb4   0x08002bb4   0x00000008   Code   RO           30    .text.StartDefaultTask  freertos.o
    0x08002bbc   0x08002bbc   0x00000018   Code   RO          106    .text.SysTick_Handler  stm32f4xx_it.o
    0x08002bd4   0x08002bd4   0x000000aa   Code   RO           58    .text.SystemClock_Config  main.o
    0x08002c7e   0x08002c7e   0x00000002   PAD
    0x08002c80   0x08002c80   0x00000012   Code   RO          121    .text.SystemInit    system_stm32f4xx.o
    0x08002c92   0x08002c92   0x00000002   PAD
    0x08002c94   0x08002c94   0x0000000c   Code   RO          112    .text.TIM7_IRQHandler  stm32f4xx_it.o
    0x08002ca0   0x08002ca0   0x00000134   Code   RO          752    .text.TIM_Base_SetConfig  stm32f4xx_hal_tim.o
    0x08002dd4   0x08002dd4   0x00000024   Code   RO          110    .text.UART4_IRQHandler  stm32f4xx_it.o
    0x08002df8   0x08002df8   0x0000000c   Code   RO         1149    .text.UART_DMAAbortOnError  stm32f4xx_hal_uart.o
    0x08002e04   0x08002e04   0x000000c0   Code   RO         1147    .text.UART_Receive_IT  stm32f4xx_hal_uart.o
    0x08002ec4   0x08002ec4   0x000000de   Code   RO         1071    .text.UART_SetConfig  stm32f4xx_hal_uart.o
    0x08002fa2   0x08002fa2   0x00000002   PAD
    0x08002fa4   0x08002fa4   0x00000002   Code   RO          102    .text.UsageFault_Handler  stm32f4xx_it.o
    0x08002fa6   0x08002fa6   0x00000002   PAD
    0x08002fa8   0x08002fa8   0x0000023c   Code   RO         1740    .text._Z16ReceivefromMapanh  odometer.o
    0x080031e4   0x080031e4   0x0000010c   Code   RO         1782    .text._ZN14PID_Controller15All_Device_InitEv  pid_user.o
    0x080032f0   0x080032f0   0x0000014c   Code   RO         1770    .text._ZN14PID_Controller4CORE8PID_CalcEP12pid_type_defff  pid.o
    0x0800343c   0x0800343c   0x0000002e   Code   RO         1768    .text._ZN14PID_Controller4CORE8PID_InitEP12pid_type_defhPKfff  pid.o
    0x0800346a   0x0800346a   0x00000002   PAD
    0x0800346c   0x0800346c   0x00000048   Code   RO         1785    .text._ZN14PID_Controller9CAN_MOTOR21CAN1_Velocity_RealizeEfi  pid_user.o
    0x080034b4   0x080034b4   0x0000008c   Code   RO         1795    .text._ZN14PID_Controller9CAN_MOTOR27GM6020_VP_Dual_Loop_RealizeEfi  pid_user.o
    0x08003540   0x08003540   0x000000fc   Code   RO         1708    .text._ZN5ROBOT7CHASSIC10Angle_CalcEff  chassic.o
    0x0800363c   0x0800363c   0x00000100   Code   RO         1710    .text._ZN5ROBOT7CHASSIC12Chassic_MoveEv  chassic.o
    0x0800373c   0x0800373c   0x000000d0   Code   RO         1701    .text._ZN5ROBOT7CHASSIC12chassic_InitEv  chassic.o
    0x0800380c   0x0800380c   0x00000004   PAD
    0x08003810   0x08003810   0x000001a8   Code   RO         1704    .text._ZN5ROBOT7CHASSIC14Helm_Move_CalcEfff  chassic.o
    0x080039b8   0x080039b8   0x00000044   Code   RO         1830    .text._ZN7CAN_BUS3BSP11Filter_InitEP17CAN_HandleTypeDef  bsp_can.o
    0x080039fc   0x080039fc   0x00000028   Code   RO         1828    .text._ZN7CAN_BUS3BSP9CAN_StartEP17CAN_HandleTypeDef  bsp_can.o
    0x08003a24   0x08003a24   0x00000058   Code   RO         1680    .text._ZN7CAN_BUS3CMD17CAN1_Front_gm3508Essss  can_receive.o
    0x08003a7c   0x08003a7c   0x00000058   Code   RO         1682    .text._ZN7CAN_BUS3CMD18CAN1_Behind_gm6020Essss  can_receive.o
    0x08003ad4   0x08003ad4   0x00000016   Code   RO         1846    .text._ZN9BSP_Delay2F44InitEt  bsp_delay.o
    0x08003aea   0x08003aea   0x00000002   PAD
    0x08003aec   0x08003aec   0x00000056   Code   RO         1660    .text.decode        nrf.o
    0x08003b42   0x08003b42   0x00000002   PAD
    0x08003b44   0x08003b44   0x0000002a   Code   RO           56    .text.main          main.o
    0x08003b6e   0x08003b6e   0x00000002   PAD
    0x08003b70   0x08003b70   0x00000010   Code   RO         1207    .text.osDelay       cmsis_os.o
    0x08003b80   0x08003b80   0x0000000a   Code   RO         1189    .text.osKernelStart  cmsis_os.o
    0x08003b8a   0x08003b8a   0x00000002   PAD
    0x08003b8c   0x08003b8c   0x0000005e   Code   RO         1195    .text.osThreadCreate  cmsis_os.o
    0x08003bea   0x08003bea   0x00000002   PAD
    0x08003bec   0x08003bec   0x0000011a   Code   RO         1516    .text.prvAddNewTaskToReadyList  tasks.o
    0x08003d06   0x08003d06   0x00000002   PAD
    0x08003d08   0x08003d08   0x00000096   Code   RO         1546    .text.prvIdleTask   tasks.o
    0x08003d9e   0x08003d9e   0x00000002   PAD
    0x08003da0   0x08003da0   0x00000028   Code   RO         1390    .text.prvPortStartFirstTask  port.o
    0x08003dc8   0x08003dc8   0x00000032   Code   RO         1380    .text.prvTaskExitError  port.o
    0x08003dfa   0x08003dfa   0x00000002   PAD
    0x08003dfc   0x08003dfc   0x0000019c   Code   RO         1350    .text.pvPortMalloc  heap_4.o
    0x08003f98   0x08003f98   0x00000024   Code   RO         1378    .text.pxPortInitialiseStack  port.o
    0x08003fbc   0x08003fbc   0x0000009e   Code   RO         1672    .text.startup_main  startup_main.o
    0x0800405a   0x0800405a   0x00000002   PAD
    0x0800405c   0x0800405c   0x00000002   Code   RO           32    .text.task_remote   freertos.o
    0x0800405e   0x0800405e   0x00000002   PAD
    0x08004060   0x08004060   0x00000024   Code   RO         1340    .text.uxListRemove  list.o
    0x08004084   0x08004084   0x0000001a   Code   RO           26    .text.vApplicationGetIdleTaskMemory  freertos.o
    0x0800409e   0x0800409e   0x00000002   PAD
    0x080040a0   0x080040a0   0x00000016   Code   RO         1332    .text.vListInitialise  list.o
    0x080040b6   0x080040b6   0x00000002   PAD
    0x080040b8   0x080040b8   0x00000006   Code   RO         1334    .text.vListInitialiseItem  list.o
    0x080040be   0x080040be   0x00000002   PAD
    0x080040c0   0x080040c0   0x0000003a   Code   RO         1338    .text.vListInsert   list.o
    0x080040fa   0x080040fa   0x00000002   PAD
    0x080040fc   0x080040fc   0x0000001c   Code   RO         1336    .text.vListInsertEnd  list.o
    0x08004118   0x08004118   0x00000014   Code   RO         1388    .text.vPortEnableVFP  port.o
    0x0800412c   0x0800412c   0x00000046   Code   RO         1394    .text.vPortEnterCritical  port.o
    0x08004172   0x08004172   0x00000002   PAD
    0x08004174   0x08004174   0x0000002e   Code   RO         1396    .text.vPortExitCritical  port.o
    0x080041a2   0x080041a2   0x00000002   PAD
    0x080041a4   0x080041a4   0x000000d6   Code   RO         1352    .text.vPortFree     heap_4.o
    0x0800427a   0x0800427a   0x00000002   PAD
    0x0800427c   0x0800427c   0x00000034   Code   RO         1386    .text.vPortSetupTimerInterrupt  port.o
    0x080042b0   0x080042b0   0x000000c4   Code   RO         1522    .text.vTaskDelay    tasks.o
    0x08004374   0x08004374   0x00000080   Code   RO         1544    .text.vTaskStartScheduler  tasks.o
    0x080043f4   0x080043f4   0x00000010   Code   RO         1524    .text.vTaskSuspendAll  tasks.o
    0x08004404   0x08004404   0x00000086   Code   RO         1538    .text.vTaskSwitchContext  tasks.o
    0x0800448a   0x0800448a   0x00000002   PAD
    0x0800448c   0x0800448c   0x0000012e   Code   RO         1384    .text.xPortStartScheduler  port.o
    0x080045ba   0x080045ba   0x00000002   PAD
    0x080045bc   0x080045bc   0x0000002e   Code   RO         1400    .text.xPortSysTickHandler  port.o
    0x080045ea   0x080045ea   0x00000002   PAD
    0x080045ec   0x080045ec   0x000000bc   Code   RO         1518    .text.xTaskCreate   tasks.o
    0x080046a8   0x080046a8   0x000000ec   Code   RO         1514    .text.xTaskCreateStatic  tasks.o
    0x08004794   0x08004794   0x00000026   Code   RO         1580    .text.xTaskGetSchedulerState  tasks.o
    0x080047ba   0x080047ba   0x00000002   PAD
    0x080047bc   0x080047bc   0x00000180   Code   RO         1550    .text.xTaskIncrementTick  tasks.o
    0x0800493c   0x0800493c   0x00000138   Code   RO         1528    .text.xTaskResumeAll  tasks.o
    0x08004a74   0x08004a74   0x00000030   Code   RO         2119    i.__ARM_fpclassify  m_wm.l(fpclassify.o)
    0x08004aa4   0x08004aa4   0x00000004   PAD
    0x08004aa8   0x08004aa8   0x000002d8   Code   RO         2058    i.__hardfp_atan     m_wm.l(atan.o)
    0x08004d80   0x08004d80   0x00000200   Code   RO         1945    i.__hardfp_atan2    m_wm.l(atan2.o)
    0x08004f80   0x08004f80   0x0000003a   Code   RO         1951    i.__hardfp_sqrtf    m_wm.l(sqrtf.o)
    0x08004fba   0x08004fba   0x000000f8   Code   RO         2121    i.__kernel_poly     m_wm.l(poly.o)
    0x080050b2   0x080050b2   0x00000014   Code   RO         2066    i.__mathlib_dbl_infnan  m_wm.l(dunder.o)
    0x080050c6   0x080050c6   0x00000014   Code   RO         2067    i.__mathlib_dbl_infnan2  m_wm.l(dunder.o)
    0x080050da   0x080050da   0x00000006   PAD
    0x080050e0   0x080050e0   0x00000020   Code   RO         2071    i.__mathlib_dbl_underflow  m_wm.l(dunder.o)
    0x08005100   0x08005100   0x00000010   Code   RO         2060    i.atan              m_wm.l(atan.o)
    0x08005110   0x08005110   0x00000018   Code   RO         2081    i.fabs              m_wm.l(fabs.o)
    0x08005128   0x08005128   0x00000018   Code   RO         1970    x$fpl$basic         fz_wm.l(basic.o)
    0x08005140   0x08005140   0x00000062   Code   RO         1889    x$fpl$d2f           fz_wm.l(d2f.o)
    0x080051a2   0x080051a2   0x00000002   PAD
    0x080051a4   0x080051a4   0x00000150   Code   RO         1891    x$fpl$dadd          fz_wm.l(daddsub_clz.o)
    0x080052f4   0x080052f4   0x00000018   Code   RO         2116    x$fpl$dcmpinf       fz_wm.l(dcmpi.o)
    0x0800530c   0x0800530c   0x000002b8   Code   RO         1898    x$fpl$ddiv          fz_wm.l(ddiv.o)
    0x080055c4   0x080055c4   0x00000078   Code   RO         1972    x$fpl$deqf          fz_wm.l(deqf.o)
    0x0800563c   0x0800563c   0x00000154   Code   RO         1901    x$fpl$dmul          fz_wm.l(dmul.o)
    0x08005790   0x08005790   0x0000009c   Code   RO         1974    x$fpl$dnaninf       fz_wm.l(dnaninf.o)
    0x0800582c   0x0800582c   0x0000000c   Code   RO         1976    x$fpl$dretinf       fz_wm.l(dretinf.o)
    0x08005838   0x08005838   0x00000016   Code   RO         1892    x$fpl$drsb          fz_wm.l(daddsub_clz.o)
    0x0800584e   0x0800584e   0x00000002   PAD
    0x08005850   0x08005850   0x000001dc   Code   RO         1893    x$fpl$dsub          fz_wm.l(daddsub_clz.o)
    0x08005a2c   0x08005a2c   0x00000056   Code   RO         1903    x$fpl$f2d           fz_wm.l(f2d.o)
    0x08005a82   0x08005a82   0x0000008c   Code   RO         1978    x$fpl$fnaninf       fz_wm.l(fnaninf.o)
    0x08005b0e   0x08005b0e   0x0000001a   Code   RO         2219    x$fpl$fpinit        fz_wm.l(fpinit.o)
    0x08005b28   0x08005b28   0x0000000a   Code   RO         1980    x$fpl$fretinf       fz_wm.l(fretinf.o)
    0x08005b32   0x08005b32   0x00000000   Code   RO         1982    x$fpl$usenofp       fz_wm.l(usenofp.o)
    0x08005b32   0x08005b32   0x00000006   PAD
    0x08005b38   0x08005b38   0x00000098   Data   RO         2061    .constdata          m_wm.l(atan.o)
    0x08005bd0   0x08005bd0   0x00000008   Data   RO         2085    .constdata          m_wm.l(qnan.o)
    0x08005bd8   0x08005bd8   0x00000010   Data   RO          126    .rodata.AHBPrescTable  system_stm32f4xx.o
    0x08005be8   0x08005be8   0x00000008   Data   RO          127    .rodata.APBPrescTable  system_stm32f4xx.o
    0x08005bf0   0x08005bf0   0x00000005   Data   RO         1663    .rodata.RX_ADDRESS  nrf.o
    0x08005bf5   0x08005bf5   0x00000016   Data   RO           36    .rodata.str1.1      freertos.o
    0x08005c0b   0x08005c0b   0x00000001   PAD
    0x08005c0c   0x08005c0c   0x00000020   Data   RO         2269    Region$$Table       anon$$obj.o


    Execution Region RW_IRAM1 (Exec base: 0x20000000, Load base: 0x08005c30, Size: 0x00005220, Max: 0x0001c000, ABSOLUTE)

    Exec Addr    Load Addr    Size         Type   Attr      Idx    E Section Name        Object

    0x20000000   0x08005c30   0x00000004   Data   RW          125    .data.SystemCoreClock  system_stm32f4xx.o
    0x20000004   0x08005c34   0x0000000c   Data   RW         1806    .data.motor_position_3508_pid  pid_user.o
    0x20000010   0x08005c40   0x0000000c   Data   RW         1808    .data.motor_position_6020_pid  pid_user.o
    0x2000001c   0x08005c4c   0x0000000c   Data   RW         1805    .data.motor_speed_3508_pid  pid_user.o
    0x20000028   0x08005c58   0x0000000c   Data   RW         1807    .data.motor_speed_6020_pid  pid_user.o
    0x20000034   0x08005c64   0x0000000c   Data   RW         1809    .data.motor_yaw_pid  pid_user.o
    0x20000040   0x08005c70   0x00000001   Data   RW          221    .data.uwTickFreq    stm32f4xx_hal.o
    0x20000041   0x08005c71   0x00000003   PAD
    0x20000044   0x08005c74   0x00000004   Data   RW          220    .data.uwTickPrio    stm32f4xx_hal.o
    0x20000048   0x08005c78   0x00000004   Data   RW         1406    .data.uxCriticalNesting  port.o
    0x2000004c   0x08005c7c   0x00000004   PAD
    0x20000050        -       0x00000060   Zero   RW         2124    .bss                c_w.l(libspace.o)
    0x200000b0        -       0x00000004   Zero   RW           38    .bss.Task_InitHandle  freertos.o
    0x200000b4        -       0x00000004   Zero   RW         1752    .bss.Vomega         odometer.o
    0x200000b8        -       0x00000004   Zero   RW         1857    .bss._ZL8g_fac_us   bsp_delay.o
    0x200000bc        -       0x0000012c   Zero   RW         1756    .bss._ZZ16ReceivefromMapanhE12BuffromMapan  odometer.o
    0x200001e8        -       0x00000001   Zero   RW         1755    .bss._ZZ16ReceivefromMapanhE12cntfromMapan  odometer.o
    0x200001e9        -       0x00000001   Zero   RW         1757    .bss._ZZ16ReceivefromMapanhE12lenfromMapan  odometer.o
    0x200001ea        -       0x00000001   Zero   RW         1754    .bss._ZZ16ReceivefromMapanhE13stepfromMapan  odometer.o
    0x200001eb   0x08005c7c   0x00000001   PAD
    0x200001ec        -       0x00000002   Zero   RW         1759    .bss._ZZ16ReceivefromMapanhE14crc16fromMapan  odometer.o
    0x200001ee   0x08005c7c   0x00000002   PAD
    0x200001f0        -       0x00000004   Zero   RW         1758    .bss._ZZ16ReceivefromMapanhE17data_ptrfromMapan  odometer.o
    0x200001f4        -       0x00000003   Zero   RW         1856    .bss.bsp_delay      bsp_delay.o
    0x200001f7   0x08005c7c   0x00000001   PAD
    0x200001f8        -       0x00000218   Zero   RW         1692    .bss.can_bus        can_receive.o
    0x20000410        -       0x00000004   Zero   RW           37    .bss.defaultTaskHandle  freertos.o
    0x20000414        -       0x00000006   Zero   RW         1716    .bss.euler          chassic.o
    0x2000041a   0x08005c7c   0x00000002   PAD
    0x2000041c        -       0x00000028   Zero   RW           17    .bss.hcan1          can.o
    0x20000444        -       0x00000058   Zero   RW           76    .bss.hspi1          spi.o
    0x2000049c        -       0x00000048   Zero   RW          142    .bss.htim7          tim.o
    0x200004e4        -       0x00000048   Zero   RW          157    .bss.huart4         usart.o
    0x2000052c        -       0x00000048   Zero   RW         1719    .bss.motor_3508     chassic.o
    0x20000574        -       0x00000048   Zero   RW         1718    .bss.motor_6020     chassic.o
    0x200005bc        -       0x00000003   Zero   RW         1799    .bss.pid_controller  pid_user.o
    0x200005bf   0x08005c7c   0x00000001   PAD
    0x200005c0        -       0x00000240   Zero   RW         1801    .bss.pid_pos_1      pid_user.o
    0x20000800        -       0x000000d8   Zero   RW         1803    .bss.pid_pos_6020   pid_user.o
    0x200008d8        -       0x00000240   Zero   RW         1800    .bss.pid_v_1        pid_user.o
    0x20000b18        -       0x000000d8   Zero   RW         1802    .bss.pid_v_6020     pid_user.o
    0x20000bf0        -       0x00000048   Zero   RW         1804    .bss.pid_yaw        pid_user.o
    0x20000c38        -       0x00000004   Zero   RW         1606    .bss.pxCurrentTCB   tasks.o
    0x20000c3c        -       0x00000004   Zero   RW         1622    .bss.pxDelayedTaskList  tasks.o
    0x20000c40        -       0x00000004   Zero   RW         1362    .bss.pxEnd          heap_4.o
    0x20000c44        -       0x00000004   Zero   RW         1623    .bss.pxOverflowDelayedTaskList  tasks.o
    0x20000c48        -       0x0000008c   Zero   RW         1607    .bss.pxReadyTasksLists  tasks.o
    0x20000cd4        -       0x00000008   Zero   RW         1715    .bss.robot          chassic.o
    0x20000cdc        -       0x00000001   Zero   RW         1868    .bss.rxbuf_odometer  bsp_uart.o
    0x20000cdd   0x08005c7c   0x00000001   PAD
    0x20000cde        -       0x00000014   Zero   RW         1717    .bss.rxbuffer       chassic.o
    0x20000cf2        -       0x00003c00   Zero   RW         1369    .bss.ucHeap         heap_4.o
    0x200048f2        -       0x00000001   Zero   RW         1404    .bss.ucMaxSysCallPriority  port.o
    0x200048f3   0x08005c7c   0x00000001   PAD
    0x200048f4        -       0x00000004   Zero   RW         1405    .bss.ulMaxPRIGROUPValue  port.o
    0x200048f8        -       0x00000004   Zero   RW          222    .bss.uwTick         stm32f4xx_hal.o
    0x200048fc        -       0x00000004   Zero   RW         1612    .bss.uxCurrentNumberOfTasks  tasks.o
    0x20004900        -       0x00000004   Zero   RW         1611    .bss.uxDeletedTasksWaitingCleanUp  tasks.o
    0x20004904        -       0x00000004   Zero   RW         1614    .bss.uxSchedulerSuspended  tasks.o
    0x20004908        -       0x00000004   Zero   RW         1609    .bss.uxTaskNumber   tasks.o
    0x2000490c        -       0x00000004   Zero   RW         1608    .bss.uxTopReadyPriority  tasks.o
    0x20004910        -       0x00000004   Zero   RW         1746    .bss.x              odometer.o
    0x20004914        -       0x00000001   Zero   RW         1363    .bss.xBlockAllocatedBit  heap_4.o
    0x20004915   0x08005c7c   0x00000003   PAD
    0x20004918        -       0x00000014   Zero   RW         1625    .bss.xDelayedTaskList1  tasks.o
    0x2000492c        -       0x00000014   Zero   RW         1626    .bss.xDelayedTaskList2  tasks.o
    0x20004940        -       0x00000004   Zero   RW         1364    .bss.xFreeBytesRemaining  heap_4.o
    0x20004944        -       0x00000200   Zero   RW           35    .bss.xIdleStack     freertos.o
    0x20004b44        -       0x00000004   Zero   RW         1617    .bss.xIdleTaskHandle  tasks.o
    0x20004b48        -       0x00000054   Zero   RW           34    .bss.xIdleTaskTCBBuffer  freertos.o
    0x20004b9c        -       0x00000004   Zero   RW         1366    .bss.xMinimumEverFreeBytesRemaining  heap_4.o
    0x20004ba0        -       0x00000004   Zero   RW         1618    .bss.xNextTaskUnblockTime  tasks.o
    0x20004ba4        -       0x00000004   Zero   RW         1624    .bss.xNumOfOverflows  tasks.o
    0x20004ba8        -       0x00000004   Zero   RW         1367    .bss.xNumberOfSuccessfulAllocations  heap_4.o
    0x20004bac        -       0x00000004   Zero   RW         1368    .bss.xNumberOfSuccessfulFrees  heap_4.o
    0x20004bb0        -       0x00000004   Zero   RW         1621    .bss.xPendedTicks   tasks.o
    0x20004bb4        -       0x00000014   Zero   RW         1616    .bss.xPendingReadyList  tasks.o
    0x20004bc8        -       0x00000004   Zero   RW         1613    .bss.xSchedulerRunning  tasks.o
    0x20004bcc        -       0x00000008   Zero   RW         1365    .bss.xStart         heap_4.o
    0x20004bd4        -       0x00000014   Zero   RW         1615    .bss.xSuspendedTaskList  tasks.o
    0x20004be8        -       0x00000014   Zero   RW         1610    .bss.xTasksWaitingTermination  tasks.o
    0x20004bfc        -       0x00000004   Zero   RW         1619    .bss.xTickCount     tasks.o
    0x20004c00        -       0x00000004   Zero   RW         1620    .bss.xYieldPending  tasks.o
    0x20004c04        -       0x00000004   Zero   RW         1747    .bss.y              odometer.o
    0x20004c08        -       0x00000004   Zero   RW         1745    .bss.yaw            odometer.o
    0x20004c0c   0x08005c7c   0x00000004   PAD
    0x20004c10        -       0x00000008   Zero   RW         1748    .bss.yaw_offset     odometer.o
    0x20004c18        -       0x00000004   Zero   RW         1753    .bss.yaw_real       odometer.o
    0x20004c1c   0x08005c7c   0x00000004   PAD
    0x20004c20        -       0x00000200   Zero   RW            2    HEAP                startup_stm32f407xx.o
    0x20004e20        -       0x00000400   Zero   RW            1    STACK               startup_stm32f407xx.o


    Execution Region RW_IRAM2 (Exec base: 0x2001c000, Load base: 0x08005c80, Size: 0x00000000, Max: 0x00004000, ABSOLUTE)

    **** No section assigned to this execution region ****


==============================================================================

Image component sizes


      Code (inc. data)   RO Data    RW Data    ZI Data      Debug   Object Name

       108          0          0          0          0       5594   bsp_can.o
       170          0          0          0          7       6660   bsp_delay.o
        30          0          0          0          1       5791   bsp_uart.o
       196          0          0          0         40       6416   can.o
       504          0          0          0        536       8310   can_receive.o
      1140         76          0          0        178      16666   chassic.o
       120          0          0          0          0      22655   cmsis_os.o
       184         56         22          0        604       3541   freertos.o
       236          0          0          0          0       2400   gpio.o
       626          0          0          0      15389       5296   heap_4.o
       150          0          0          0          0       2422   list.o
       218          0          0          0          0       3672   main.o
      1358          0          5          0          0      11648   nrf.o
       572          8          0          0        337       8932   odometer.o
       378          4          0          0          0       5127   pid.o
       480         32          0         60       1659       7391   pid_user.o
       798         16          0          4          5       4348   port.o
       190          0          0          0         88       5293   spi.o
       158          0          0          0          0       1993   startup_main.o
        64         26        392          0       1536        960   startup_stm32f407xx.o
       172          0          0          5          4       7539   stm32f4xx_hal.o
      1628          6          0          0          0      13730   stm32f4xx_hal_can.o
       220          0          0          0          0      10960   stm32f4xx_hal_cortex.o
       164          0          0          0          0       9868   stm32f4xx_hal_dma.o
       414          0          0          0          0       5300   stm32f4xx_hal_gpio.o
        66          0          0          0          0       3740   stm32f4xx_hal_msp.o
      1392          0          0          0          0       7497   stm32f4xx_hal_rcc.o
       998          0          0          0          0      23409   stm32f4xx_hal_spi.o
       904          0          0          0          0      57872   stm32f4xx_hal_tim.o
       192          0          0          0          0      22250   stm32f4xx_hal_tim_ex.o
      1382          0          0          0          0      27285   stm32f4xx_hal_uart.o
        96          0          0          0          0       7881   stm32f4xx_it.o
        18          0         24          4          0       2852   system_stm32f4xx.o
      2064          8          0          0        300      27338   tasks.o
       154          0          0          0         72       7227   tim.o
        86          0          0          0          0       3790   timer_user.o
       192          0          0          0         72       7194   usart.o

    ----------------------------------------------------------------------
     17992        236        476         76      20852     380847   Object Totals
         0          0         32          0          0          0   (incl. Generated)
       170          4          1          3         24          0   (incl. Padding)

    ----------------------------------------------------------------------

      Code (inc. data)   RO Data    RW Data    ZI Data      Debug   Library Member Name

         8          0          0          0          0         68   __main.o
         0          0          0          0          0          0   __rtentry.o
        12          0          0          0          0          0   __rtentry2.o
         6          0          0          0          0          0   __rtentry4.o
        94          8          0          0          0          0   __scatter.o
        26          0          0          0          0          0   __scatter_copy.o
        28          0          0          0          0          0   __scatter_zi.o
        22          0          0          0          0        100   _rserrno.o
        18          0          0          0          0         80   exit.o
         6          0          0          0          0        152   heapauxi.o
         0          0          0          0          0          0   indicate_semi.o
         2          0          0          0          0          0   libinit.o
         6          0          0          0          0          0   libinit2.o
         2          0          0          0          0          0   libshutdown.o
         2          0          0          0          0          0   libshutdown2.o
         8          4          0          0         96         68   libspace.o
       240          0          0          0          0        100   lludivv7m.o
         8          4          0          0          0         68   rt_errno_addr_intlibspace.o
        78          0          0          0          0         80   rt_memclr_w.o
         2          0          0          0          0          0   rtexit.o
        10          0          0          0          0          0   rtexit2.o
        12          4          0          0          0         68   sys_exit.o
        74          0          0          0          0         80   sys_stackheap_outer.o
         2          0          0          0          0         68   use_no_semi.o
        24          0          0          0          0        164   basic.o
        98          4          0          0          0        140   d2f.o
       834         16          0          0          0        516   daddsub_clz.o
        24          0          0          0          0        116   dcmpi.o
       696        140          0          0          0        264   ddiv.o
       120          4          0          0          0        140   deqf.o
       340         12          0          0          0        152   dmul.o
       156          4          0          0          0        140   dnaninf.o
        12          0          0          0          0        116   dretinf.o
        86          4          0          0          0        132   f2d.o
       140          4          0          0          0        132   fnaninf.o
        26          0          0          0          0        116   fpinit.o
        10          0          0          0          0        116   fretinf.o
         0          0          0          0          0          0   usenofp.o
       744        106        152          0          0        352   atan.o
       512         64          0          0          0        208   atan2.o
        72          8          0          0          0        372   dunder.o
        24          0          0          0          0        124   fabs.o
        48          0          0          0          0        124   fpclassify.o
       248          0          0          0          0        152   poly.o
         0          0          8          0          0          0   qnan.o
        58          0          0          0          0        136   sqrtf.o

    ----------------------------------------------------------------------
      4968        386        160          0         96       4644   Library Totals
        30          0          0          0          0          0   (incl. Padding)

    ----------------------------------------------------------------------

      Code (inc. data)   RO Data    RW Data    ZI Data      Debug   Library Name

       666         20          0          0         96        932   c_w.l
      2566        188          0          0          0       2244   fz_wm.l
      1706        178        160          0          0       1468   m_wm.l

    ----------------------------------------------------------------------
      4968        386        160          0         96       4644   Library Totals

    ----------------------------------------------------------------------

==============================================================================


      Code (inc. data)   RO Data    RW Data    ZI Data      Debug   

     22960        622        636         76      20948     382195   Grand Totals
     22960        622        636         76      20948     382195   ELF Image Totals
     22960        622        636         76          0          0   ROM Totals

==============================================================================

    Total RO  Size (Code + RO Data)                23596 (  23.04kB)
    Total RW  Size (RW Data + ZI Data)             21024 (  20.53kB)
    Total ROM Size (Code + RO Data + RW Data)      23672 (  23.12kB)

==============================================================================

