Component: Arm Compiler for Embedded 6.21 Tool: armlink [5ec1fa00]

==============================================================================

Section Cross References

    startup_stm32h723xx.o(STACK) refers (Special) to heapauxi.o(.text) for __use_two_region_memory
    startup_stm32h723xx.o(HEAP) refers (Special) to heapauxi.o(.text) for __use_two_region_memory
    startup_stm32h723xx.o(RESET) refers (Special) to heapauxi.o(.text) for __use_two_region_memory
    startup_stm32h723xx.o(RESET) refers to startup_stm32h723xx.o(STACK) for __initial_sp
    startup_stm32h723xx.o(RESET) refers to startup_stm32h723xx.o(.text) for Reset_Handler
    startup_stm32h723xx.o(RESET) refers to stm32h7xx_it.o(.text.NMI_Handler) for NMI_Handler
    startup_stm32h723xx.o(RESET) refers to stm32h7xx_it.o(.text.HardFault_Handler) for HardFault_Handler
    startup_stm32h723xx.o(RESET) refers to stm32h7xx_it.o(.text.MemManage_Handler) for MemManage_Handler
    startup_stm32h723xx.o(RESET) refers to stm32h7xx_it.o(.text.BusFault_Handler) for BusFault_Handler
    startup_stm32h723xx.o(RESET) refers to stm32h7xx_it.o(.text.UsageFault_Handler) for UsageFault_Handler
    startup_stm32h723xx.o(RESET) refers to port.o(.text.SVC_Handler) for SVC_Handler
    startup_stm32h723xx.o(RESET) refers to stm32h7xx_it.o(.text.DebugMon_Handler) for DebugMon_Handler
    startup_stm32h723xx.o(RESET) refers to port.o(.text.PendSV_Handler) for PendSV_Handler
    startup_stm32h723xx.o(RESET) refers to stm32h7xx_it.o(.text.SysTick_Handler) for SysTick_Handler
    startup_stm32h723xx.o(RESET) refers to stm32h7xx_it.o(.text.DMA1_Stream0_IRQHandler) for DMA1_Stream0_IRQHandler
    startup_stm32h723xx.o(RESET) refers to stm32h7xx_it.o(.text.DMA1_Stream1_IRQHandler) for DMA1_Stream1_IRQHandler
    startup_stm32h723xx.o(RESET) refers to stm32h7xx_it.o(.text.DMA1_Stream2_IRQHandler) for DMA1_Stream2_IRQHandler
    startup_stm32h723xx.o(RESET) refers to stm32h7xx_it.o(.text.FDCAN1_IT0_IRQHandler) for FDCAN1_IT0_IRQHandler
    startup_stm32h723xx.o(RESET) refers to stm32h7xx_it.o(.text.FDCAN2_IT0_IRQHandler) for FDCAN2_IT0_IRQHandler
    startup_stm32h723xx.o(RESET) refers to stm32h7xx_it.o(.text.I2C2_EV_IRQHandler) for I2C2_EV_IRQHandler
    startup_stm32h723xx.o(RESET) refers to communition.o(.text.USART1_IRQHandler) for USART1_IRQHandler
    startup_stm32h723xx.o(RESET) refers to stm32h7xx_it.o(.text.UART5_IRQHandler) for UART5_IRQHandler
    startup_stm32h723xx.o(RESET) refers to stm32h7xx_it.o(.text.TIM7_IRQHandler) for TIM7_IRQHandler
    startup_stm32h723xx.o(RESET) refers to stm32h7xx_it.o(.text.OTG_HS_IRQHandler) for OTG_HS_IRQHandler
    startup_stm32h723xx.o(RESET) refers to bsp_usart.o(.text.UART7_IRQHandler) for UART7_IRQHandler
    startup_stm32h723xx.o(RESET) refers to stm32h7xx_it.o(.text.UART9_IRQHandler) for UART9_IRQHandler
    startup_stm32h723xx.o(.text) refers (Special) to heapauxi.o(.text) for __use_two_region_memory
    startup_stm32h723xx.o(.text) refers to system_stm32h7xx.o(.text.ExitRun0Mode) for ExitRun0Mode
    startup_stm32h723xx.o(.text) refers to system_stm32h7xx.o(.text.SystemInit) for SystemInit
    startup_stm32h723xx.o(.text) refers to __main.o(!!!main) for __main
    startup_stm32h723xx.o(.text) refers to startup_stm32h723xx.o(HEAP) for Heap_Mem
    startup_stm32h723xx.o(.text) refers to startup_stm32h723xx.o(STACK) for Stack_Mem
    startup_main.o(.text.startup_main) refers to communition.o(.bss.all_rxbuff) for all_rxbuff
    startup_main.o(.text.startup_main) refers to usart.o(.bss.huart5) for huart5
    startup_main.o(.text.startup_main) refers to stm32h7xx_hal_uart.o(.text.HAL_UART_Receive_DMA) for HAL_UART_Receive_DMA
    startup_main.o(.ARM.exidx.text.startup_main) refers to startup_main.o(.text.startup_main) for [Anonymous Symbol]
    main.o(.text.main) refers to stm32h7xx_hal_cortex.o(.text.HAL_MPU_Disable) for HAL_MPU_Disable
    main.o(.text.main) refers to stm32h7xx_hal_cortex.o(.text.HAL_MPU_ConfigRegion) for HAL_MPU_ConfigRegion
    main.o(.text.main) refers to stm32h7xx_hal_cortex.o(.text.HAL_MPU_Enable) for HAL_MPU_Enable
    main.o(.text.main) refers to stm32h7xx_hal.o(.text.HAL_Init) for HAL_Init
    main.o(.text.main) refers to main.o(.text.SystemClock_Config) for SystemClock_Config
    main.o(.text.main) refers to gpio.o(.text.MX_GPIO_Init) for MX_GPIO_Init
    main.o(.text.main) refers to dma.o(.text.MX_DMA_Init) for MX_DMA_Init
    main.o(.text.main) refers to fdcan.o(.text.MX_FDCAN1_Init) for MX_FDCAN1_Init
    main.o(.text.main) refers to fdcan.o(.text.MX_FDCAN2_Init) for MX_FDCAN2_Init
    main.o(.text.main) refers to tim.o(.text.MX_TIM7_Init) for MX_TIM7_Init
    main.o(.text.main) refers to usart.o(.text.MX_UART7_Init) for MX_UART7_Init
    main.o(.text.main) refers to usart.o(.text.MX_UART5_Init) for MX_UART5_Init
    main.o(.text.main) refers to usart.o(.text.MX_USART1_UART_Init) for MX_USART1_UART_Init
    main.o(.text.main) refers to i2c.o(.text.MX_I2C2_Init) for MX_I2C2_Init
[...]
    USB_CoreInit                             0x0800e049   Thumb Code   558  stm32h7xx_ll_usb.o(.text.USB_CoreInit)
    USB_DeactivateEndpoint                   0x0800e279   Thumb Code   134  stm32h7xx_ll_usb.o(.text.USB_DeactivateEndpoint)
    USB_DevConnect                           0x0800e301   Thumb Code    30  stm32h7xx_ll_usb.o(.text.USB_DevConnect)
    USB_DevDisconnect                        0x0800e321   Thumb Code    30  stm32h7xx_ll_usb.o(.text.USB_DevDisconnect)
    USB_DevInit                              0x0800e341   Thumb Code  1182  stm32h7xx_ll_usb.o(.text.USB_DevInit)
    USB_DisableGlobalInt                     0x0800e7e1   Thumb Code    14  stm32h7xx_ll_usb.o(.text.USB_DisableGlobalInt)
    USB_EP0_OutStart                         0x0800e7f1   Thumb Code    90  stm32h7xx_ll_usb.o(.text.USB_EP0_OutStart)
    USB_EPClearStall                         0x0800e851   Thumb Code    82  stm32h7xx_ll_usb.o(.text.USB_EPClearStall)
    USB_EPSetStall                           0x0800e8a9   Thumb Code    64  stm32h7xx_ll_usb.o(.text.USB_EPSetStall)
    USB_EPStartXfer                          0x0800e8e9   Thumb Code   556  stm32h7xx_ll_usb.o(.text.USB_EPStartXfer)
    USB_EPStopXfer                           0x0800eb19   Thumb Code   270  stm32h7xx_ll_usb.o(.text.USB_EPStopXfer)
    USB_EnableGlobalInt                      0x0800ec29   Thumb Code    14  stm32h7xx_ll_usb.o(.text.USB_EnableGlobalInt)
    USB_FlushTxFifo                          0x0800ec39   Thumb Code   190  stm32h7xx_ll_usb.o(.text.USB_FlushTxFifo)
    USB_GetDevSpeed                          0x0800ecf9   Thumb Code    26  stm32h7xx_ll_usb.o(.text.USB_GetDevSpeed)
    USB_GetMode                              0x0800ed19   Thumb Code     8  stm32h7xx_ll_usb.o(.text.USB_GetMode)
    USB_ReadDevAllInEpInterrupt              0x0800ed21   Thumb Code    14  stm32h7xx_ll_usb.o(.text.USB_ReadDevAllInEpInterrupt)
    USB_ReadDevAllOutEpInterrupt             0x0800ed31   Thumb Code    14  stm32h7xx_ll_usb.o(.text.USB_ReadDevAllOutEpInterrupt)
    USB_ReadDevInEPInterrupt                 0x0800ed41   Thumb Code    36  stm32h7xx_ll_usb.o(.text.USB_ReadDevInEPInterrupt)
    USB_ReadDevOutEPInterrupt                0x0800ed69   Thumb Code    16  stm32h7xx_ll_usb.o(.text.USB_ReadDevOutEPInterrupt)
    USB_ReadInterrupts                       0x0800ed79   Thumb Code     8  stm32h7xx_ll_usb.o(.text.USB_ReadInterrupts)
    USB_ReadPacket                           0x0800ed81   Thumb Code   176  stm32h7xx_ll_usb.o(.text.USB_ReadPacket)
    USB_SetCurrentMode                       0x0800ee31   Thumb Code   872  stm32h7xx_ll_usb.o(.text.USB_SetCurrentMode)
    USB_SetDevAddress                        0x0800f199   Thumb Code    34  stm32h7xx_ll_usb.o(.text.USB_SetDevAddress)
    USB_SetTurnaroundTime                    0x0800f1c1   Thumb Code   280  stm32h7xx_ll_usb.o(.text.USB_SetTurnaroundTime)
    USB_WritePacket                          0x0800f2d9   Thumb Code   120  stm32h7xx_ll_usb.o(.text.USB_WritePacket)
    UsageFault_Handler                       0x0800f351   Thumb Code     2  stm32h7xx_it.o(.text.UsageFault_Handler)
    VESC_CAN_Speedrpm                        0x0800f359   Thumb Code    58  fdcan_receive.o(.text.VESC_CAN_Speedrpm)
    Get_Remote_Date()                        0x0800f399   Thumb Code   170  dr16.o(.text._Z15Get_Remote_Datev)
    PID_Controller::All_Device_Init()        0x0800f449   Thumb Code   300  pid_user.o(.text._ZN14PID_Controller15All_Device_InitEv)
    PID_Controller::CORE::PID_Calc(pid_type_def*, float, float) 0x0800f591   Thumb Code   312  pid.o(.text._ZN14PID_Controller4CORE8PID_CalcEP12pid_type_defff)
    PID_Controller::CORE::PID_Init(pid_type_def*, unsigned char, float const*, float, float, float) 0x0800f6d1   Thumb Code    70  pid.o(.text._ZN14PID_Controller4CORE8PID_InitEP12pid_type_defhPKffff)
    PID_Controller::CAN_MOTOR::CAN1_Velocity_Realize(float, int) 0x0800f719   Thumb Code    74  pid_user.o(.text._ZN14PID_Controller9CAN_MOTOR21CAN1_Velocity_RealizeEfi)
    PID_Controller::CAN_MOTOR::CAN1_VP_Dual_Loop_Realize(float, int, int) 0x0800f769   Thumb Code   304  pid_user.o(.text._ZN14PID_Controller9CAN_MOTOR25CAN1_VP_Dual_Loop_RealizeEfii)
    ROBOT::CHASSIC::Chassic_Mode()           0x0800f8b9   Thumb Code   116  chassic.o(.text._ZN5ROBOT7CHASSIC12Chassic_ModeEv)
    ROBOT::CHASSIC::Chassic_Move()           0x0800f931   Thumb Code   116  chassic.o(.text._ZN5ROBOT7CHASSIC12Chassic_MoveEv)
    ROBOT::CHASSIC::Omni_Move_Calc()         0x0800f9a9   Thumb Code    96  chassic.o(.text._ZN5ROBOT7CHASSIC14Omni_Move_CalcEv)
    CAN_BUS::BSP::FDCAN_Start(FDCAN_HandleTypeDef*) 0x0800fa21   Thumb Code    40  bsp_fdcan.o(.text._ZN7CAN_BUS3BSP11FDCAN_StartEP19FDCAN_HandleTypeDef)
    CAN_BUS::BSP::Filter_Init(FDCAN_HandleTypeDef*) 0x0800fa49   Thumb Code   112  bsp_fdcan.o(.text._ZN7CAN_BUS3BSP11Filter_InitEP19FDCAN_HandleTypeDef)
    CAN_BUS::CMD::FDCAN1_Front(short, short, short, short) 0x0800fab9   Thumb Code    94  fdcan_receive.o(.text._ZN7CAN_BUS3CMD12FDCAN1_FrontEssss)
    CAN_BUS::CMD::FDCAN1_Behind(short, short, short, short) 0x0800fb19   Thumb Code    94  fdcan_receive.o(.text._ZN7CAN_BUS3CMD13FDCAN1_BehindEssss)
    main                                     0x0800fb79   Thumb Code   106  main.o(.text.main)
    osDelay                                  0x0800fbe9   Thumb Code    16  cmsis_os.o(.text.osDelay)
    osKernelStart                            0x0800fbf9   Thumb Code    10  cmsis_os.o(.text.osKernelStart)
    osThreadCreate                           0x0800fc09   Thumb Code    96  cmsis_os.o(.text.osThreadCreate)
    pvPortMalloc                             0x0800fff9   Thumb Code   500  heap_4.o(.text.pvPortMalloc)
    pxPortInitialiseStack                    0x080101f1   Thumb Code    44  port.o(.text.pxPortInitialiseStack)
    startup_main                             0x08010221   Thumb Code    26  startup_main.o(.text.startup_main)
    ulTaskNotifyTake                         0x08010241   Thumb Code   106  tasks.o(.text.ulTaskNotifyTake)
    uxListRemove                             0x080102b1   Thumb Code    42  list.o(.text.uxListRemove)
    vApplicationGetIdleTaskMemory            0x080102e1   Thumb Code    26  freertos.o(.text.vApplicationGetIdleTaskMemory)
    vListInitialise                          0x08010301   Thumb Code    22  list.o(.text.vListInitialise)
    vListInitialiseItem                      0x08010319   Thumb Code     6  list.o(.text.vListInitialiseItem)
    vListInsert                              0x08010321   Thumb Code    98  list.o(.text.vListInsert)
    vListInsertEnd                           0x08010389   Thumb Code    28  list.o(.text.vListInsertEnd)
    vPortEnterCritical                       0x080103c1   Thumb Code    74  port.o(.text.vPortEnterCritical)
    vPortExitCritical                        0x08010411   Thumb Code    46  port.o(.text.vPortExitCritical)
    vPortFree                                0x08010441   Thumb Code   212  heap_4.o(.text.vPortFree)
    vPortSetupTimerInterrupt                 0x08010519   Thumb Code    52  port.o(.text.vPortSetupTimerInterrupt)
    vTaskDelay                               0x08010551   Thumb Code   158  tasks.o(.text.vTaskDelay)
    vTaskDelayUntil                          0x080105f1   Thumb Code   230  tasks.o(.text.vTaskDelayUntil)
    vTaskDelete                              0x080106d9   Thumb Code   262  tasks.o(.text.vTaskDelete)
    vTaskStartScheduler                      0x080107e1   Thumb Code   196  tasks.o(.text.vTaskStartScheduler)
    vTaskSuspendAll                          0x080108b1   Thumb Code    16  tasks.o(.text.vTaskSuspendAll)
    vTaskSwitchContext                       0x080108c1   Thumb Code   110  tasks.o(.text.vTaskSwitchContext)
    xPortStartScheduler                      0x08010931   Thumb Code   394  port.o(.text.xPortStartScheduler)
    xPortSysTickHandler                      0x08010ac1   Thumb Code    46  port.o(.text.xPortSysTickHandler)
    xTaskCreate                              0x08010af1   Thumb Code    96  tasks.o(.text.xTaskCreate)
    xTaskCreateStatic                        0x08010b51   Thumb Code   122  tasks.o(.text.xTaskCreateStatic)
    xTaskGenericNotify                       0x08010bd1   Thumb Code   280  tasks.o(.text.xTaskGenericNotify)
    xTaskGetSchedulerState                   0x08010ce9   Thumb Code    28  tasks.o(.text.xTaskGetSchedulerState)
    xTaskGetTickCount                        0x08010d09   Thumb Code    12  tasks.o(.text.xTaskGetTickCount)
    xTaskIncrementTick                       0x08010d19   Thumb Code   262  tasks.o(.text.xTaskIncrementTick)
    xTaskResumeAll                           0x08010e21   Thumb Code   234  tasks.o(.text.xTaskResumeAll)
    _fp_init                                 0x08010f0b   Thumb Code    26  fpinit.o(x$fpl$fpinit)
    __fplib_config_fpu_vfp                   0x08010f23   Thumb Code     0  fpinit.o(x$fpl$fpinit)
    __fplib_config_pureend_doubles           0x08010f23   Thumb Code     0  fpinit.o(x$fpl$fpinit)
    D1CorePrescTable                         0x08010f98   Data          16  system_stm32h7xx.o(.rodata.D1CorePrescTable)
    UARTPrescTable                           0x08010fa8   Data          24  stm32h7xx_hal_uart.o(.rodata.UARTPrescTable)
    Region$$Table$$Base                      0x0801102c   Number         0  anon$$obj.o(Region$$Table)
    Region$$Table$$Limit                     0x0801105c   Number         0  anon$$obj.o(Region$$Table)
    uwTickFreq                               0x24000000   Data           1  stm32h7xx_hal.o(.data..L_MergedGlobals)
    uwTickPrio                               0x24000004   Data           4  stm32h7xx_hal.o(.data..L_MergedGlobals)
    SystemCoreClock                          0x24000008   Data           4  system_stm32h7xx.o(.data..L_MergedGlobals)
    SystemD2Clock                            0x2400000c   Data           4  system_stm32h7xx.o(.data..L_MergedGlobals)
    motor_speed_3508_pid                     0x24000010   Data          12  pid_user.o(.data..L_MergedGlobals)
    motor_speed_3508_pid_p                   0x2400001c   Data          12  pid_user.o(.data..L_MergedGlobals)
    MT6701_pos_pid                           0x24000028   Data          12  pid_user.o(.data..L_MergedGlobals)
    HS_Desc                                  0x24000034   Data          32  usbd_desc.o(.data.HS_Desc)
    USBD_CDC                                 0x24000054   Data          56  usbd_cdc.o(.data.USBD_CDC)
    USBD_HS_DeviceDesc                       0x240000dc   Data          18  usbd_desc.o(.data.USBD_HS_DeviceDesc)
    USBD_Interface_fops_HS                   0x240000f0   Data          20  usbd_cdc_if.o(.data.USBD_Interface_fops_HS)
    USBD_LangIDDesc                          0x24000104   Data           4  usbd_desc.o(.data.USBD_LangIDDesc)
    USBD_StringSerial                        0x24000108   Data          26  usbd_desc.o(.data.USBD_StringSerial)
    __libspace_start                         0x24000128   Data          96  libspace.o(.bss)
    __temporary_stack_top$libspace           0x24000188   Data           0  libspace.o(.bss)
    defaultTaskHandle                        0x24000188   Data           4  freertos.o(.bss..L_MergedGlobals)
    Classic_TaskHandle                       0x2400018c   Data           4  freertos.o(.bss..L_MergedGlobals)
    Chat_TaskHandle                          0x24000190   Data           4  freertos.o(.bss..L_MergedGlobals)
    shout_ballTaskHandle                     0x24000194   Data           4  freertos.o(.bss..L_MergedGlobals)
    ChangeAngleTaskHandle                    0x24000198   Data           4  freertos.o(.bss..L_MergedGlobals)
    myTask06Handle                           0x2400019c   Data           4  freertos.o(.bss..L_MergedGlobals)
    wake_fireball_task                       0x240001ac   Data           1  my_task.o(.bss..L_MergedGlobals)
    current_val                              0x240001ad   Data           1  my_task.o(.bss..L_MergedGlobals)
    launch_triggered                         0x240001ae   Data           1  my_task.o(.bss..L_MergedGlobals)
    target_launch_speed                      0x240001b0   Data           2  my_task.o(.bss..L_MergedGlobals)
    last_change_tick                         0x240001b4   Data           4  my_task.o(.bss..L_MergedGlobals)
    receive_data                             0x240001ba   Data           4  bsp_usart.o(.bss..L_MergedGlobals)
    pxCurrentTCB                             0x240001c0   Data           4  tasks.o(.bss..L_MergedGlobals)
    pid_controller                           0x24000260   Data           3  pid_user.o(.bss..L_MergedGlobals.1)
    pid_pos_mt6701_handel                    0x24000264   Data          76  pid_user.o(.bss..L_MergedGlobals.1)
    N5065_traget_speed                       0x240002dc   Data           4  bsp_usart.o(.bss.N5065_traget_speed)
    USBD_StrDesc                             0x240002e4   Data         512  usbd_desc.o(.bss.USBD_StrDesc)
    UserRxBufferHS                           0x24000704   Data        2048  usbd_cdc_if.o(.bss.UserRxBufferHS)
    UserTxBufferHS                           0x24000f04   Data        2048  usbd_cdc_if.o(.bss.UserTxBufferHS)
    all_rxbuff                               0x2400195c   Data          44  communition.o(.bss.all_rxbuff)
    can_bus                                  0x24001988   Data         452  fdcan_receive.o(.bss.can_bus)
    data_buf                                 0x24001b4c   Data           7  bsp_usart.o(.bss.data_buf)
    hUsbDeviceHS                             0x24001b54   Data         732  usb_device.o(.bss.hUsbDeviceHS)
    hdma_i2c2_rx                             0x24001e30   Data         120  i2c.o(.bss.hdma_i2c2_rx)
    hdma_i2c2_tx                             0x24001ea8   Data         120  i2c.o(.bss.hdma_i2c2_tx)
    hdma_uart5_rx                            0x24001f20   Data         120  usart.o(.bss.hdma_uart5_rx)
    hfdcan1                                  0x24001f98   Data         160  fdcan.o(.bss.hfdcan1)
    hfdcan2                                  0x24002038   Data         160  fdcan.o(.bss.hfdcan2)
    hi2c2                                    0x240020d8   Data          84  i2c.o(.bss.hi2c2)
    hpcd_USB_OTG_HS                          0x2400212c   Data        1252  usbd_conf.o(.bss.hpcd_USB_OTG_HS)
    htim12                                   0x24002610   Data          76  tim.o(.bss.htim12)
    htim7                                    0x2400265c   Data          76  tim.o(.bss.htim7)
    huart1                                   0x240026a8   Data         148  usart.o(.bss.huart1)
    huart5                                   0x2400273c   Data         148  usart.o(.bss.huart5)
    huart7                                   0x240027d0   Data         148  usart.o(.bss.huart7)
    huart9                                   0x24002864   Data         148  usart.o(.bss.huart9)
    pid_pos_1                                0x240028f8   Data         608  pid_user.o(.bss.pid_pos_1)
    pid_v_1                                  0x24002b58   Data         608  pid_user.o(.bss.pid_v_1)
    robot                                    0x24002e44   Data          72  chassic.o(.bss.robot)
    uwTick                                   0x24002e8c   Data           4  stm32h7xx_hal.o(.bss.uwTick)



==============================================================================

Memory Map of the image

  Image Entry point : 0x080002cd

  Load Region LR_IROM1 (Base: 0x08000000, Size: 0x00011188, Max: 0x00100000, ABSOLUTE)

    Execution Region ER_IROM1 (Exec base: 0x08000000, Load base: 0x08000000, Size: 0x0001105c, Max: 0x00100000, ABSOLUTE)

    Exec Addr    Load Addr    Size         Type   Attr      Idx    E Section Name        Object

    0x08000000   0x08000000   0x000002cc   Data   RO            3    RESET               startup_stm32h723xx.o
    0x080002cc   0x080002cc   0x00000008   Code   RO         2951  * !!!main             c_w.l(__main.o)
    0x080002d4   0x080002d4   0x0000005c   Code   RO         3130    !!!scatter          c_w.l(__scatter.o)
    0x08000330   0x08000330   0x0000001a   Code   RO         3134    !!handler_copy      c_w.l(__scatter_copy.o)
    0x0800034a   0x0800034a   0x00000002   PAD
    0x0800034c   0x0800034c   0x00000002   Code   RO         3131    !!handler_null      c_w.l(__scatter.o)
    0x0800034e   0x0800034e   0x00000002   PAD
    0x08000350   0x08000350   0x0000001c   Code   RO         3136    !!handler_zi        c_w.l(__scatter_zi.o)
    0x0800036c   0x0800036c   0x00000002   Code   RO         2992    .ARM.Collect$$libinit$$00000000  c_w.l(libinit.o)
    0x0800036e   0x0800036e   0x00000004   Code   RO         3004    .ARM.Collect$$libinit$$00000001  c_w.l(libinit2.o)
    0x08000372   0x08000372   0x00000000   Code   RO         3007    .ARM.Collect$$libinit$$00000004  c_w.l(libinit2.o)
    0x08000372   0x08000372   0x00000000   Code   RO         3009    .ARM.Collect$$libinit$$00000006  c_w.l(libinit2.o)
    0x08000372   0x08000372   0x00000000   Code   RO         3012    .ARM.Collect$$libinit$$0000000C  c_w.l(libinit2.o)
    0x08000372   0x08000372   0x00000000   Code   RO         3014    .ARM.Collect$$libinit$$0000000E  c_w.l(libinit2.o)
    0x08000372   0x08000372   0x00000000   Code   RO         3016    .ARM.Collect$$libinit$$00000010  c_w.l(libinit2.o)
    0x08000372   0x08000372   0x00000000   Code   RO         3019    .ARM.Collect$$libinit$$00000013  c_w.l(libinit2.o)
    0x08000372   0x08000372   0x00000000   Code   RO         3021    .ARM.Collect$$libinit$$00000015  c_w.l(libinit2.o)
    0x08000372   0x08000372   0x00000000   Code   RO         3023    .ARM.Collect$$libinit$$00000017  c_w.l(libinit2.o)
    0x08000372   0x08000372   0x00000000   Code   RO         3025    .ARM.Collect$$libinit$$00000019  c_w.l(libinit2.o)
    0x08000372   0x08000372   0x00000000   Code   RO         3027    .ARM.Collect$$libinit$$0000001B  c_w.l(libinit2.o)
    0x08000372   0x08000372   0x00000000   Code   RO         3029    .ARM.Collect$$libinit$$0000001D  c_w.l(libinit2.o)
    0x08000372   0x08000372   0x00000000   Code   RO         3031    .ARM.Collect$$libinit$$0000001F  c_w.l(libinit2.o)
    0x08000372   0x08000372   0x00000000   Code   RO         3033    .ARM.Collect$$libinit$$00000021  c_w.l(libinit2.o)
    0x08000372   0x08000372   0x00000000   Code   RO         3035    .ARM.Collect$$libinit$$00000023  c_w.l(libinit2.o)
    0x08000372   0x08000372   0x00000000   Code   RO         3037    .ARM.Collect$$libinit$$00000025  c_w.l(libinit2.o)
    0x08000372   0x08000372   0x00000000   Code   RO         3039    .ARM.Collect$$libinit$$00000027  c_w.l(libinit2.o)
    0x08000372   0x08000372   0x00000000   Code   RO         3043    .ARM.Collect$$libinit$$0000002E  c_w.l(libinit2.o)
    0x08000372   0x08000372   0x00000000   Code   RO         3045    .ARM.Collect$$libinit$$00000030  c_w.l(libinit2.o)
    0x08000372   0x08000372   0x00000000   Code   RO         3047    .ARM.Collect$$libinit$$00000032  c_w.l(libinit2.o)
    0x08000372   0x08000372   0x00000000   Code   RO         3049    .ARM.Collect$$libinit$$00000034  c_w.l(libinit2.o)
    0x08000372   0x08000372   0x00000002   Code   RO         3050    .ARM.Collect$$libinit$$00000035  c_w.l(libinit2.o)
    0x08000374   0x08000374   0x00000002   Code   RO         3085    .ARM.Collect$$libshutdown$$00000000  c_w.l(libshutdown.o)
    0x08000376   0x08000376   0x00000000   Code   RO         3113    .ARM.Collect$$libshutdown$$00000002  c_w.l(libshutdown2.o)
    0x08000376   0x08000376   0x00000000   Code   RO         3115    .ARM.Collect$$libshutdown$$00000004  c_w.l(libshutdown2.o)
    0x08000376   0x08000376   0x00000000   Code   RO         3118    .ARM.Collect$$libshutdown$$00000007  c_w.l(libshutdown2.o)
    0x08000376   0x08000376   0x00000000   Code   RO         3121    .ARM.Collect$$libshutdown$$0000000A  c_w.l(libshutdown2.o)
    0x08000376   0x08000376   0x00000000   Code   RO         3123    .ARM.Collect$$libshutdown$$0000000C  c_w.l(libshutdown2.o)
    0x08000376   0x08000376   0x00000000   Code   RO         3126    .ARM.Collect$$libshutdown$$0000000F  c_w.l(libshutdown2.o)
    0x08000376   0x08000376   0x00000002   Code   RO         3127    .ARM.Collect$$libshutdown$$00000010  c_w.l(libshutdown2.o)
    0x08000378   0x08000378   0x00000000   Code   RO         2953    .ARM.Collect$$rtentry$$00000000  c_w.l(__rtentry.o)
    0x08000378   0x08000378   0x00000000   Code   RO         2963    .ARM.Collect$$rtentry$$00000002  c_w.l(__rtentry2.o)
    0x08000378   0x08000378   0x00000006   Code   RO         2975    .ARM.Collect$$rtentry$$00000004  c_w.l(__rtentry4.o)
    0x0800037e   0x0800037e   0x00000000   Code   RO         2965    .ARM.Collect$$rtentry$$00000009  c_w.l(__rtentry2.o)
    0x0800037e   0x0800037e   0x00000004   Code   RO         2966    .ARM.Collect$$rtentry$$0000000A  c_w.l(__rtentry2.o)
    0x08000382   0x08000382   0x00000000   Code   RO         2968    .ARM.Collect$$rtentry$$0000000C  c_w.l(__rtentry2.o)
    0x08000382   0x08000382   0x00000008   Code   RO         2969    .ARM.Collect$$rtentry$$0000000D  c_w.l(__rtentry2.o)
    0x0800038a   0x0800038a   0x00000002   Code   RO         2996    .ARM.Collect$$rtexit$$00000000  c_w.l(rtexit.o)
    0x0800038c   0x0800038c   0x00000000   Code   RO         3056    .ARM.Collect$$rtexit$$00000002  c_w.l(rtexit2.o)
    0x0800038c   0x0800038c   0x00000004   Code   RO         3057    .ARM.Collect$$rtexit$$00000003  c_w.l(rtexit2.o)
    0x08000390   0x08000390   0x00000006   Code   RO         3058    .ARM.Collect$$rtexit$$00000004  c_w.l(rtexit2.o)
    0x08000396   0x08000396   0x00000002   PAD
    0x08000398   0x08000398   0x00000048   Code   RO            4    .text               startup_stm32h723xx.o
    0x080003e0   0x080003e0   0x000000f0   Code   RO         2941    .text               c_w.l(lludivv7m.o)
    0x080004d0   0x080004d0   0x0000004e   Code   RO         2947    .text               c_w.l(rt_memclr_w.o)
    0x0800051e   0x0800051e   0x00000006   Code   RO         2949    .text               c_w.l(heapauxi.o)
    0x08000524   0x08000524   0x0000004a   Code   RO         2979    .text               c_w.l(sys_stackheap_outer.o)
    0x0800056e   0x0800056e   0x00000012   Code   RO         2981    .text               c_w.l(exit.o)
    0x08000580   0x08000580   0x00000008   Code   RO         2993    .text               c_w.l(libspace.o)
    0x08000588   0x08000588   0x0000000c   Code   RO         3051    .text               c_w.l(sys_exit.o)
    0x08000594   0x08000594   0x00000002   Code   RO         3074    .text               c_w.l(use_no_semi.o)
    0x08000596   0x08000596   0x00000000   Code   RO         3076    .text               c_w.l(indicate_semi.o)
    0x08000596   0x08000596   0x00000002   PAD
    0x08000598   0x08000598   0x000000b8   Code   RO         2221    .text.BlueTooth_Send_Data  bsp_usart.o
    0x08000650   0x08000650   0x00000002   Code   RO          174    .text.BusFault_Handler  stm32h7xx_it.o
    0x08000652   0x08000652   0x00000006   PAD
    0x08000658   0x08000658   0x00000004   Code   RO         2283    .text.CDC_Control_HS  usbd_cdc_if.o
    0x0800065c   0x0800065c   0x00000004   PAD
    0x08000660   0x08000660   0x00000004   Code   RO         2281    .text.CDC_DeInit_HS  usbd_cdc_if.o
    0x08000664   0x08000664   0x00000004   PAD
    0x08000668   0x08000668   0x0000002c   Code   RO         2279    .text.CDC_Init_HS   usbd_cdc_if.o
    0x08000694   0x08000694   0x00000004   PAD
    0x08000698   0x08000698   0x0000001c   Code   RO         2285    .text.CDC_Receive_HS  usbd_cdc_if.o
    0x080006b4   0x080006b4   0x00000004   PAD
    0x080006b8   0x080006b8   0x00000004   Code   RO         2287    .text.CDC_TransmitCplt_HS  usbd_cdc_if.o
    0x080006bc   0x080006bc   0x00000004   PAD
    0x080006c0   0x080006c0   0x00000058   Code   RO         2137    .text.Chang_Shout_Angle  my_task.o
    0x08000718   0x08000718   0x00000076   Code   RO         2131    .text.Chat_with_upper  my_task.o
    0x0800078e   0x0800078e   0x00000002   PAD
    0x08000790   0x08000790   0x0000008c   Code   RO         2127    .text.Classic_Move  my_task.o
    0x0800081c   0x0800081c   0x00000004   PAD
    0x08000820   0x08000820   0x0000000c   Code   RO          182    .text.DMA1_Stream0_IRQHandler  stm32h7xx_it.o
    0x0800082c   0x0800082c   0x00000004   PAD
    0x08000830   0x08000830   0x0000000c   Code   RO          184    .text.DMA1_Stream1_IRQHandler  stm32h7xx_it.o
    0x0800083c   0x0800083c   0x00000004   PAD
    0x08000840   0x08000840   0x0000000c   Code   RO          186    .text.DMA1_Stream2_IRQHandler  stm32h7xx_it.o
    0x0800084c   0x0800084c   0x00000004   PAD
    0x08000850   0x08000850   0x00000128   Code   RO          645    .text.DMA_CalcBaseAndBitshift  stm32h7xx_hal_dma.o
    0x08000978   0x08000978   0x00000308   Code   RO          651    .text.DMA_SetConfig  stm32h7xx_hal_dma.o
    0x08000c80   0x08000c80   0x00000002   Code   RO          178    .text.DebugMon_Handler  stm32h7xx_it.o
    0x08000c82   0x08000c82   0x00000006   PAD
    0x08000c88   0x08000c88   0x0000000a   Code   RO           23    .text.Error_Handler  main.o
    0x08000c92   0x08000c92   0x00000006   PAD
    0x08000c98   0x08000c98   0x0000002c   Code   RO         1974    .text.ExitRun0Mode  system_stm32h7xx.o
    0x08000cc4   0x08000cc4   0x00000004   PAD
    0x08000cc8   0x08000cc8   0x0000000c   Code   RO          188    .text.FDCAN1_IT0_IRQHandler  stm32h7xx_it.o
    0x08000cd4   0x08000cd4   0x00000004   PAD
    0x08000cd8   0x08000cd8   0x0000000c   Code   RO          190    .text.FDCAN2_IT0_IRQHandler  stm32h7xx_it.o
    0x08000ce4   0x08000ce4   0x00000004   PAD
    0x08000ce8   0x08000ce8   0x0000052e   Code   RO          655    .text.HAL_DMA_Abort  stm32h7xx_hal_dma.o
    0x08001216   0x08001216   0x00000002   PAD
    0x08001218   0x08001218   0x000002b8   Code   RO          657    .text.HAL_DMA_Abort_IT  stm32h7xx_hal_dma.o
    0x080014d0   0x080014d0   0x00000004   Code   RO          669    .text.HAL_DMA_GetError  stm32h7xx_hal_dma.o
    0x080014d4   0x080014d4   0x00000004   PAD
    0x080014d8   0x080014d8   0x00000006   Code   RO          667    .text.HAL_DMA_GetState  stm32h7xx_hal_dma.o
    0x080014de   0x080014de   0x00000002   PAD
    0x080014e0   0x080014e0   0x00000818   Code   RO          661    .text.HAL_DMA_IRQHandler  stm32h7xx_hal_dma.o
    0x08001cf8   0x08001cf8   0x00000658   Code   RO          643    .text.HAL_DMA_Init  stm32h7xx_hal_dma.o
    0x08002350   0x08002350   0x000003a6   Code   RO          653    .text.HAL_DMA_Start_IT  stm32h7xx_hal_dma.o
    0x080026f6   0x080026f6   0x00000002   PAD
    0x080026f8   0x080026f8   0x00000028   Code   RO          949    .text.HAL_Delay     stm32h7xx_hal.o
    0x08002720   0x08002720   0x0000008c   Code   RO         1395    .text.HAL_FDCAN_ActivateNotification  stm32h7xx_hal_fdcan.o
    0x080027ac   0x080027ac   0x00000004   PAD
    0x080027b0   0x080027b0   0x000000ea   Code   RO         1317    .text.HAL_FDCAN_AddMessageToTxFifoQ  stm32h7xx_hal_fdcan.o
    0x0800289a   0x0800289a   0x00000006   PAD
    0x080028a0   0x080028a0   0x00000002   Code   RO         1409    .text.HAL_FDCAN_ClockCalibrationCallback  stm32h7xx_hal_fdcan.o
    0x080028a2   0x080028a2   0x00000006   PAD
    0x080028a8   0x080028a8   0x00000062   Code   RO         1277    .text.HAL_FDCAN_ConfigFifoWatermark  stm32h7xx_hal_fdcan.o
    0x0800290a   0x0800290a   0x00000006   PAD
    0x08002910   0x08002910   0x0000008c   Code   RO         1269    .text.HAL_FDCAN_ConfigFilter  stm32h7xx_hal_fdcan.o
    0x0800299c   0x0800299c   0x00000004   PAD
    0x080029a0   0x080029a0   0x00000038   Code   RO         1271    .text.HAL_FDCAN_ConfigGlobalFilter  stm32h7xx_hal_fdcan.o
    0x080029d8   0x080029d8   0x00000002   Code   RO         1437    .text.HAL_FDCAN_ErrorCallback  stm32h7xx_hal_fdcan.o
    0x080029da   0x080029da   0x00000006   PAD
    0x080029e0   0x080029e0   0x00000002   Code   RO         1427    .text.HAL_FDCAN_ErrorStatusCallback  stm32h7xx_hal_fdcan.o
    0x080029e2   0x080029e2   0x00000006   PAD
    0x080029e8   0x080029e8   0x000001e6   Code   RO         1327    .text.HAL_FDCAN_GetRxMessage  stm32h7xx_hal_fdcan.o
    0x08002bce   0x08002bce   0x00000002   PAD
    0x08002bd0   0x08002bd0   0x00000002   Code   RO         1405    .text.HAL_FDCAN_HighPriorityMessageCallback  stm32h7xx_hal_fdcan.o
    0x08002bd2   0x08002bd2   0x00000006   PAD
    0x08002bd8   0x08002bd8   0x00000322   Code   RO         1403    .text.HAL_FDCAN_IRQHandler  stm32h7xx_hal_fdcan.o
    0x08002efa   0x08002efa   0x00000006   PAD
    0x08002f00   0x08002f00   0x00000400   Code   RO         1247    .text.HAL_FDCAN_Init  stm32h7xx_hal_fdcan.o
    0x08003300   0x08003300   0x00000134   Code   RO           86    .text.HAL_FDCAN_MspInit  fdcan.o
    0x08003434   0x08003434   0x00000004   PAD
    0x08003438   0x08003438   0x00000002   Code   RO         1421    .text.HAL_FDCAN_RxBufferNewMessageCallback  stm32h7xx_hal_fdcan.o
    0x0800343a   0x0800343a   0x00000006   PAD
    0x08003440   0x08003440   0x000000e0   Code   RO         1992    .text.HAL_FDCAN_RxFifo0Callback  fdcan_receive.o
    0x08003520   0x08003520   0x00000002   Code   RO         1415    .text.HAL_FDCAN_RxFifo1Callback  stm32h7xx_hal_fdcan.o
    0x08003522   0x08003522   0x00000006   PAD
    0x08003528   0x08003528   0x00000034   Code   RO         1315    .text.HAL_FDCAN_Start  stm32h7xx_hal_fdcan.o
    0x0800355c   0x0800355c   0x00000004   PAD
    0x08003560   0x08003560   0x00000002   Code   RO         1435    .text.HAL_FDCAN_TT_GlobalTimeCallback  stm32h7xx_hal_fdcan.o
    0x08003562   0x08003562   0x00000006   PAD
    0x08003568   0x08003568   0x00000002   Code   RO         1429    .text.HAL_FDCAN_TT_ScheduleSyncCallback  stm32h7xx_hal_fdcan.o
    0x0800356a   0x0800356a   0x00000006   PAD
    0x08003570   0x08003570   0x00000002   Code   RO         1433    .text.HAL_FDCAN_TT_StopWatchCallback  stm32h7xx_hal_fdcan.o
    0x08003572   0x08003572   0x00000006   PAD
    0x08003578   0x08003578   0x00000002   Code   RO         1431    .text.HAL_FDCAN_TT_TimeMarkCallback  stm32h7xx_hal_fdcan.o
    0x0800357a   0x0800357a   0x00000006   PAD
    0x08003580   0x08003580   0x00000002   Code   RO         1425    .text.HAL_FDCAN_TimeoutOccurredCallback  stm32h7xx_hal_fdcan.o
    0x08003582   0x08003582   0x00000006   PAD
    0x08003588   0x08003588   0x00000002   Code   RO         1423    .text.HAL_FDCAN_TimestampWraparoundCallback  stm32h7xx_hal_fdcan.o
    0x0800358a   0x0800358a   0x00000006   PAD
    0x08003590   0x08003590   0x00000002   Code   RO         1407    .text.HAL_FDCAN_TxBufferAbortCallback  stm32h7xx_hal_fdcan.o
    0x08003592   0x08003592   0x00000006   PAD
    0x08003598   0x08003598   0x00000002   Code   RO         1419    .text.HAL_FDCAN_TxBufferCompleteCallback  stm32h7xx_hal_fdcan.o
    0x0800359a   0x0800359a   0x00000006   PAD
    0x080035a0   0x080035a0   0x00000002   Code   RO         1411    .text.HAL_FDCAN_TxEventFifoCallback  stm32h7xx_hal_fdcan.o
    0x080035a2   0x080035a2   0x00000006   PAD
    0x080035a8   0x080035a8   0x00000002   Code   RO         1417    .text.HAL_FDCAN_TxFifoEmptyCallback  stm32h7xx_hal_fdcan.o
    0x080035aa   0x080035aa   0x00000006   PAD
    0x080035b0   0x080035b0   0x000001a2   Code   RO          589    .text.HAL_GPIO_Init  stm32h7xx_hal_gpio.o
    0x08003752   0x08003752   0x00000006   PAD
    0x08003758   0x08003758   0x0000000a   Code   RO          593    .text.HAL_GPIO_ReadPin  stm32h7xx_hal_gpio.o
    0x08003762   0x08003762   0x00000006   PAD
    0x08003768   0x08003768   0x0000000a   Code   RO          595    .text.HAL_GPIO_WritePin  stm32h7xx_hal_gpio.o
    0x08003772   0x08003772   0x00000006   PAD
    0x08003778   0x08003778   0x0000000c   Code   RO          941    .text.HAL_GetTick   stm32h7xx_hal.o
    0x08003784   0x08003784   0x00000004   PAD
    0x08003788   0x08003788   0x0000004a   Code   RO         1201    .text.HAL_I2CEx_ConfigAnalogFilter  stm32h7xx_hal_i2c_ex.o
    0x080037d2   0x080037d2   0x00000006   PAD
    0x080037d8   0x080037d8   0x00000048   Code   RO         1203    .text.HAL_I2CEx_ConfigDigitalFilter  stm32h7xx_hal_i2c_ex.o
    0x08003820   0x08003820   0x00000002   Code   RO         1171    .text.HAL_I2C_AbortCpltCallback  stm32h7xx_hal_i2c.o
    0x08003822   0x08003822   0x00000006   PAD
    0x08003828   0x08003828   0x00000002   Code   RO         1161    .text.HAL_I2C_AddrCallback  stm32h7xx_hal_i2c.o
    0x0800382a   0x0800382a   0x00000006   PAD
    0x08003830   0x08003830   0x00000010   Code   RO         1147    .text.HAL_I2C_EV_IRQHandler  stm32h7xx_hal_i2c.o
    0x08003840   0x08003840   0x00000002   Code   RO         1169    .text.HAL_I2C_ErrorCallback  stm32h7xx_hal_i2c.o
    0x08003842   0x08003842   0x00000006   PAD
    0x08003848   0x08003848   0x000000ae   Code   RO         1047    .text.HAL_I2C_Init  stm32h7xx_hal_i2c.o
    0x080038f6   0x080038f6   0x00000002   PAD
    0x080038f8   0x080038f8   0x00000002   Code   RO         1163    .text.HAL_I2C_ListenCpltCallback  stm32h7xx_hal_i2c.o
    0x080038fa   0x080038fa   0x00000006   PAD
    0x08003900   0x08003900   0x00000002   Code   RO         1155    .text.HAL_I2C_MasterRxCpltCallback  stm32h7xx_hal_i2c.o
    0x08003902   0x08003902   0x00000006   PAD
    0x08003908   0x08003908   0x00000002   Code   RO         1153    .text.HAL_I2C_MasterTxCpltCallback  stm32h7xx_hal_i2c.o
    0x0800390a   0x0800390a   0x00000006   PAD
    0x08003910   0x08003910   0x00000002   Code   RO         1167    .text.HAL_I2C_MemRxCpltCallback  stm32h7xx_hal_i2c.o
    0x08003912   0x08003912   0x00000006   PAD
    0x08003918   0x08003918   0x00000002   Code   RO         1165    .text.HAL_I2C_MemTxCpltCallback  stm32h7xx_hal_i2c.o
    0x0800391a   0x0800391a   0x00000006   PAD
    0x08003920   0x08003920   0x00000136   Code   RO         1119    .text.HAL_I2C_Mem_Read_DMA  stm32h7xx_hal_i2c.o
    0x08003a56   0x08003a56   0x00000002   PAD
    0x08003a58   0x08003a58   0x00000110   Code   RO          103    .text.HAL_I2C_MspInit  i2c.o
    0x08003b68   0x08003b68   0x00000002   Code   RO         1159    .text.HAL_I2C_SlaveRxCpltCallback  stm32h7xx_hal_i2c.o
    0x08003b6a   0x08003b6a   0x00000006   PAD
    0x08003b70   0x08003b70   0x00000002   Code   RO         1157    .text.HAL_I2C_SlaveTxCpltCallback  stm32h7xx_hal_i2c.o
    0x08003b72   0x08003b72   0x00000006   PAD
    0x08003b78   0x08003b78   0x0000001a   Code   RO          939    .text.HAL_IncTick   stm32h7xx_hal.o
    0x08003b92   0x08003b92   0x00000006   PAD
    0x08003b98   0x08003b98   0x00000064   Code   RO          929    .text.HAL_Init      stm32h7xx_hal.o
    0x08003bfc   0x08003bfc   0x00000004   PAD
    0x08003c00   0x08003c00   0x0000004c   Code   RO          931    .text.HAL_InitTick  stm32h7xx_hal.o
    0x08003c4c   0x08003c4c   0x00000004   PAD
    0x08003c50   0x08003c50   0x0000005e   Code   RO          899    .text.HAL_MPU_ConfigRegion  stm32h7xx_hal_cortex.o
    0x08003cae   0x08003cae   0x00000002   PAD
    0x08003cb0   0x08003cb0   0x0000001a   Code   RO          891    .text.HAL_MPU_Disable  stm32h7xx_hal_cortex.o
    0x08003cca   0x08003cca   0x00000006   PAD
    0x08003cd0   0x08003cd0   0x00000020   Code   RO          893    .text.HAL_MPU_Enable  stm32h7xx_hal_cortex.o
    0x08003cf0   0x08003cf0   0x0000002a   Code   RO          213    .text.HAL_MspInit   stm32h7xx_hal_msp.o
    0x08003d1a   0x08003d1a   0x00000006   PAD
    0x08003d20   0x08003d20   0x00000022   Code   RO          881    .text.HAL_NVIC_EnableIRQ  stm32h7xx_hal_cortex.o
    0x08003d42   0x08003d42   0x00000006   PAD
    0x08003d48   0x08003d48   0x0000005a   Code   RO          879    .text.HAL_NVIC_SetPriority  stm32h7xx_hal_cortex.o
    0x08003da2   0x08003da2   0x00000006   PAD
    0x08003da8   0x08003da8   0x00000020   Code   RO          877    .text.HAL_NVIC_SetPriorityGrouping  stm32h7xx_hal_cortex.o
    0x08003dc8   0x08003dc8   0x00000026   Code   RO          302    .text.HAL_PCDEx_ActivateLPM  stm32h7xx_hal_pcd_ex.o
    0x08003dee   0x08003dee   0x00000002   PAD
    0x08003df0   0x08003df0   0x00000002   Code   RO          314    .text.HAL_PCDEx_LPM_Callback  stm32h7xx_hal_pcd_ex.o
    0x08003df2   0x08003df2   0x00000006   PAD
    0x08003df8   0x08003df8   0x00000008   Code   RO          300    .text.HAL_PCDEx_SetRxFiFo  stm32h7xx_hal_pcd_ex.o
    0x08003e00   0x08003e00   0x000000da   Code   RO          298    .text.HAL_PCDEx_SetTxFiFo  stm32h7xx_hal_pcd_ex.o
    0x08003eda   0x08003eda   0x00000006   PAD
    0x08003ee0   0x08003ee0   0x00000008   Code   RO         2326    .text.HAL_PCD_ConnectCallback  usbd_conf.o
    0x08003ee8   0x08003ee8   0x00000012   Code   RO         2312    .text.HAL_PCD_DataInStageCallback  usbd_conf.o
    0x08003efa   0x08003efa   0x00000006   PAD
    0x08003f00   0x08003f00   0x00000014   Code   RO         2310    .text.HAL_PCD_DataOutStageCallback  usbd_conf.o
    0x08003f14   0x08003f14   0x00000004   PAD
    0x08003f18   0x08003f18   0x00000008   Code   RO         2328    .text.HAL_PCD_DisconnectCallback  usbd_conf.o
    0x08003f20   0x08003f20   0x00000056   Code   RO          268    .text.HAL_PCD_EP_Close  stm32h7xx_hal_pcd.o
    0x08003f76   0x08003f76   0x00000002   PAD
    0x08003f78   0x08003f78   0x00000068   Code   RO          278    .text.HAL_PCD_EP_ClrStall  stm32h7xx_hal_pcd.o
    0x08003fe0   0x08003fe0   0x00000012   Code   RO          272    .text.HAL_PCD_EP_GetRxCount  stm32h7xx_hal_pcd.o
    0x08003ff2   0x08003ff2   0x00000006   PAD
    0x08003ff8   0x08003ff8   0x0000006c   Code   RO          266    .text.HAL_PCD_EP_Open  stm32h7xx_hal_pcd.o
    0x08004064   0x08004064   0x00000004   PAD
    0x08004068   0x08004068   0x0000003a   Code   RO          270    .text.HAL_PCD_EP_Receive  stm32h7xx_hal_pcd.o
    0x080040a2   0x080040a2   0x00000006   PAD
    0x080040a8   0x080040a8   0x0000007c   Code   RO          276    .text.HAL_PCD_EP_SetStall  stm32h7xx_hal_pcd.o
    0x08004124   0x08004124   0x00000004   PAD
    0x08004128   0x08004128   0x0000003e   Code   RO          274    .text.HAL_PCD_EP_Transmit  stm32h7xx_hal_pcd.o
    0x08004166   0x08004166   0x00000002   PAD
    0x08004168   0x08004168   0x000009b8   Code   RO          234    .text.HAL_PCD_IRQHandler  stm32h7xx_hal_pcd.o
    0x08004b20   0x08004b20   0x00000008   Code   RO         2324    .text.HAL_PCD_ISOINIncompleteCallback  usbd_conf.o
    0x08004b28   0x08004b28   0x00000008   Code   RO         2322    .text.HAL_PCD_ISOOUTIncompleteCallback  usbd_conf.o
    0x08004b30   0x08004b30   0x00000282   Code   RO          222    .text.HAL_PCD_Init  stm32h7xx_hal_pcd.o
    0x08004db2   0x08004db2   0x00000006   PAD
    0x08004db8   0x08004db8   0x0000008a   Code   RO         2304    .text.HAL_PCD_MspInit  usbd_conf.o
    0x08004e42   0x08004e42   0x00000006   PAD
    0x08004e48   0x08004e48   0x0000002a   Code   RO         2316    .text.HAL_PCD_ResetCallback  usbd_conf.o
    0x08004e72   0x08004e72   0x00000006   PAD
    0x08004e78   0x08004e78   0x00000008   Code   RO         2320    .text.HAL_PCD_ResumeCallback  usbd_conf.o
    0x08004e80   0x08004e80   0x00000008   Code   RO         2314    .text.HAL_PCD_SOFCallback  usbd_conf.o
    0x08004e88   0x08004e88   0x00000026   Code   RO          264    .text.HAL_PCD_SetAddress  stm32h7xx_hal_pcd.o
    0x08004eae   0x08004eae   0x00000002   PAD
    0x08004eb0   0x08004eb0   0x0000000e   Code   RO         2308    .text.HAL_PCD_SetupStageCallback  usbd_conf.o
    0x08004ebe   0x08004ebe   0x00000002   PAD
    0x08004ec0   0x08004ec0   0x0000003e   Code   RO          230    .text.HAL_PCD_Start  stm32h7xx_hal_pcd.o
    0x08004efe   0x08004efe   0x00000002   PAD
    0x08004f00   0x08004f00   0x00000034   Code   RO         2318    .text.HAL_PCD_SuspendCallback  usbd_conf.o
    0x08004f34   0x08004f34   0x00000004   PAD
    0x08004f38   0x08004f38   0x0000004c   Code   RO          793    .text.HAL_PWREx_ConfigSupply  stm32h7xx_hal_pwr_ex.o
    0x08004f84   0x08004f84   0x00000004   PAD
    0x08004f88   0x08004f88   0x00000012   Code   RO          843    .text.HAL_PWREx_EnableUSBVoltageDetector  stm32h7xx_hal_pwr_ex.o
    0x08004f9a   0x08004f9a   0x00000006   PAD
    0x08004fa0   0x08004fa0   0x00000026   Code   RO          480    .text.HAL_RCCEx_GetD3PCLK1Freq  stm32h7xx_hal_rcc_ex.o
    0x08004fc6   0x08004fc6   0x00000002   PAD
    0x08004fc8   0x08004fc8   0x0000012c   Code   RO          476    .text.HAL_RCCEx_GetPLL2ClockFreq  stm32h7xx_hal_rcc_ex.o
    0x080050f4   0x080050f4   0x00000004   PAD
    0x080050f8   0x080050f8   0x0000012c   Code   RO          478    .text.HAL_RCCEx_GetPLL3ClockFreq  stm32h7xx_hal_rcc_ex.o
    0x08005224   0x08005224   0x00000004   PAD
    0x08005228   0x08005228   0x00000aa8   Code   RO          464    .text.HAL_RCCEx_PeriphCLKConfig  stm32h7xx_hal_rcc_ex.o
    0x08005cd0   0x08005cd0   0x00000268   Code   RO          432    .text.HAL_RCC_ClockConfig  stm32h7xx_hal_rcc.o
    0x08005f38   0x08005f38   0x0000004c   Code   RO          442    .text.HAL_RCC_GetHCLKFreq  stm32h7xx_hal_rcc.o
    0x08005f84   0x08005f84   0x00000004   PAD
    0x08005f88   0x08005f88   0x00000060   Code   RO          444    .text.HAL_RCC_GetPCLK1Freq  stm32h7xx_hal_rcc.o
    0x08005fe8   0x08005fe8   0x00000060   Code   RO          446    .text.HAL_RCC_GetPCLK2Freq  stm32h7xx_hal_rcc.o
    0x08006048   0x08006048   0x00000118   Code   RO          434    .text.HAL_RCC_GetSysClockFreq  stm32h7xx_hal_rcc.o
    0x08006160   0x08006160   0x0000052c   Code   RO          430    .text.HAL_RCC_OscConfig  stm32h7xx_hal_rcc.o
    0x0800668c   0x0800668c   0x00000004   PAD
    0x08006690   0x08006690   0x00000014   Code   RO          979    .text.HAL_SYSCFG_AnalogSwitchConfig  stm32h7xx_hal.o
    0x080066a4   0x080066a4   0x00000004   PAD
    0x080066a8   0x080066a8   0x0000002e   Code   RO          889    .text.HAL_SYSTICK_Config  stm32h7xx_hal_cortex.o
    0x080066d6   0x080066d6   0x00000002   PAD
    0x080066d8   0x080066d8   0x00000002   Code   RO         1770    .text.HAL_TIMEx_Break2Callback  stm32h7xx_hal_tim_ex.o
    0x080066da   0x080066da   0x00000006   PAD
    0x080066e0   0x080066e0   0x00000002   Code   RO         1768    .text.HAL_TIMEx_BreakCallback  stm32h7xx_hal_tim_ex.o
    0x080066e2   0x080066e2   0x00000006   PAD
    0x080066e8   0x080066e8   0x00000002   Code   RO         1764    .text.HAL_TIMEx_CommutCallback  stm32h7xx_hal_tim_ex.o
    0x080066ea   0x080066ea   0x00000006   PAD
    0x080066f0   0x080066f0   0x000000de   Code   RO         1748    .text.HAL_TIMEx_MasterConfigSynchronization  stm32h7xx_hal_tim_ex.o
    0x080067ce   0x080067ce   0x00000002   PAD
    0x080067d0   0x080067d0   0x00000060   Code   RO         1453    .text.HAL_TIM_Base_Init  stm32h7xx_hal_tim.o
    0x08006830   0x08006830   0x00000044   Code   RO          125    .text.HAL_TIM_Base_MspInit  tim.o
    0x08006874   0x08006874   0x00000004   PAD
    0x08006878   0x08006878   0x000000dc   Code   RO         1467    .text.HAL_TIM_Base_Start_IT  stm32h7xx_hal_tim.o
    0x08006954   0x08006954   0x00000004   PAD
    0x08006958   0x08006958   0x00000002   Code   RO         1589    .text.HAL_TIM_IC_CaptureCallback  stm32h7xx_hal_tim.o
    0x0800695a   0x0800695a   0x00000006   PAD
    0x08006960   0x08006960   0x0000016c   Code   RO         1587    .text.HAL_TIM_IRQHandler  stm32h7xx_hal_tim.o
    0x08006acc   0x08006acc   0x00000004   PAD
    0x08006ad0   0x08006ad0   0x00000002   Code   RO         1591    .text.HAL_TIM_OC_DelayElapsedCallback  stm32h7xx_hal_tim.o
    0x08006ad2   0x08006ad2   0x00000006   PAD
    0x08006ad8   0x08006ad8   0x000004b8   Code   RO         1607    .text.HAL_TIM_PWM_ConfigChannel  stm32h7xx_hal_tim.o
    0x08006f90   0x08006f90   0x00000060   Code   RO         1507    .text.HAL_TIM_PWM_Init  stm32h7xx_hal_tim.o
    0x08006ff0   0x08006ff0   0x00000030   Code   RO          127    .text.HAL_TIM_PWM_MspInit  tim.o
    0x08007020   0x08007020   0x00000002   Code   RO         1593    .text.HAL_TIM_PWM_PulseFinishedCallback  stm32h7xx_hal_tim.o
    0x08007022   0x08007022   0x00000006   PAD
    0x08007028   0x08007028   0x000001a0   Code   RO         1515    .text.HAL_TIM_PWM_Start  stm32h7xx_hal_tim.o
    0x080071c8   0x080071c8   0x000001e8   Code   RO         2064    .text.HAL_TIM_PeriodElapsedCallback  timer_user.o
    0x080073b0   0x080073b0   0x00000002   Code   RO         1597    .text.HAL_TIM_TriggerCallback  stm32h7xx_hal_tim.o
    0x080073b2   0x080073b2   0x00000006   PAD
    0x080073b8   0x080073b8   0x00000036   Code   RO         1947    .text.HAL_UARTEx_DisableFifoMode  stm32h7xx_hal_uart_ex.o
    0x080073ee   0x080073ee   0x00000002   PAD
    0x080073f0   0x080073f0   0x00000002   Code   RO         1874    .text.HAL_UARTEx_RxEventCallback  stm32h7xx_hal_uart.o
    0x080073f2   0x080073f2   0x00000006   PAD
    0x080073f8   0x080073f8   0x00000002   Code   RO         1933    .text.HAL_UARTEx_RxFifoFullCallback  stm32h7xx_hal_uart_ex.o
    0x080073fa   0x080073fa   0x00000006   PAD
    0x08007400   0x08007400   0x00000090   Code   RO         1951    .text.HAL_UARTEx_SetRxFifoThreshold  stm32h7xx_hal_uart_ex.o
    0x08007490   0x08007490   0x00000090   Code   RO         1949    .text.HAL_UARTEx_SetTxFifoThreshold  stm32h7xx_hal_uart_ex.o
    0x08007520   0x08007520   0x00000002   Code   RO         1935    .text.HAL_UARTEx_TxFifoEmptyCallback  stm32h7xx_hal_uart_ex.o
    0x08007522   0x08007522   0x00000006   PAD
    0x08007528   0x08007528   0x00000002   Code   RO         1931    .text.HAL_UARTEx_WakeupCallback  stm32h7xx_hal_uart_ex.o
    0x0800752a   0x0800752a   0x00000006   PAD
    0x08007530   0x08007530   0x00000002   Code   RO         1872    .text.HAL_UART_ErrorCallback  stm32h7xx_hal_uart.o
    0x08007532   0x08007532   0x00000006   PAD
    0x08007538   0x08007538   0x00000772   Code   RO         1868    .text.HAL_UART_IRQHandler  stm32h7xx_hal_uart.o
    0x08007caa   0x08007caa   0x00000006   PAD
    0x08007cb0   0x08007cb0   0x00000064   Code   RO         1784    .text.HAL_UART_Init  stm32h7xx_hal_uart.o
    0x08007d14   0x08007d14   0x00000004   PAD
    0x08007d18   0x08007d18   0x00000294   Code   RO          151    .text.HAL_UART_MspInit  usart.o
    0x08007fac   0x08007fac   0x00000004   PAD
    0x08007fb0   0x08007fb0   0x000001e8   Code   RO         1832    .text.HAL_UART_Receive_DMA  stm32h7xx_hal_uart.o
    0x08008198   0x08008198   0x000000ac   Code   RO         1820    .text.HAL_UART_Receive_IT  stm32h7xx_hal_uart.o
    0x08008244   0x08008244   0x00000004   PAD
    0x08008248   0x08008248   0x00000042   Code   RO         2215    .text.HAL_UART_RxCpltCallback  bsp_usart.o
    0x0800828a   0x0800828a   0x00000006   PAD
    0x08008290   0x08008290   0x00000002   Code   RO         1882    .text.HAL_UART_RxHalfCpltCallback  stm32h7xx_hal_uart.o
    0x08008292   0x08008292   0x00000006   PAD
    0x08008298   0x08008298   0x00000198   Code   RO         1804    .text.HAL_UART_Transmit  stm32h7xx_hal_uart.o
    0x08008430   0x08008430   0x00000002   Code   RO         1876    .text.HAL_UART_TxCpltCallback  stm32h7xx_hal_uart.o
    0x08008432   0x08008432   0x00000006   PAD
    0x08008438   0x08008438   0x00000002   Code   RO          170    .text.HardFault_Handler  stm32h7xx_it.o
    0x0800843a   0x0800843a   0x00000006   PAD
    0x08008440   0x08008440   0x0000000c   Code   RO          192    .text.I2C2_EV_IRQHandler  stm32h7xx_it.o
    0x0800844c   0x0800844c   0x00000004   PAD
    0x08008450   0x08008450   0x0000003c   Code   RO         1133    .text.I2C_DMAAbort  stm32h7xx_hal_i2c.o
    0x0800848c   0x0800848c   0x00000004   PAD
    0x08008490   0x08008490   0x00000200   Code   RO         1089    .text.I2C_DMAError  stm32h7xx_hal_i2c.o
    0x08008690   0x08008690   0x000000b0   Code   RO         1093    .text.I2C_DMAMasterReceiveCplt  stm32h7xx_hal_i2c.o
    0x08008740   0x08008740   0x000000a2   Code   RO         1189    .text.I2C_ITAddrCplt  stm32h7xx_hal_i2c.o
    0x080087e2   0x080087e2   0x00000006   PAD
    0x080087e8   0x080087e8   0x00000196   Code   RO         1151    .text.I2C_ITError   stm32h7xx_hal_i2c.o
    0x0800897e   0x0800897e   0x00000002   PAD
    0x08008980   0x08008980   0x00000062   Code   RO         1185    .text.I2C_ITListenCplt  stm32h7xx_hal_i2c.o
    0x080089e2   0x080089e2   0x00000006   PAD
    0x080089e8   0x080089e8   0x0000015a   Code   RO         1181    .text.I2C_ITMasterCplt  stm32h7xx_hal_i2c.o
    0x08008b42   0x08008b42   0x00000006   PAD
    0x08008b48   0x08008b48   0x00000070   Code   RO         1179    .text.I2C_ITMasterSeqCplt  stm32h7xx_hal_i2c.o
    0x08008bb8   0x08008bb8   0x0000049a   Code   RO         1183    .text.I2C_ITSlaveCplt  stm32h7xx_hal_i2c.o
    0x08009052   0x08009052   0x00000006   PAD
    0x08009058   0x08009058   0x00000094   Code   RO         1187    .text.I2C_ITSlaveSeqCplt  stm32h7xx_hal_i2c.o
    0x080090ec   0x080090ec   0x00000004   PAD
    0x080090f0   0x080090f0   0x00000206   Code   RO         1085    .text.I2C_Master_ISR_DMA  stm32h7xx_hal_i2c.o
    0x080092f6   0x080092f6   0x00000002   PAD
    0x080092f8   0x080092f8   0x00000202   Code   RO         1117    .text.I2C_Mem_ISR_DMA  stm32h7xx_hal_i2c.o
    0x080094fa   0x080094fa   0x00000006   PAD
    0x08009500   0x08009500   0x000002f2   Code   RO         1097    .text.I2C_Slave_ISR_DMA  stm32h7xx_hal_i2c.o
    0x080097f2   0x080097f2   0x00000006   PAD
    0x080097f8   0x080097f8   0x00000244   Code   RO         1079    .text.I2C_Slave_ISR_IT  stm32h7xx_hal_i2c.o
    0x08009a3c   0x08009a3c   0x00000004   PAD
    0x08009a40   0x08009a40   0x000000a0   Code   RO         2158    .text.MT6701_ReadAngle  mt6701.o
    0x08009ae0   0x08009ae0   0x00000054   Code   RO           73    .text.MX_DMA_Init   dma.o
    0x08009b34   0x08009b34   0x00000004   PAD
    0x08009b38   0x08009b38   0x0000006c   Code   RO           82    .text.MX_FDCAN1_Init  fdcan.o
    0x08009ba4   0x08009ba4   0x00000004   PAD
    0x08009ba8   0x08009ba8   0x0000006c   Code   RO           84    .text.MX_FDCAN2_Init  fdcan.o
    0x08009c14   0x08009c14   0x00000004   PAD
    0x08009c18   0x08009c18   0x00000194   Code   RO           46    .text.MX_FREERTOS_Init  freertos.o
    0x08009dac   0x08009dac   0x00000004   PAD
    0x08009db0   0x08009db0   0x00000110   Code   RO           34    .text.MX_GPIO_Init  gpio.o
    0x08009ec0   0x08009ec0   0x0000006a   Code   RO          101    .text.MX_I2C2_Init  i2c.o
    0x08009f2a   0x08009f2a   0x00000006   PAD
    0x08009f30   0x08009f30   0x000000c2   Code   RO          121    .text.MX_TIM12_Init  tim.o
    0x08009ff2   0x08009ff2   0x00000006   PAD
    0x08009ff8   0x08009ff8   0x0000004e   Code   RO          119    .text.MX_TIM7_Init  tim.o
    0x0800a046   0x0800a046   0x00000002   PAD
    0x0800a048   0x0800a048   0x00000084   Code   RO          143    .text.MX_UART5_Init  usart.o
    0x0800a0cc   0x0800a0cc   0x00000004   PAD
    0x0800a0d0   0x0800a0d0   0x0000007c   Code   RO          145    .text.MX_UART7_Init  usart.o
    0x0800a14c   0x0800a14c   0x00000004   PAD
    0x0800a150   0x0800a150   0x0000007c   Code   RO          147    .text.MX_UART9_Init  usart.o
    0x0800a1cc   0x0800a1cc   0x00000004   PAD
    0x0800a1d0   0x0800a1d0   0x0000007c   Code   RO          149    .text.MX_USART1_UART_Init  usart.o
    0x0800a24c   0x0800a24c   0x00000004   PAD
    0x0800a250   0x0800a250   0x0000006c   Code   RO         2240    .text.MX_USB_DEVICE_Init  usb_device.o
    0x0800a2bc   0x0800a2bc   0x00000004   PAD
    0x0800a2c0   0x0800a2c0   0x00000002   Code   RO          172    .text.MemManage_Handler  stm32h7xx_it.o
    0x0800a2c2   0x0800a2c2   0x00000006   PAD
    0x0800a2c8   0x0800a2c8   0x00000002   Code   RO          168    .text.NMI_Handler   stm32h7xx_it.o
    0x0800a2ca   0x0800a2ca   0x00000006   PAD
    0x0800a2d0   0x0800a2d0   0x0000000c   Code   RO          200    .text.OTG_HS_IRQHandler  stm32h7xx_it.o
    0x0800a2dc   0x0800a2dc   0x00000004   PAD
    0x0800a2e0   0x0800a2e0   0x00000064   Code   RO         2784    .text.PendSV_Handler  port.o
    0x0800a344   0x0800a344   0x00000004   PAD
    0x0800a348   0x0800a348   0x00000122   Code   RO          466    .text.RCCEx_PLL2_Config  stm32h7xx_hal_rcc_ex.o
    0x0800a46a   0x0800a46a   0x00000006   PAD
    0x0800a470   0x0800a470   0x00000122   Code   RO          468    .text.RCCEx_PLL3_Config  stm32h7xx_hal_rcc_ex.o
    0x0800a592   0x0800a592   0x00000006   PAD
    0x0800a598   0x0800a598   0x000002d2   Code   RO         2104    .text.Receive_From_upper  communition.o
    0x0800a86a   0x0800a86a   0x00000006   PAD
    0x0800a870   0x0800a870   0x0000015e   Code   RO         2217    .text.Receive_data  bsp_usart.o
    0x0800a9ce   0x0800a9ce   0x00000002   PAD
    0x0800a9d0   0x0800a9d0   0x00000024   Code   RO         2768    .text.SVC_Handler   port.o
    0x0800a9f4   0x0800a9f4   0x00000004   PAD
    0x0800a9f8   0x0800a9f8   0x00000104   Code   RO         2133    .text.Shout_Ball    my_task.o
    0x0800aafc   0x0800aafc   0x00000004   PAD
    0x0800ab00   0x0800ab00   0x00000094   Code   RO         2125    .text.StartDefaultTask  my_task.o
    0x0800ab94   0x0800ab94   0x00000004   PAD
    0x0800ab98   0x0800ab98   0x00000052   Code   RO         2141    .text.StartLaunchTask  my_task.o
    0x0800abea   0x0800abea   0x00000006   PAD
    0x0800abf0   0x0800abf0   0x00000018   Code   RO          180    .text.SysTick_Handler  stm32h7xx_it.o
    0x0800ac08   0x0800ac08   0x000000d0   Code   RO           21    .text.SystemClock_Config  main.o
    0x0800acd8   0x0800acd8   0x000000d2   Code   RO         1970    .text.SystemInit    system_stm32h7xx.o
    0x0800adaa   0x0800adaa   0x00000006   PAD
    0x0800adb0   0x0800adb0   0x0000000c   Code   RO          198    .text.TIM7_IRQHandler  stm32h7xx_it.o
    0x0800adbc   0x0800adbc   0x00000004   PAD
    0x0800adc0   0x0800adc0   0x00000178   Code   RO         1457    .text.TIM_Base_SetConfig  stm32h7xx_hal_tim.o
    0x0800af38   0x0800af38   0x00000154   Code   RO         2139    .text.Task_Changes  my_task.o
    0x0800b08c   0x0800b08c   0x00000004   PAD
    0x0800b090   0x0800b090   0x0000000c   Code   RO          196    .text.UART5_IRQHandler  stm32h7xx_it.o
    0x0800b09c   0x0800b09c   0x00000004   PAD
    0x0800b0a0   0x0800b0a0   0x00000028   Code   RO         2219    .text.UART7_IRQHandler  bsp_usart.o
    0x0800b0c8   0x0800b0c8   0x0000000c   Code   RO          204    .text.UART9_IRQHandler  stm32h7xx_it.o
    0x0800b0d4   0x0800b0d4   0x00000004   PAD
    0x0800b0d8   0x0800b0d8   0x000000e0   Code   RO         1788    .text.UART_AdvFeatureConfig  stm32h7xx_hal_uart.o
    0x0800b1b8   0x0800b1b8   0x00000176   Code   RO         1792    .text.UART_CheckIdleState  stm32h7xx_hal_uart.o
    0x0800b32e   0x0800b32e   0x00000002   PAD
    0x0800b330   0x0800b330   0x0000000c   Code   RO         1870    .text.UART_DMAAbortOnError  stm32h7xx_hal_uart.o
    0x0800b33c   0x0800b33c   0x00000004   PAD
    0x0800b340   0x0800b340   0x000001f4   Code   RO         1830    .text.UART_DMAError  stm32h7xx_hal_uart.o
    0x0800b534   0x0800b534   0x00000004   PAD
    0x0800b538   0x0800b538   0x00000178   Code   RO         1914    .text.UART_DMAReceiveCplt  stm32h7xx_hal_uart.o
    0x0800b6b0   0x0800b6b0   0x0000001c   Code   RO         1916    .text.UART_DMARxHalfCplt  stm32h7xx_hal_uart.o
    0x0800b6cc   0x0800b6cc   0x00000004   PAD
    0x0800b6d0   0x0800b6d0   0x000001c4   Code   RO         1910    .text.UART_RxISR_16BIT  stm32h7xx_hal_uart.o
    0x0800b894   0x0800b894   0x00000004   PAD
    0x0800b898   0x0800b898   0x0000033a   Code   RO         1906    .text.UART_RxISR_16BIT_FIFOEN  stm32h7xx_hal_uart.o
    0x0800bbd2   0x0800bbd2   0x00000006   PAD
    0x0800bbd8   0x0800bbd8   0x000001c8   Code   RO         1912    .text.UART_RxISR_8BIT  stm32h7xx_hal_uart.o
    0x0800bda0   0x0800bda0   0x0000033e   Code   RO         1908    .text.UART_RxISR_8BIT_FIFOEN  stm32h7xx_hal_uart.o
    0x0800c0de   0x0800c0de   0x00000002   PAD
    0x0800c0e0   0x0800c0e0   0x0000049c   Code   RO         1790    .text.UART_SetConfig  stm32h7xx_hal_uart.o
    0x0800c57c   0x0800c57c   0x00000004   PAD
    0x0800c580   0x0800c580   0x00000274   Code   RO         1822    .text.UART_Start_Receive_IT  stm32h7xx_hal_uart.o
    0x0800c7f4   0x0800c7f4   0x00000004   PAD
    0x0800c7f8   0x0800c7f8   0x00000358   Code   RO         1806    .text.UART_WaitOnFlagUntilTimeout  stm32h7xx_hal_uart.o
    0x0800cb50   0x0800cb50   0x00000028   Code   RO         2090    .text.USART1_IRQHandler  communition.o
    0x0800cb78   0x0800cb78   0x00000072   Code   RO         2907    .text.USBD_CDC_DataIn  usbd_cdc.o
    0x0800cbea   0x0800cbea   0x00000006   PAD
    0x0800cbf0   0x0800cbf0   0x0000003c   Code   RO         2909    .text.USBD_CDC_DataOut  usbd_cdc.o
    0x0800cc2c   0x0800cc2c   0x00000004   PAD
    0x0800cc30   0x0800cc30   0x0000005a   Code   RO         2901    .text.USBD_CDC_DeInit  usbd_cdc.o
    0x0800cc8a   0x0800cc8a   0x00000006   PAD
    0x0800cc90   0x0800cc90   0x00000038   Code   RO         2905    .text.USBD_CDC_EP0_RxReady  usbd_cdc.o
    0x0800ccc8   0x0800ccc8   0x00000010   Code   RO         2917    .text.USBD_CDC_GetDeviceQualifierDescriptor  usbd_cdc.o
    0x0800ccd8   0x0800ccd8   0x00000052   Code   RO         2913    .text.USBD_CDC_GetFSCfgDesc  usbd_cdc.o
    0x0800cd2a   0x0800cd2a   0x00000006   PAD
    0x0800cd30   0x0800cd30   0x00000056   Code   RO         2911    .text.USBD_CDC_GetHSCfgDesc  usbd_cdc.o
    0x0800cd86   0x0800cd86   0x00000002   PAD
    0x0800cd88   0x0800cd88   0x00000052   Code   RO         2915    .text.USBD_CDC_GetOtherSpeedCfgDesc  usbd_cdc.o
    0x0800cdda   0x0800cdda   0x00000006   PAD
    0x0800cde0   0x0800cde0   0x000000ce   Code   RO         2899    .text.USBD_CDC_Init  usbd_cdc.o
    0x0800ceae   0x0800ceae   0x00000002   PAD
    0x0800ceb0   0x0800ceb0   0x00000030   Code   RO         2927    .text.USBD_CDC_ReceivePacket  usbd_cdc.o
    0x0800cee0   0x0800cee0   0x00000018   Code   RO         2919    .text.USBD_CDC_RegisterInterface  usbd_cdc.o
    0x0800cef8   0x0800cef8   0x0000001c   Code   RO         2923    .text.USBD_CDC_SetRxBuffer  usbd_cdc.o
    0x0800cf14   0x0800cf14   0x00000004   PAD
    0x0800cf18   0x0800cf18   0x00000020   Code   RO         2921    .text.USBD_CDC_SetTxBuffer  usbd_cdc.o
    0x0800cf38   0x0800cf38   0x000000f0   Code   RO         2903    .text.USBD_CDC_Setup  usbd_cdc.o
    0x0800d028   0x0800d028   0x00000012   Code   RO         2814    .text.USBD_ClrClassConfig  usbd_core.o
    0x0800d03a   0x0800d03a   0x00000006   PAD
    0x0800d040   0x0800d040   0x00000004   Code   RO         2822    .text.USBD_CoreFindEP  usbd_core.o
    0x0800d044   0x0800d044   0x00000004   PAD
    0x0800d048   0x0800d048   0x00000004   Code   RO         2820    .text.USBD_CoreFindIF  usbd_core.o
    0x0800d04c   0x0800d04c   0x00000004   PAD
    0x0800d050   0x0800d050   0x00000010   Code   RO         2883    .text.USBD_CtlContinueRx  usbd_ioreq.o
    0x0800d060   0x0800d060   0x00000010   Code   RO         2879    .text.USBD_CtlContinueSendData  usbd_ioreq.o
    0x0800d070   0x0800d070   0x00000016   Code   RO         2858    .text.USBD_CtlError  usbd_ctlreq.o
    0x0800d086   0x0800d086   0x00000002   PAD
    0x0800d088   0x0800d088   0x0000001e   Code   RO         2881    .text.USBD_CtlPrepareRx  usbd_ioreq.o
    0x0800d0a6   0x0800d0a6   0x00000002   PAD
    0x0800d0a8   0x0800d0a8   0x00000016   Code   RO         2887    .text.USBD_CtlReceiveStatus  usbd_ioreq.o
    0x0800d0be   0x0800d0be   0x00000002   PAD
    0x0800d0c0   0x0800d0c0   0x0000001a   Code   RO         2877    .text.USBD_CtlSendData  usbd_ioreq.o
    0x0800d0da   0x0800d0da   0x00000006   PAD
    0x0800d0e0   0x0800d0e0   0x00000016   Code   RO         2885    .text.USBD_CtlSendStatus  usbd_ioreq.o
    0x0800d0f6   0x0800d0f6   0x00000002   PAD
    0x0800d0f8   0x0800d0f8   0x00000084   Code   RO         2844    .text.USBD_GetEpDesc  usbd_core.o
    0x0800d17c   0x0800d17c   0x00000004   PAD
    0x0800d180   0x0800d180   0x000000fc   Code   RO         2866    .text.USBD_GetString  usbd_ctlreq.o
    0x0800d27c   0x0800d27c   0x00000004   PAD
    0x0800d280   0x0800d280   0x00000024   Code   RO         2259    .text.USBD_HS_ConfigStrDescriptor  usbd_desc.o
    0x0800d2a4   0x0800d2a4   0x00000004   PAD
    0x0800d2a8   0x0800d2a8   0x0000000e   Code   RO         2249    .text.USBD_HS_DeviceDescriptor  usbd_desc.o
    0x0800d2b6   0x0800d2b6   0x00000002   PAD
    0x0800d2b8   0x0800d2b8   0x00000028   Code   RO         2261    .text.USBD_HS_InterfaceStrDescriptor  usbd_desc.o
    0x0800d2e0   0x0800d2e0   0x0000000e   Code   RO         2251    .text.USBD_HS_LangIDStrDescriptor  usbd_desc.o
    0x0800d2ee   0x0800d2ee   0x00000002   PAD
    0x0800d2f0   0x0800d2f0   0x0000002c   Code   RO         2253    .text.USBD_HS_ManufacturerStrDescriptor  usbd_desc.o
    0x0800d31c   0x0800d31c   0x00000004   PAD
    0x0800d320   0x0800d320   0x00000030   Code   RO         2255    .text.USBD_HS_ProductStrDescriptor  usbd_desc.o
    0x0800d350   0x0800d350   0x0000016e   Code   RO         2257    .text.USBD_HS_SerialStrDescriptor  usbd_desc.o
    0x0800d4be   0x0800d4be   0x00000002   PAD
    0x0800d4c0   0x0800d4c0   0x00000028   Code   RO         2800    .text.USBD_Init     usbd_core.o
    0x0800d4e8   0x0800d4e8   0x00000022   Code   RO         2348    .text.USBD_LL_ClearStallEP  usbd_conf.o
    0x0800d50a   0x0800d50a   0x00000006   PAD
    0x0800d510   0x0800d510   0x00000022   Code   RO         2342    .text.USBD_LL_CloseEP  usbd_conf.o
    0x0800d532   0x0800d532   0x00000006   PAD
    0x0800d538   0x0800d538   0x000000ba   Code   RO         2824    .text.USBD_LL_DataInStage  usbd_core.o
    0x0800d5f2   0x0800d5f2   0x00000006   PAD
    0x0800d5f8   0x0800d5f8   0x00000078   Code   RO         2818    .text.USBD_LL_DataOutStage  usbd_core.o
    0x0800d670   0x0800d670   0x00000004   Code   RO         2840    .text.USBD_LL_DevConnected  usbd_core.o
    0x0800d674   0x0800d674   0x00000004   PAD
    0x0800d678   0x0800d678   0x00000020   Code   RO         2842    .text.USBD_LL_DevDisconnected  usbd_core.o
    0x0800d698   0x0800d698   0x00000008   Code   RO         2358    .text.USBD_LL_GetRxDataSize  usbd_conf.o
    0x0800d6a0   0x0800d6a0   0x00000072   Code   RO         2330    .text.USBD_LL_Init  usbd_conf.o
    0x0800d712   0x0800d712   0x00000006   PAD
    0x0800d718   0x0800d718   0x00000022   Code   RO         2350    .text.USBD_LL_IsStallEP  usbd_conf.o
    0x0800d73a   0x0800d73a   0x00000006   PAD
    0x0800d740   0x0800d740   0x0000002c   Code   RO         2836    .text.USBD_LL_IsoINIncomplete  usbd_core.o
    0x0800d76c   0x0800d76c   0x00000004   PAD
    0x0800d770   0x0800d770   0x0000002c   Code   RO         2838    .text.USBD_LL_IsoOUTIncomplete  usbd_core.o
    0x0800d79c   0x0800d79c   0x00000004   PAD
    0x0800d7a0   0x0800d7a0   0x00000028   Code   RO         2340    .text.USBD_LL_OpenEP  usbd_conf.o
    0x0800d7c8   0x0800d7c8   0x00000022   Code   RO         2356    .text.USBD_LL_PrepareReceive  usbd_conf.o
    0x0800d7ea   0x0800d7ea   0x00000006   PAD
    0x0800d7f0   0x0800d7f0   0x00000060   Code   RO         2826    .text.USBD_LL_Reset  usbd_core.o
    0x0800d850   0x0800d850   0x00000014   Code   RO         2832    .text.USBD_LL_Resume  usbd_core.o
    0x0800d864   0x0800d864   0x00000004   PAD
    0x0800d868   0x0800d868   0x0000001e   Code   RO         2834    .text.USBD_LL_SOF   usbd_core.o
    0x0800d886   0x0800d886   0x00000002   PAD
    0x0800d888   0x0800d888   0x00000008   Code   RO         2828    .text.USBD_LL_SetSpeed  usbd_core.o
    0x0800d890   0x0800d890   0x00000022   Code   RO         2352    .text.USBD_LL_SetUSBAddress  usbd_conf.o
    0x0800d8b2   0x0800d8b2   0x00000006   PAD
    0x0800d8b8   0x0800d8b8   0x00000062   Code   RO         2816    .text.USBD_LL_SetupStage  usbd_core.o
    0x0800d91a   0x0800d91a   0x00000006   PAD
    0x0800d920   0x0800d920   0x00000022   Code   RO         2346    .text.USBD_LL_StallEP  usbd_conf.o
    0x0800d942   0x0800d942   0x00000006   PAD
    0x0800d948   0x0800d948   0x00000022   Code   RO         2336    .text.USBD_LL_Start  usbd_conf.o
    0x0800d96a   0x0800d96a   0x00000006   PAD
    0x0800d970   0x0800d970   0x0000001c   Code   RO         2830    .text.USBD_LL_Suspend  usbd_core.o
    0x0800d98c   0x0800d98c   0x00000004   PAD
    0x0800d990   0x0800d990   0x00000022   Code   RO         2354    .text.USBD_LL_Transmit  usbd_conf.o
    0x0800d9b2   0x0800d9b2   0x00000006   PAD
    0x0800d9b8   0x0800d9b8   0x00000016   Code   RO         2864    .text.USBD_ParseSetupRequest  usbd_ctlreq.o
    0x0800d9ce   0x0800d9ce   0x00000002   PAD
    0x0800d9d0   0x0800d9d0   0x00000046   Code   RO         2804    .text.USBD_RegisterClass  usbd_core.o
    0x0800da16   0x0800da16   0x00000002   PAD
    0x0800da18   0x0800da18   0x00000010   Code   RO         2812    .text.USBD_SetClassConfig  usbd_core.o
    0x0800da28   0x0800da28   0x00000004   Code   RO         2806    .text.USBD_Start    usbd_core.o
    0x0800da2c   0x0800da2c   0x00000004   PAD
    0x0800da30   0x0800da30   0x00000362   Code   RO         2856    .text.USBD_StdDevReq  usbd_ctlreq.o
    0x0800dd92   0x0800dd92   0x00000006   PAD
    0x0800dd98   0x0800dd98   0x00000166   Code   RO         2862    .text.USBD_StdEPReq  usbd_ctlreq.o
    0x0800defe   0x0800defe   0x00000002   PAD
    0x0800df00   0x0800df00   0x0000007c   Code   RO         2860    .text.USBD_StdItfReq  usbd_ctlreq.o
    0x0800df7c   0x0800df7c   0x00000004   PAD
    0x0800df80   0x0800df80   0x00000002   Code   RO         2362    .text.USBD_static_free  usbd_conf.o
    0x0800df82   0x0800df82   0x00000006   PAD
    0x0800df88   0x0800df88   0x0000000a   Code   RO         2360    .text.USBD_static_malloc  usbd_conf.o
    0x0800df92   0x0800df92   0x00000006   PAD
    0x0800df98   0x0800df98   0x0000008a   Code   RO          346    .text.USB_ActivateEndpoint  stm32h7xx_ll_usb.o
    0x0800e022   0x0800e022   0x00000006   PAD
    0x0800e028   0x0800e028   0x00000020   Code   RO          388    .text.USB_ActivateSetup  stm32h7xx_ll_usb.o
    0x0800e048   0x0800e048   0x0000022e   Code   RO          324    .text.USB_CoreInit  stm32h7xx_ll_usb.o
    0x0800e276   0x0800e276   0x00000002   PAD
    0x0800e278   0x0800e278   0x00000086   Code   RO          350    .text.USB_DeactivateEndpoint  stm32h7xx_ll_usb.o
    0x0800e2fe   0x0800e2fe   0x00000002   PAD
    0x0800e300   0x0800e300   0x0000001e   Code   RO          370    .text.USB_DevConnect  stm32h7xx_ll_usb.o
    0x0800e31e   0x0800e31e   0x00000002   PAD
    0x0800e320   0x0800e320   0x0000001e   Code   RO          372    .text.USB_DevDisconnect  stm32h7xx_ll_usb.o
    0x0800e33e   0x0800e33e   0x00000002   PAD
    0x0800e340   0x0800e340   0x0000049e   Code   RO          336    .text.USB_DevInit   stm32h7xx_ll_usb.o
    0x0800e7de   0x0800e7de   0x00000002   PAD
    0x0800e7e0   0x0800e7e0   0x0000000e   Code   RO          330    .text.USB_DisableGlobalInt  stm32h7xx_ll_usb.o
    0x0800e7ee   0x0800e7ee   0x00000002   PAD
    0x0800e7f0   0x0800e7f0   0x0000005a   Code   RO          390    .text.USB_EP0_OutStart  stm32h7xx_ll_usb.o
    0x0800e84a   0x0800e84a   0x00000006   PAD
    0x0800e850   0x0800e850   0x00000052   Code   RO          364    .text.USB_EPClearStall  stm32h7xx_ll_usb.o
    0x0800e8a2   0x0800e8a2   0x00000006   PAD
    0x0800e8a8   0x0800e8a8   0x00000040   Code   RO          362    .text.USB_EPSetStall  stm32h7xx_ll_usb.o
    0x0800e8e8   0x0800e8e8   0x0000022c   Code   RO          354    .text.USB_EPStartXfer  stm32h7xx_ll_usb.o
    0x0800eb14   0x0800eb14   0x00000004   PAD
    0x0800eb18   0x0800eb18   0x0000010e   Code   RO          358    .text.USB_EPStopXfer  stm32h7xx_ll_usb.o
    0x0800ec26   0x0800ec26   0x00000002   PAD
    0x0800ec28   0x0800ec28   0x0000000e   Code   RO          328    .text.USB_EnableGlobalInt  stm32h7xx_ll_usb.o
    0x0800ec36   0x0800ec36   0x00000002   PAD
    0x0800ec38   0x0800ec38   0x000000be   Code   RO          340    .text.USB_FlushTxFifo  stm32h7xx_ll_usb.o
    0x0800ecf6   0x0800ecf6   0x00000002   PAD
    0x0800ecf8   0x0800ecf8   0x0000001a   Code   RO          344    .text.USB_GetDevSpeed  stm32h7xx_ll_usb.o
    0x0800ed12   0x0800ed12   0x00000006   PAD
    0x0800ed18   0x0800ed18   0x00000008   Code   RO          334    .text.USB_GetMode   stm32h7xx_ll_usb.o
    0x0800ed20   0x0800ed20   0x0000000e   Code   RO          380    .text.USB_ReadDevAllInEpInterrupt  stm32h7xx_ll_usb.o
    0x0800ed2e   0x0800ed2e   0x00000002   PAD
    0x0800ed30   0x0800ed30   0x0000000e   Code   RO          378    .text.USB_ReadDevAllOutEpInterrupt  stm32h7xx_ll_usb.o
    0x0800ed3e   0x0800ed3e   0x00000002   PAD
    0x0800ed40   0x0800ed40   0x00000024   Code   RO          384    .text.USB_ReadDevInEPInterrupt  stm32h7xx_ll_usb.o
    0x0800ed64   0x0800ed64   0x00000004   PAD
    0x0800ed68   0x0800ed68   0x00000010   Code   RO          382    .text.USB_ReadDevOutEPInterrupt  stm32h7xx_ll_usb.o
    0x0800ed78   0x0800ed78   0x00000008   Code   RO          374    .text.USB_ReadInterrupts  stm32h7xx_ll_usb.o
    0x0800ed80   0x0800ed80   0x000000b0   Code   RO          360    .text.USB_ReadPacket  stm32h7xx_ll_usb.o
    0x0800ee30   0x0800ee30   0x00000368   Code   RO          332    .text.USB_SetCurrentMode  stm32h7xx_ll_usb.o
    0x0800f198   0x0800f198   0x00000022   Code   RO          368    .text.USB_SetDevAddress  stm32h7xx_ll_usb.o
    0x0800f1ba   0x0800f1ba   0x00000006   PAD
    0x0800f1c0   0x0800f1c0   0x00000118   Code   RO          326    .text.USB_SetTurnaroundTime  stm32h7xx_ll_usb.o
    0x0800f2d8   0x0800f2d8   0x00000078   Code   RO          356    .text.USB_WritePacket  stm32h7xx_ll_usb.o
    0x0800f350   0x0800f350   0x00000002   Code   RO          176    .text.UsageFault_Handler  stm32h7xx_it.o
    0x0800f352   0x0800f352   0x00000006   PAD
    0x0800f358   0x0800f358   0x0000003a   Code   RO         1986    .text.VESC_CAN_Speedrpm  fdcan_receive.o
    0x0800f392   0x0800f392   0x00000006   PAD
    0x0800f398   0x0800f398   0x000000aa   Code   RO         2117    .text._Z15Get_Remote_Datev  dr16.o
    0x0800f442   0x0800f442   0x00000006   PAD
    0x0800f448   0x0800f448   0x00000144   Code   RO         2023    .text._ZN14PID_Controller15All_Device_InitEv  pid_user.o
    0x0800f58c   0x0800f58c   0x00000004   PAD
    0x0800f590   0x0800f590   0x0000013c   Code   RO         2011    .text._ZN14PID_Controller4CORE8PID_CalcEP12pid_type_defff  pid.o
    0x0800f6cc   0x0800f6cc   0x00000004   PAD
    0x0800f6d0   0x0800f6d0   0x00000046   Code   RO         2009    .text._ZN14PID_Controller4CORE8PID_InitEP12pid_type_defhPKffff  pid.o
    0x0800f716   0x0800f716   0x00000002   PAD
    0x0800f718   0x0800f718   0x0000004a   Code   RO         2027    .text._ZN14PID_Controller9CAN_MOTOR21CAN1_Velocity_RealizeEfi  pid_user.o
    0x0800f762   0x0800f762   0x00000006   PAD
    0x0800f768   0x0800f768   0x0000014c   Code   RO         2033    .text._ZN14PID_Controller9CAN_MOTOR25CAN1_VP_Dual_Loop_RealizeEfii  pid_user.o
    0x0800f8b4   0x0800f8b4   0x00000004   PAD
    0x0800f8b8   0x0800f8b8   0x00000074   Code   RO         2077    .text._ZN5ROBOT7CHASSIC12Chassic_ModeEv  chassic.o
    0x0800f92c   0x0800f92c   0x00000004   PAD
    0x0800f930   0x0800f930   0x00000074   Code   RO         2075    .text._ZN5ROBOT7CHASSIC12Chassic_MoveEv  chassic.o
    0x0800f9a4   0x0800f9a4   0x00000004   PAD
    0x0800f9a8   0x0800f9a8   0x00000078   Code   RO         2073    .text._ZN5ROBOT7CHASSIC14Omni_Move_CalcEv  chassic.o
    0x0800fa20   0x0800fa20   0x00000028   Code   RO         2179    .text._ZN7CAN_BUS3BSP11FDCAN_StartEP19FDCAN_HandleTypeDef  bsp_fdcan.o
    0x0800fa48   0x0800fa48   0x00000070   Code   RO         2181    .text._ZN7CAN_BUS3BSP11Filter_InitEP19FDCAN_HandleTypeDef  bsp_fdcan.o
    0x0800fab8   0x0800fab8   0x0000005e   Code   RO         1988    .text._ZN7CAN_BUS3CMD12FDCAN1_FrontEssss  fdcan_receive.o
    0x0800fb16   0x0800fb16   0x00000002   PAD
    0x0800fb18   0x0800fb18   0x0000005e   Code   RO         1990    .text._ZN7CAN_BUS3CMD13FDCAN1_BehindEssss  fdcan_receive.o
    0x0800fb76   0x0800fb76   0x00000002   PAD
    0x0800fb78   0x0800fb78   0x0000006a   Code   RO           19    .text.main          main.o
    0x0800fbe2   0x0800fbe2   0x00000006   PAD
    0x0800fbe8   0x0800fbe8   0x00000010   Code   RO         2646    .text.osDelay       cmsis_os.o
    0x0800fbf8   0x0800fbf8   0x0000000a   Code   RO         2628    .text.osKernelStart  cmsis_os.o
    0x0800fc02   0x0800fc02   0x00000006   PAD
    0x0800fc08   0x0800fc08   0x00000060   Code   RO         2634    .text.osThreadCreate  cmsis_os.o
    0x0800fc68   0x0800fc68   0x0000007e   Code   RO         2534    .text.prvAddCurrentTaskToDelayedList  tasks.o
    0x0800fce6   0x0800fce6   0x00000002   PAD
    0x0800fce8   0x0800fce8   0x000000fc   Code   RO         2524    .text.prvAddNewTaskToReadyList  tasks.o
    0x0800fde4   0x0800fde4   0x00000004   PAD
    0x0800fde8   0x0800fde8   0x00000086   Code   RO         2556    .text.prvIdleTask   tasks.o
    0x0800fe6e   0x0800fe6e   0x00000002   PAD
    0x0800fe70   0x0800fe70   0x0000011a   Code   RO         2522    .text.prvInitialiseNewTask  tasks.o
    0x0800ff8a   0x0800ff8a   0x00000006   PAD
    0x0800ff90   0x0800ff90   0x00000028   Code   RO         2776    .text.prvPortStartFirstTask  port.o
    0x0800ffb8   0x0800ffb8   0x00000040   Code   RO         2766    .text.prvTaskExitError  port.o
    0x0800fff8   0x0800fff8   0x000001f4   Code   RO         2742    .text.pvPortMalloc  heap_4.o
    0x080101ec   0x080101ec   0x00000004   PAD
    0x080101f0   0x080101f0   0x0000002c   Code   RO         2764    .text.pxPortInitialiseStack  port.o
    0x0801021c   0x0801021c   0x00000004   PAD
    0x08010220   0x08010220   0x0000001a   Code   RO           11    .text.startup_main  startup_main.o
    0x0801023a   0x0801023a   0x00000006   PAD
    0x08010240   0x08010240   0x0000006a   Code   RO         2602    .text.ulTaskNotifyTake  tasks.o
    0x080102aa   0x080102aa   0x00000006   PAD
    0x080102b0   0x080102b0   0x0000002a   Code   RO         2413    .text.uxListRemove  list.o
    0x080102da   0x080102da   0x00000006   PAD
    0x080102e0   0x080102e0   0x0000001a   Code   RO           44    .text.vApplicationGetIdleTaskMemory  freertos.o
    0x080102fa   0x080102fa   0x00000006   PAD
    0x08010300   0x08010300   0x00000016   Code   RO         2405    .text.vListInitialise  list.o
    0x08010316   0x08010316   0x00000002   PAD
    0x08010318   0x08010318   0x00000006   Code   RO         2407    .text.vListInitialiseItem  list.o
    0x0801031e   0x0801031e   0x00000002   PAD
    0x08010320   0x08010320   0x00000062   Code   RO         2411    .text.vListInsert   list.o
    0x08010382   0x08010382   0x00000006   PAD
    0x08010388   0x08010388   0x0000001c   Code   RO         2409    .text.vListInsertEnd  list.o
    0x080103a4   0x080103a4   0x00000004   PAD
    0x080103a8   0x080103a8   0x00000014   Code   RO         2774    .text.vPortEnableVFP  port.o
    0x080103bc   0x080103bc   0x00000004   PAD
    0x080103c0   0x080103c0   0x0000004a   Code   RO         2780    .text.vPortEnterCritical  port.o
    0x0801040a   0x0801040a   0x00000006   PAD
    0x08010410   0x08010410   0x0000002e   Code   RO         2782    .text.vPortExitCritical  port.o
    0x0801043e   0x0801043e   0x00000002   PAD
    0x08010440   0x08010440   0x000000d4   Code   RO         2744    .text.vPortFree     heap_4.o
    0x08010514   0x08010514   0x00000004   PAD
    0x08010518   0x08010518   0x00000034   Code   RO         2772    .text.vPortSetupTimerInterrupt  port.o
    0x0801054c   0x0801054c   0x00000004   PAD
    0x08010550   0x08010550   0x0000009e   Code   RO         2538    .text.vTaskDelay    tasks.o
    0x080105ee   0x080105ee   0x00000002   PAD
    0x080105f0   0x080105f0   0x000000e6   Code   RO         2530    .text.vTaskDelayUntil  tasks.o
    0x080106d6   0x080106d6   0x00000002   PAD
    0x080106d8   0x080106d8   0x00000106   Code   RO         2528    .text.vTaskDelete   tasks.o
    0x080107de   0x080107de   0x00000002   PAD
    0x080107e0   0x080107e0   0x000000cc   Code   RO         2554    .text.vTaskStartScheduler  tasks.o
    0x080108ac   0x080108ac   0x00000004   PAD
    0x080108b0   0x080108b0   0x00000010   Code   RO         2532    .text.vTaskSuspendAll  tasks.o
    0x080108c0   0x080108c0   0x0000006e   Code   RO         2548    .text.vTaskSwitchContext  tasks.o
    0x0801092e   0x0801092e   0x00000002   PAD
    0x08010930   0x08010930   0x0000018a   Code   RO         2770    .text.xPortStartScheduler  port.o
    0x08010aba   0x08010aba   0x00000006   PAD
    0x08010ac0   0x08010ac0   0x0000002e   Code   RO         2786    .text.xPortSysTickHandler  port.o
    0x08010aee   0x08010aee   0x00000002   PAD
    0x08010af0   0x08010af0   0x00000060   Code   RO         2526    .text.xTaskCreate   tasks.o
    0x08010b50   0x08010b50   0x0000007a   Code   RO         2520    .text.xTaskCreateStatic  tasks.o
    0x08010bca   0x08010bca   0x00000006   PAD
    0x08010bd0   0x08010bd0   0x00000118   Code   RO         2606    .text.xTaskGenericNotify  tasks.o
    0x08010ce8   0x08010ce8   0x0000001c   Code   RO         2590    .text.xTaskGetSchedulerState  tasks.o
    0x08010d04   0x08010d04   0x00000004   PAD
    0x08010d08   0x08010d08   0x0000000c   Code   RO         2562    .text.xTaskGetTickCount  tasks.o
    0x08010d14   0x08010d14   0x00000004   PAD
    0x08010d18   0x08010d18   0x00000106   Code   RO         2560    .text.xTaskIncrementTick  tasks.o
    0x08010e1e   0x08010e1e   0x00000002   PAD
    0x08010e20   0x08010e20   0x000000ea   Code   RO         2536    .text.xTaskResumeAll  tasks.o
    0x08010f0a   0x08010f0a   0x0000001a   Code   RO         3068    x$fpl$fpinit        fz_wv.l(fpinit.o)
    0x08010f24   0x08010f24   0x0000004c   Data   RO         1443    .rodata..L__const.HAL_FDCAN_Init.CvtEltSize  stm32h7xx_hal_fdcan.o
    0x08010f70   0x08010f70   0x0000001c   Data   RO           63    .rodata..L__const.MX_FREERTOS_Init.os_thread_def_defaultTask  freertos.o
    0x08010f8c   0x08010f8c   0x00000006   Data   RO         1919    .rodata..Lswitch.table.UART_SetConfig.7  stm32h7xx_hal_uart.o
    0x08010f92   0x08010f92   0x00000006   Data   RO         1920    .rodata..Lswitch.table.UART_SetConfig.9  stm32h7xx_hal_uart.o
    0x08010f98   0x08010f98   0x00000010   Data   RO         1976    .rodata.D1CorePrescTable  system_stm32h7xx.o
    0x08010fa8   0x08010fa8   0x00000018   Data   RO         1918    .rodata.UARTPrescTable  stm32h7xx_hal_uart.o
    0x08010fc0   0x08010fc0   0x00000010   Data   RO         1444    .rodata.cst16       stm32h7xx_hal_fdcan.o
    0x08010fd0   0x08010fd0   0x00000010   Data   RO         1961    .rodata.cst8        stm32h7xx_hal_uart_ex.o
    0x08010fe0   0x08010fe0   0x0000004b   Data   RO           62    .rodata.str1.1      freertos.o
    0x0801102b   0x0801102b   0x00000001   PAD
    0x0801102c   0x0801102c   0x00000030   Data   RO         3129    Region$$Table       anon$$obj.o


    Execution Region RW_IRAM1 (Exec base: 0x20000000, Load base: 0x0801105c, Size: 0x00003c00, Max: 0x00020000, ABSOLUTE)

    Exec Addr    Load Addr    Size         Type   Attr      Idx    E Section Name        Object

    0x20000000        -       0x00003c00   Zero   RW         2754    .bss.ucHeap         heap_4.o


    Execution Region RW_IRAM2 (Exec base: 0x24000000, Load base: 0x08011060, Size: 0x000036e8, Max: 0x00020000, ABSOLUTE)

    Exec Addr    Load Addr    Size         Type   Attr      Idx    E Section Name        Object

    0x24000000   0x08011060   0x00000008   Data   RW         1038    .data..L_MergedGlobals  stm32h7xx_hal.o
    0x24000008   0x08011068   0x00000008   Data   RW         1977    .data..L_MergedGlobals  system_stm32h7xx.o
    0x24000010   0x08011070   0x00000024   Data   RW         2054    .data..L_MergedGlobals  pid_user.o
    0x24000034   0x08011094   0x00000020   Data   RW         2265    .data.HS_Desc       usbd_desc.o
    0x24000054   0x080110b4   0x00000038   Data   RW         2929    .data.USBD_CDC      usbd_cdc.o
    0x2400008c   0x080110ec   0x00000043   Data   RW         2931    .data.USBD_CDC_CfgDesc  usbd_cdc.o
    0x240000cf   0x0801112f   0x00000001   PAD
    0x240000d0   0x08011130   0x0000000a   Data   RW         2930    .data.USBD_CDC_DeviceQualifierDesc  usbd_cdc.o
    0x240000da   0x0801113a   0x00000002   PAD
    0x240000dc   0x0801113c   0x00000012   Data   RW         2266    .data.USBD_HS_DeviceDesc  usbd_desc.o
    0x240000ee   0x0801114e   0x00000002   PAD
    0x240000f0   0x08011150   0x00000014   Data   RW         2293    .data.USBD_Interface_fops_HS  usbd_cdc_if.o
    0x24000104   0x08011164   0x00000004   Data   RW         2268    .data.USBD_LangIDDesc  usbd_desc.o
    0x24000108   0x08011168   0x0000001a   Data   RW         2269    .data.USBD_StringSerial  usbd_desc.o
    0x24000122   0x08011182   0x00000001   Data   RW         2148    .data._ZZ10Judge_ballE10last_state  my_task.o
    0x24000123   0x08011183   0x00000001   PAD
    0x24000124   0x08011184   0x00000004   Data   RW         2790    .data.uxCriticalNesting  port.o
    0x24000128        -       0x00000060   Zero   RW         2994    .bss                c_w.l(libspace.o)
    0x24000188        -       0x00000018   Zero   RW           64    .bss..L_MergedGlobals  freertos.o
    0x240001a0        -       0x0000000c   Zero   RW         2108    .bss..L_MergedGlobals  communition.o
    0x240001ac        -       0x0000000c   Zero   RW         2149    .bss..L_MergedGlobals  my_task.o
    0x240001b8        -       0x00000006   Zero   RW         2231    .bss..L_MergedGlobals  bsp_usart.o
    0x240001be   0x08011188   0x00000002   PAD
    0x240001c0        -       0x00000078   Zero   RW         2617    .bss..L_MergedGlobals  tasks.o
    0x24000238        -       0x00000020   Zero   RW         2755    .bss..L_MergedGlobals  heap_4.o
    0x24000258        -       0x00000008   Zero   RW         2791    .bss..L_MergedGlobals  port.o
    0x24000260        -       0x00000050   Zero   RW         2055    .bss..L_MergedGlobals.1  pid_user.o
    0x240002b0        -       0x00000028   Zero   RW         2618    .bss..L_MergedGlobals.2  tasks.o
    0x240002d8        -       0x00000004   Zero   RW           92    .bss.HAL_RCC_FDCAN_CLK_ENABLED  fdcan.o
    0x240002dc        -       0x00000004   Zero   RW         2227    .bss.N5065_traget_speed  bsp_usart.o
    0x240002e0        -       0x00000001   Zero   RW         2868    .bss.USBD_SetConfig.cfgidx  usbd_ctlreq.o
    0x240002e1   0x08011188   0x00000003   PAD
    0x240002e4        -       0x00000200   Zero   RW         2270    .bss.USBD_StrDesc   usbd_desc.o
    0x240004e4        -       0x00000220   Zero   RW         2367    .bss.USBD_static_malloc.mem  usbd_conf.o
    0x24000704        -       0x00000800   Zero   RW         2294    .bss.UserRxBufferHS  usbd_cdc_if.o
    0x24000f04        -       0x00000800   Zero   RW         2295    .bss.UserTxBufferHS  usbd_cdc_if.o
    0x24001704        -       0x0000012c   Zero   RW         2230    .bss._ZZ12Receive_dataE4Buff  bsp_usart.o
    0x24001830        -       0x0000012c   Zero   RW         2107    .bss._ZZ18Receive_From_upperE3Buf  communition.o
    0x2400195c        -       0x0000002c   Zero   RW         2106    .bss.all_rxbuff     communition.o
    0x24001988        -       0x000001c4   Zero   RW         2000    .bss.can_bus        fdcan_receive.o
    0x24001b4c        -       0x00000007   Zero   RW         2229    .bss.data_buf       bsp_usart.o
    0x24001b53   0x08011188   0x00000001   PAD
    0x24001b54        -       0x000002dc   Zero   RW         2242    .bss.hUsbDeviceHS   usb_device.o
    0x24001e30        -       0x00000078   Zero   RW          109    .bss.hdma_i2c2_rx   i2c.o
    0x24001ea8        -       0x00000078   Zero   RW          108    .bss.hdma_i2c2_tx   i2c.o
    0x24001f20        -       0x00000078   Zero   RW          159    .bss.hdma_uart5_rx  usart.o
    0x24001f98        -       0x000000a0   Zero   RW           90    .bss.hfdcan1        fdcan.o
    0x24002038        -       0x000000a0   Zero   RW           91    .bss.hfdcan2        fdcan.o
    0x240020d8        -       0x00000054   Zero   RW          107    .bss.hi2c2          i2c.o
    0x2400212c        -       0x000004e4   Zero   RW         2366    .bss.hpcd_USB_OTG_HS  usbd_conf.o
    0x24002610        -       0x0000004c   Zero   RW          134    .bss.htim12         tim.o
    0x2400265c        -       0x0000004c   Zero   RW          133    .bss.htim7          tim.o
    0x240026a8        -       0x00000094   Zero   RW          158    .bss.huart1         usart.o
    0x2400273c        -       0x00000094   Zero   RW          155    .bss.huart5         usart.o
    0x240027d0        -       0x00000094   Zero   RW          156    .bss.huart7         usart.o
    0x24002864        -       0x00000094   Zero   RW          157    .bss.huart9         usart.o
    0x240028f8        -       0x00000260   Zero   RW         2048    .bss.pid_pos_1      pid_user.o
    0x24002b58        -       0x00000260   Zero   RW         2047    .bss.pid_v_1        pid_user.o
    0x24002db8        -       0x0000008c   Zero   RW         2616    .bss.pxReadyTasksLists  tasks.o
    0x24002e44        -       0x00000048   Zero   RW         2081    .bss.robot          chassic.o
    0x24002e8c        -       0x00000004   Zero   RW         1037    .bss.uwTick         stm32h7xx_hal.o
    0x24002e90        -       0x00000200   Zero   RW           61    .bss.xIdleStack     freertos.o
    0x24003090        -       0x00000054   Zero   RW           60    .bss.xIdleTaskTCBBuffer  freertos.o
    0x240030e4   0x08011188   0x00000004   PAD
    0x240030e8        -       0x00000200   Zero   RW            2    HEAP                startup_stm32h723xx.o
    0x240032e8        -       0x00000400   Zero   RW            1    STACK               startup_stm32h723xx.o


==============================================================================

Image component sizes


      Code (inc. data)   RO Data    RW Data    ZI Data      Debug   Object Name

       152          0          0          0          0      16396   bsp_fdcan.o
       640          6          0          0        317      22484   bsp_usart.o
       352         24          0          0         72      19040   chassic.o
       122          0          0          0          0      24976   cmsis_os.o
       762         10          0          0        356      26677   communition.o
        84          0          0          0          0       5389   dma.o
       170          0          0          0          0      17444   dr16.o
       524          0          0          0        324      11873   fdcan.o
       470          0          0          0        452      19968   fdcan_receive.o
       430        140        103          0        620       4443   freertos.o
       272          0          0          0          0       3281   gpio.o
       712          0          0          0      15392       5718   heap_4.o
       378          0          0          0        324      11637   i2c.o
       196          0          0          0          0       2312   list.o
       324          0          0          0          0       4047   main.o
       160         24          0          0          0      18779   mt6701.o
      1176         28          0          1         12      22487   my_task.o
       386          4          0          0          0      15672   pid.o
       730         52          0         36       1296      19158   pid_user.o
       916         16          0          4          8       4308   port.o
        26          0          0          0          0      17212   startup_main.o
        72         30        716          0       1536        844   startup_stm32h723xx.o
       274          0          0          8          4      15921   stm32h7xx_hal.o
       354          0          0          0          0      12399   stm32h7xx_hal_cortex.o
      7734         12          0          0          0      17921   stm32h7xx_hal_dma.o
      3064          0         92          0          0      61467   stm32h7xx_hal_fdcan.o
       438          0          0          0          0       6997   stm32h7xx_hal_gpio.o
      6084          0          0          0          0      62636   stm32h7xx_hal_i2c.o
       146          0          0          0          0       7571   stm32h7xx_hal_i2c_ex.o
        42          0          0          0          0       5426   stm32h7xx_hal_msp.o
      3790          0          0          0          0      17434   stm32h7xx_hal_pcd.o
       266          0          0          0          0       6363   stm32h7xx_hal_pcd_ex.o
        94          0          0          0          0       9624   stm32h7xx_hal_pwr_ex.o
      2488         16          0          0          0      11347   stm32h7xx_hal_rcc.o
      3946        138          0          0          0      19712   stm32h7xx_hal_rcc_ex.o
      2784         24          0          0          0      65798   stm32h7xx_hal_tim.o
       228          0          0          0          0      26263   stm32h7xx_hal_tim_ex.o
      9824        332         36          0          0      43575   stm32h7xx_hal_uart.o
       348          0         16          0          0      11546   stm32h7xx_hal_uart_ex.o
       156          0          0          0          0      14408   stm32h7xx_it.o
      4988          0          0          0          0      40125   stm32h7xx_ll_usb.o
       254          0         16          8          0       5624   system_stm32h7xx.o
      2914         14          0          0        300      29199   tasks.o
       388          0          0          0        152      11976   tim.o
       488         32          0          0          0      19057   timer_user.o
      1164          0          0          0        712      12939   usart.o
       108          0          0          0        732       3267   usb_device.o
      1164         12          0        133          0      11753   usbd_cdc.o
        84          0          0         20       4096       5045   usbd_cdc_if.o
       778          0          0          0       1796      22441   usbd_conf.o
       998          0          0          0          0      11195   usbd_core.o
      1644         36          0          0          1      10216   usbd_ctlreq.o
       562         72          0         80        512       4361   usbd_desc.o
       132          0          0          0          0       4734   usbd_ioreq.o

    ----------------------------------------------------------------------
     68026       1078       1028        296      29024     902485   Object Totals
         0          0         48          0          0          0   (incl. Generated)
      1246         56          1          6         10          0   (incl. Padding)

    ----------------------------------------------------------------------

      Code (inc. data)   RO Data    RW Data    ZI Data      Debug   Library Member Name

         8          0          0          0          0         68   __main.o
         0          0          0          0          0          0   __rtentry.o
        12          0          0          0          0          0   __rtentry2.o
         6          0          0          0          0          0   __rtentry4.o
        94          8          0          0          0          0   __scatter.o
        26          0          0          0          0          0   __scatter_copy.o
        28          0          0          0          0          0   __scatter_zi.o
        18          0          0          0          0         80   exit.o
         6          0          0          0          0        152   heapauxi.o
         0          0          0          0          0          0   indicate_semi.o
         2          0          0          0          0          0   libinit.o
         6          0          0          0          0          0   libinit2.o
         2          0          0          0          0          0   libshutdown.o
         2          0          0          0          0          0   libshutdown2.o
         8          4          0          0         96         68   libspace.o
       240          0          0          0          0        100   lludivv7m.o
        78          0          0          0          0         80   rt_memclr_w.o
         2          0          0          0          0          0   rtexit.o
        10          0          0          0          0          0   rtexit2.o
        12          4          0          0          0         68   sys_exit.o
        74          0          0          0          0         80   sys_stackheap_outer.o
         2          0          0          0          0         68   use_no_semi.o
        26          0          0          0          0        116   fpinit.o

    ----------------------------------------------------------------------
       670         16          0          0         96        880   Library Totals
         8          0          0          0          0          0   (incl. Padding)

    ----------------------------------------------------------------------

      Code (inc. data)   RO Data    RW Data    ZI Data      Debug   Library Name

       636         16          0          0         96        764   c_w.l
        26          0          0          0          0        116   fz_wv.l

    ----------------------------------------------------------------------
       670         16          0          0         96        880   Library Totals

    ----------------------------------------------------------------------

==============================================================================


      Code (inc. data)   RO Data    RW Data    ZI Data      Debug   

     68696       1094       1028        296      29120     902133   Grand Totals
     68696       1094       1028        296      29120     902133   ELF Image Totals
     68696       1094       1028        296          0          0   ROM Totals

==============================================================================

    Total RO  Size (Code + RO Data)                69724 (  68.09kB)
    Total RW  Size (RW Data + ZI Data)             29416 (  28.73kB)
    Total ROM Size (Code + RO Data + RW Data)      70020 (  68.38kB)

==============================================================================

